
00:00 +0: loading C:/Users/Guusv/Documents/Semester 5/Wildlife/wildrapport/test/business/animal_counting_tests/animal_counting_screen_test.dart                                                        
00:01 +0: loading C:/Users/Guusv/Documents/Semester 5/Wildlife/wildrapport/test/business/animal_counting_tests/animal_counting_screen_test.dart                                                        
00:02 +0: loading C:/Users/Guusv/Documents/Semester 5/Wildlife/wildrapport/test/business/animal_counting_tests/animal_counting_screen_test.dart                                                        
00:02 +0: C:/Users/Guusv/Documents/Semester ... AnimalCountingScreen UI Tests renders screen title and bottom navigation                                                                               
00:02 +1: C:/Users/Guusv/Documents/Semester ... AnimalCountingScreen UI Tests renders screen title and bottom navigation                                                                               
00:02 +2: C:/Users/Guusv/Documents/Semester ... AnimalCountingScreen UI Tests renders screen title and bottom navigation                                                                               
00:02 +3: C:/Users/Guusv/Documents/Semester ... AnimalCountingScreen UI Tests renders screen title and bottom navigation                                                                               
00:02 +4: C:/Users/Guusv/Documents/Semester ... AnimalCountingScreen UI Tests renders screen title and bottom navigation                                                                               
00:02 +4: C:/Users/Guusv/Documents/Semester 5/Wildlife/wildrapport/test/business/animal_tests/animal_manager_test.dart: AnimalManager should fetch animals from API when cache is empty                
[AnimalManager] species fetched: 3
[AnimalManager] Animal: Wolf -> Path: assets/images/color-animals/wolf.png
[AnimalManager] Animal: Vos -> Path: assets/images/color-animals/vos.png
[AnimalManager] Animal: Ree -> Path: assets/images/color-animals/ree.png

00:02 +5: C:/Users/Guusv/Documents/Semester ... AnimalCountingScreen UI Tests renders screen title and bottom navigation                                                                               
00:02 +5: C:/Users/Guusv/Documents/Semester 5/Wildlife/wildrapport/test/business/animal_tests/animal_manager_test.dart: AnimalManager should use cached animals when available                         
[AnimalManager] species fetched: 3
[AnimalManager] Animal: Wolf -> Path: assets/images/color-animals/wolf.png
[AnimalManager] Animal: Vos -> Path: assets/images/color-animals/vos.png
[AnimalManager] Animal: Ree -> Path: assets/images/color-animals/ree.png

00:02 +6: C:/Users/Guusv/Documents/Semester ... AnimalCountingScreen UI Tests renders screen title and bottom navigation                                                                               
00:02 +6: C:/Users/Guusv/Documents/Semester 5/Wildlife/wildrapport/test/business/animal_tests/animal_manager_test.dart: AnimalManager should filter animals based on current filter                    
[AnimalManager] species fetched: 3
[AnimalManager] Animal: Wolf -> Path: assets/images/color-animals/wolf.png
[AnimalManager] Animal: Vos -> Path: assets/images/color-animals/vos.png
[AnimalManager] Animal: Ree -> Path: assets/images/color-animals/ree.png

00:02 +7: C:/Users/Guusv/Documents/Semester ... AnimalCountingScreen UI Tests renders screen title and bottom navigation                                                                               
00:02 +8: C:/Users/Guusv/Documents/Semester ... AnimalCountingScreen UI Tests renders screen title and bottom navigation                                                                               
00:02 +8: C:/Users/Guusv/Documents/Semester 5/Wildlife/wildrapport/test/business/animal_tests/animal_manager_test.dart: AnimalManager should search animals by name                                    
[AnimalManager] species fetched: 3
[AnimalManager] Animal: Wolf -> Path: assets/images/color-animals/wolf.png
[AnimalManager] Animal: Vos -> Path: assets/images/color-animals/vos.png
[AnimalManager] Animal: Ree -> Path: assets/images/color-animals/ree.png

00:02 +9: C:/Users/Guusv/Documents/Semester ... AnimalCountingScreen UI Tests renders screen title and bottom navigation                                                                               
00:02 +9: C:/Users/Guusv/Documents/Semester 5/Wildlife/wildrapport/test/business/animal_tests/animal_manager_test.dart: AnimalManager should handle animal selection correctly                         
Selected animal: Wolf

00:02 +10: C:/Users/Guusv/Documents/Semester ... AnimalCountingScreen UI Tests renders screen title and bottom navigation                                                                              
00:02 +10: C:/Users/Guusv/Documents/Semester 5/Wildlife/wildrapport/test/business/animal_tests/animal_manager_test.dart: AnimalManager should apply search term regardless of filter                   
[AnimalManager] species fetched: 3
[AnimalManager] Animal: Wolf -> Path: assets/images/color-animals/wolf.png
[AnimalManager] Animal: Vos -> Path: assets/images/color-animals/vos.png
[AnimalManager] Animal: Ree -> Path: assets/images/color-animals/ree.png

00:02 +11: C:/Users/Guusv/Documents/Semester ... AnimalCountingScreen UI Tests renders screen title and bottom navigation                                                                              
00:02 +11: C:/Users/Guusv/Documents/Semester 5/Wildlife/wildrapport/test/business/animal_tests/animal_manager_test.dart: AnimalManager should clear search term when empty string is provided          
[AnimalManager] species fetched: 3
[AnimalManager] Animal: Wolf -> Path: assets/images/color-animals/wolf.png
[AnimalManager] Animal: Vos -> Path: assets/images/color-animals/vos.png
[AnimalManager] Animal: Ree -> Path: assets/images/color-animals/ree.png

00:02 +12: C:/Users/Guusv/Documents/Semester ... AnimalCountingScreen UI Tests renders screen title and bottom navigation                                                                              
00:02 +12: C:/Users/Guusv/Documents/Semester 5/Wildlife/wildrapport/test/business/animal_tests/animal_manager_test.dart: AnimalManager should handle API errors gracefully                             
[AnimalManager] Error fetching animals: Exception: API error

00:02 +13: C:/Users/Guusv/Documents/Semester ... AnimalCountingScreen UI Tests renders screen title and bottom navigation                                                                              
00:02 +14: C:/Users/Guusv/Documents/Semester ... AnimalCountingScreen UI Tests renders screen title and bottom navigation                                                                              
00:02 +14: C:/Users/Guusv/Documents/Semester 5/Wildlife/wildrapport/test/business/animal_tests/animal_manager_test.dart: AnimalManager should return unfiltered animals when filter is not recognized  
[AnimalManager] species fetched: 3
[AnimalManager] Animal: Wolf -> Path: assets/images/color-animals/wolf.png
[AnimalManager] Animal: Vos -> Path: assets/images/color-animals/vos.png
[AnimalManager] Animal: Ree -> Path: assets/images/color-animals/ree.png

00:02 +15: C:/Users/Guusv/Documents/Semester ... AnimalCountingScreen UI Tests renders screen title and bottom navigation                                                                              
00:02 +15: C:/Users/Guusv/Documents/Semester 5/Wildlife/wildrapport/test/business/animal_tests/animal_manager_test.dart: AnimalManager should return most viewed animals when most viewed filter is selected
[AnimalManager] species fetched: 3
[AnimalManager] Animal: Wolf -> Path: assets/images/color-animals/wolf.png
[AnimalManager] Animal: Vos -> Path: assets/images/color-animals/vos.png
[AnimalManager] Animal: Ree -> Path: assets/images/color-animals/ree.png

00:02 +16: C:/Users/Guusv/Documents/Semester ... AnimalCountingScreen UI Tests renders screen title and bottom navigation                                                                              
00:02 +17: C:/Users/Guusv/Documents/Semester ... AnimalCountingScreen UI Tests renders screen title and bottom navigation                                                                              
00:03 +17: C:/Users/Guusv/Documents/Semester ... AnimalCountingScreen UI Tests renders screen title and bottom navigation                                                                              
00:03 +18: C:/Users/Guusv/Documents/Semester ... AnimalCountingScreen UI Tests renders screen title and bottom navigation                                                                              
00:03 +18: C:/Users/Guusv/Documents/Semester 5/Wildlife/wildrapport/test/business/animal_tests/animal_manager_test.dart: AnimalManager should handle empty search results                              
[AnimalManager] species fetched: 3
[AnimalManager] Animal: Wolf -> Path: assets/images/color-animals/wolf.png
[AnimalManager] Animal: Vos -> Path: assets/images/color-animals/vos.png
[AnimalManager] Animal: Ree -> Path: assets/images/color-animals/ree.png

00:03 +19: C:/Users/Guusv/Documents/Semester ... AnimalCountingScreen UI Tests renders screen title and bottom navigation                                                                              
00:03 +19: C:/Users/Guusv/Documents/Semester 5/Wildlife/wildrapport/test/business/animal_tests/animal_manager_test.dart: AnimalManager should prioritize search over filter when both are set          
[AnimalManager] species fetched: 3
[AnimalManager] Animal: Wolf -> Path: assets/images/color-animals/wolf.png
[AnimalManager] Animal: Vos -> Path: assets/images/color-animals/vos.png
[AnimalManager] Animal: Ree -> Path: assets/images/color-animals/ree.png

00:03 +20: C:/Users/Guusv/Documents/Semester ... AnimalCountingScreen UI Tests renders screen title and bottom navigation                                                                              
00:03 +20: C:/Users/Guusv/Documents/Semester 5/Wildlife/wildrapport/test/business/animal_tests/animal_manager_test.dart: AnimalManager should handle null cached animals gracefully                    
[AnimalManager] species fetched: 3
[AnimalManager] Animal: Wolf -> Path: assets/images/color-animals/wolf.png
[AnimalManager] Animal: Vos -> Path: assets/images/color-animals/vos.png
[AnimalManager] Animal: Ree -> Path: assets/images/color-animals/ree.png

00:03 +21: C:/Users/Guusv/Documents/Semester ... AnimalCountingScreen UI Tests renders screen title and bottom navigation                                                                              
00:03 +21: C:/Users/Guusv/Documents/Semester 5/Wildlife/wildrapport/test/business/animal_tests/animal_manager_test.dart: AnimalManager should include all species from API in results                  
[AnimalManager] species fetched: 3
[AnimalManager] Animal: Wolf -> Path: assets/images/color-animals/wolf.png
[AnimalManager] Animal: Vos -> Path: assets/images/color-animals/vos.png
[AnimalManager] Animal: Ree -> Path: assets/images/color-animals/ree.png

00:03 +22: C:/Users/Guusv/Documents/Semester ... AnimalCountingScreen UI Tests renders screen title and bottom navigation                                                                              
00:03 +22: C:/Users/Guusv/Documents/Semester 5/Wildlife/wildrapport/test/business/animal_tests/animal_manager_test.dart: AnimalManager should search animals using contains (partial match)            
[AnimalManager] species fetched: 3
[AnimalManager] Animal: Wolf -> Path: assets/images/color-animals/wolf.png
[AnimalManager] Animal: Vos -> Path: assets/images/color-animals/vos.png
[AnimalManager] Animal: Ree -> Path: assets/images/color-animals/ree.png

00:03 +23: C:/Users/Guusv/Documents/Semester ... AnimalCountingScreen UI Tests renders screen title and bottom navigation                                                                              
00:03 +23: C:/Users/Guusv/Documents/Semester 5/Wildlife/wildrapport/test/business/animal_tests/animal_manager_test.dart: AnimalManager should handle case-insensitive search                           
[AnimalManager] species fetched: 3
[AnimalManager] Animal: Wolf -> Path: assets/images/color-animals/wolf.png
[AnimalManager] Animal: Vos -> Path: assets/images/color-animals/vos.png
[AnimalManager] Animal: Ree -> Path: assets/images/color-animals/ree.png

00:03 +24: C:/Users/Guusv/Documents/Semester ... AnimalCountingScreen UI Tests renders screen title and bottom navigation                                                                              
00:03 +24: C:/Users/Guusv/Documents/Semester 5/Wildlife/wildrapport/test/business/animal_tests/animal_manager_test.dart: AnimalManager should handle search with special characters                    
[AnimalManager] species fetched: 3
[AnimalManager] Animal: Wolf -> Path: assets/images/color-animals/wolf.png
[AnimalManager] Animal: Vos -> Path: assets/images/color-animals/vos.png
[AnimalManager] Animal: Ree -> Path: assets/images/color-animals/ree.png

00:03 +25: C:/Users/Guusv/Documents/Semester ... AnimalCountingScreen UI Tests renders screen title and bottom navigation                                                                              
00:03 +25: C:/Users/Guusv/Documents/Semester 5/Wildlife/wildrapport/test/business/animal_tests/animal_manager_test.dart: AnimalManager should handle consecutive search term updates                   
[AnimalManager] species fetched: 3
[AnimalManager] Animal: Wolf -> Path: assets/images/color-animals/wolf.png
[AnimalManager] Animal: Vos -> Path: assets/images/color-animals/vos.png
[AnimalManager] Animal: Ree -> Path: assets/images/color-animals/ree.png

00:03 +26: C:/Users/Guusv/Documents/Semester ... AnimalCountingScreen UI Tests renders screen title and bottom navigation                                                                              
00:03 +26: C:/Users/Guusv/Documents/Semester 5/Wildlife/wildrapport/test/business/animal_tests/animal_manager_test.dart: AnimalManager should handle filter change after search is set                 
[AnimalManager] species fetched: 3
[AnimalManager] Animal: Wolf -> Path: assets/images/color-animals/wolf.png
[AnimalManager] Animal: Vos -> Path: assets/images/color-animals/vos.png
[AnimalManager] Animal: Ree -> Path: assets/images/color-animals/ree.png

00:03 +27: C:/Users/Guusv/Documents/Semester ... AnimalCountingScreen UI Tests renders screen title and bottom navigation                                                                              
00:03 +27: C:/Users/Guusv/Documents/Semester 5/Wildlife/wildrapport/test/business/animal_tests/animal_manager_test.dart: AnimalManager should reset to filter when search term is cleared              
[AnimalManager] species fetched: 3
[AnimalManager] Animal: Wolf -> Path: assets/images/color-animals/wolf.png
[AnimalManager] Animal: Vos -> Path: assets/images/color-animals/vos.png
[AnimalManager] Animal: Ree -> Path: assets/images/color-animals/ree.png

00:03 +28: C:/Users/Guusv/Documents/Semester ... AnimalCountingScreen UI Tests renders screen title and bottom navigation                                                                              
00:03 +29: C:/Users/Guusv/Documents/Semester 5/Wildlife/wildrapport/test/business/category_tests/category_screen_test.dart: CategoryScreen renders and category buttons are clickable                  
00:03 +30: C:/Users/Guusv/Documents/Semester 5/Wildlife/wildrapport/test/business/category_tests/category_screen_test.dart: CategoryScreen renders and category buttons are clickable                  
00:03 +31: C:/Users/Guusv/Documents/Semester 5/Wildlife/wildrapport/test/business/category_tests/category_screen_test.dart: CategoryScreen renders and category buttons are clickable                  
00:03 +31: C:/Users/Guusv/Documents/Semester 5/Wildlife/wildrapport/test/business/animal_counting_tests/animal_counting_screen_test.dart: AnimalCountingScreen UI Tests navigation occurs when adding animal to list
CustomBottomAppBar: Next button pressed

00:03 +32: C:/Users/Guusv/Documents/Semester 5/Wildlife/wildrapport/test/business/category_tests/category_screen_test.dart: CategoryScreen renders and category buttons are clickable                  
00:03 +33: C:/Users/Guusv/Documents/Semester 5/Wildlife/wildrapport/test/business/category_tests/category_screen_test.dart: CategoryScreen renders and category buttons are clickable                  
00:03 +33: C:/Users/Guusv/Documents/Semester 5/Wildlife/wildrapport/test/business/managers/animal_sighting_reporting_manager_test.dart: AnimalSightingReportingManager should update selected animal   
[animalSightingManager] Updating selected animal.  Previous state: {animals: [], animalSelected: null, reportType: null, animalCount: null, cropType: null, expectedLoss: null, preventiveMeasures: null, preventiveMeasuresDescription: null, accidentSeverity: null, animalConditionDieraanrijding: null, additionalInfo: null, category: null, humanActivity: null, humanActivityOther: null, perceivedAnimalActivity: null, perceivedAnimalActivityOther: null, description: null, locations: [], dateTime: null, images: null}
[animalSightingManager] Updating selected animal.  New state: {animals: [], animalSelected: {animalId: 1, animalImagePath: path/to/wolf.png, animalName: Wolf, condition: null, genderViewCounts: []}, reportType: null, animalCount: null, cropType: null, expectedLoss: null, preventiveMeasures: null, preventiveMeasuresDescription: null, accidentSeverity: null, animalConditionDieraanrijding: null, additionalInfo: null, category: null, humanActivity: null, humanActivityOther: null, perceivedAnimalActivity: null, perceivedAnimalActivityOther: null, description: null, locations: [], dateTime: null, images: null}

00:03 +34: C:/Users/Guusv/Documents/Semester 5/Wildlife/wildrapport/test/business/category_tests/category_screen_test.dart: CategoryScreen renders and category buttons are clickable                  
00:03 +34: C:/Users/Guusv/Documents/Semester 5/Wildlife/wildrapport/test/business/managers/animal_sighting_reporting_manager_test.dart: AnimalSightingReportingManager should update gender            
[animalSightingManager] Updating selected animal.  Previous state: {animals: [], animalSelected: null, reportType: null, animalCount: null, cropType: null, expectedLoss: null, preventiveMeasures: null, preventiveMeasuresDescription: null, accidentSeverity: null, animalConditionDieraanrijding: null, additionalInfo: null, category: null, humanActivity: null, humanActivityOther: null, perceivedAnimalActivity: null, perceivedAnimalActivityOther: null, description: null, locations: [], dateTime: null, images: null}
[animalSightingManager] Updating selected animal.  New state: {animals: [], animalSelected: {animalId: 1, animalImagePath: path/to/wolf.png, animalName: Wolf, condition: null, genderViewCounts: []}, reportType: null, animalCount: null, cropType: null, expectedLoss: null, preventiveMeasures: null, preventiveMeasuresDescription: null, accidentSeverity: null, animalConditionDieraanrijding: null, additionalInfo: null, category: null, humanActivity: null, humanActivityOther: null, perceivedAnimalActivity: null, perceivedAnimalActivityOther: null, description: null, locations: [], dateTime: null, images: null}

00:03 +35: C:/Users/Guusv/Documents/Semester 5/Wildlife/wildrapport/test/business/category_tests/category_screen_test.dart: CategoryScreen renders and category buttons are clickable                  
00:03 +35: C:/Users/Guusv/Documents/Semester 5/Wildlife/wildrapport/test/business/managers/animal_sighting_reporting_manager_test.dart: AnimalSightingReportingManager should update category          
[AnimalSightingManager] Updating category.  Previous state: {animals: [], animalSelected: null, reportType: null, animalCount: null, cropType: null, expectedLoss: null, preventiveMeasures: null, preventiveMeasuresDescription: null, accidentSeverity: null, animalConditionDieraanrijding: null, additionalInfo: null, category: null, humanActivity: null, humanActivityOther: null, perceivedAnimalActivity: null, perceivedAnimalActivityOther: null, description: null, locations: [], dateTime: null, images: null}
[AnimalSightingManager] Updating category.  New state: {animals: [], animalSelected: null, reportType: null, animalCount: null, cropType: null, expectedLoss: null, preventiveMeasures: null, preventiveMeasuresDescription: null, accidentSeverity: null, animalConditionDieraanrijding: null, additionalInfo: null, category: AnimalCategory.roofdieren, humanActivity: null, humanActivityOther: null, perceivedAnimalActivity: null, perceivedAnimalActivityOther: null, description: null, locations: [], dateTime: null, images: null}

00:03 +36: C:/Users/Guusv/Documents/Semester 5/Wildlife/wildrapport/test/business/category_tests/category_screen_test.dart: CategoryScreen renders and category buttons are clickable                  
00:03 +36: C:/Users/Guusv/Documents/Semester 5/Wildlife/wildrapport/test/business/managers/animal_sighting_reporting_manager_test.dart: AnimalSightingReportingManager should finalize animal and add to animals list
[animalSightingManager] Updating selected animal.  Previous state: {animals: [], animalSelected: null, reportType: null, animalCount: null, cropType: null, expectedLoss: null, preventiveMeasures: null, preventiveMeasuresDescription: null, accidentSeverity: null, animalConditionDieraanrijding: null, additionalInfo: null, category: null, humanActivity: null, humanActivityOther: null, perceivedAnimalActivity: null, perceivedAnimalActivityOther: null, description: null, locations: [], dateTime: null, images: null}
[animalSightingManager] Updating selected animal.  New state: {animals: [], animalSelected: {animalId: 1, animalImagePath: path/to/wolf.png, animalName: Wolf, condition: null, genderViewCounts: []}, reportType: null, animalCount: null, cropType: null, expectedLoss: null, preventiveMeasures: null, preventiveMeasuresDescription: null, accidentSeverity: null, animalConditionDieraanrijding: null, additionalInfo: null, category: null, humanActivity: null, humanActivityOther: null, perceivedAnimalActivity: null, perceivedAnimalActivityOther: null, description: null, locations: [], dateTime: null, images: null}

00:03 +37: C:/Users/Guusv/Documents/Semester 5/Wildlife/wildrapport/test/business/category_tests/category_screen_test.dart: CategoryScreen renders and category buttons are clickable                  
00:03 +37: C:/Users/Guusv/Documents/Semester 5/Wildlife/wildrapport/test/business/managers/animal_sighting_reporting_manager_test.dart: AnimalSightingReportingManager should finalize animal without clearing selected
[animalSightingManager] Updating selected animal.  Previous state: {animals: [], animalSelected: null, reportType: null, animalCount: null, cropType: null, expectedLoss: null, preventiveMeasures: null, preventiveMeasuresDescription: null, accidentSeverity: null, animalConditionDieraanrijding: null, additionalInfo: null, category: null, humanActivity: null, humanActivityOther: null, perceivedAnimalActivity: null, perceivedAnimalActivityOther: null, description: null, locations: [], dateTime: null, images: null}
[animalSightingManager] Updating selected animal.  New state: {animals: [], animalSelected: {animalId: 1, animalImagePath: path/to/wolf.png, animalName: Wolf, condition: null, genderViewCounts: []}, reportType: null, animalCount: null, cropType: null, expectedLoss: null, preventiveMeasures: null, preventiveMeasuresDescription: null, accidentSeverity: null, animalConditionDieraanrijding: null, additionalInfo: null, category: null, humanActivity: null, humanActivityOther: null, perceivedAnimalActivity: null, perceivedAnimalActivityOther: null, description: null, locations: [], dateTime: null, images: null}

00:03 +38: C:/Users/Guusv/Documents/Semester 5/Wildlife/wildrapport/test/business/category_tests/category_screen_test.dart: CategoryScreen renders and category buttons are clickable                  
00:03 +39: C:/Users/Guusv/Documents/Semester 5/Wildlife/wildrapport/test/business/category_tests/category_screen_test.dart: CategoryScreen renders and category buttons are clickable                  
00:03 +40: C:/Users/Guusv/Documents/Semester 5/Wildlife/wildrapport/test/business/category_tests/category_screen_test.dart: CategoryScreen renders and category buttons are clickable                  
00:03 +41: C:/Users/Guusv/Documents/Semester 5/Wildlife/wildrapport/test/business/category_tests/category_screen_test.dart: CategoryScreen renders and category buttons are clickable                  
00:03 +41: C:/Users/Guusv/Documents/Semester 5/Wildlife/wildrapport/test/business/managers/animal_sighting_reporting_manager_test.dart: AnimalSightingReportingManager should update date time         
[AnimalSightingManager] Updating datetime model.  Previous state: {animals: [], animalSelected: null, reportType: null, animalCount: null, cropType: null, expectedLoss: null, preventiveMeasures: null, preventiveMeasuresDescription: null, accidentSeverity: null, animalConditionDieraanrijding: null, additionalInfo: null, category: null, humanActivity: null, humanActivityOther: null, perceivedAnimalActivity: null, perceivedAnimalActivityOther: null, description: null, locations: [], dateTime: null, images: null}
[AnimalSightingManager] Updating datetime model.  New state: {animals: [], animalSelected: null, reportType: null, animalCount: null, cropType: null, expectedLoss: null, preventiveMeasures: null, preventiveMeasuresDescription: null, accidentSeverity: null, animalConditionDieraanrijding: null, additionalInfo: null, category: null, humanActivity: null, humanActivityOther: null, perceivedAnimalActivity: null, perceivedAnimalActivityOther: null, description: null, locations: [], dateTime: {dateTime: 2023-05-15T00:00:00.000, isUnknown: false}, images: null}

00:03 +42: C:/Users/Guusv/Documents/Semester 5/Wildlife/wildrapport/test/business/category_tests/category_screen_test.dart: CategoryScreen renders and category buttons are clickable                  
00:03 +42: C:/Users/Guusv/Documents/Semester 5/Wildlife/wildrapport/test/business/managers/animal_sighting_reporting_manager_test.dart: AnimalSightingReportingManager should update date time model   
[AnimalSightingManager] Updating datetime model.  Previous state: {animals: [], animalSelected: null, reportType: null, animalCount: null, cropType: null, expectedLoss: null, preventiveMeasures: null, preventiveMeasuresDescription: null, accidentSeverity: null, animalConditionDieraanrijding: null, additionalInfo: null, category: null, humanActivity: null, humanActivityOther: null, perceivedAnimalActivity: null, perceivedAnimalActivityOther: null, description: null, locations: [], dateTime: null, images: null}
[AnimalSightingManager] Updating datetime model.  New state: {animals: [], animalSelected: null, reportType: null, animalCount: null, cropType: null, expectedLoss: null, preventiveMeasures: null, preventiveMeasuresDescription: null, accidentSeverity: null, animalConditionDieraanrijding: null, additionalInfo: null, category: null, humanActivity: null, humanActivityOther: null, perceivedAnimalActivity: null, perceivedAnimalActivityOther: null, description: null, locations: [], dateTime: {dateTime: 2023-05-15T00:00:00.000, isUnknown: true}, images: null}

00:03 +43: C:/Users/Guusv/Documents/Semester 5/Wildlife/wildrapport/test/business/category_tests/category_screen_test.dart: CategoryScreen renders and category buttons are clickable                  
00:03 +43: C:/Users/Guusv/Documents/Semester 5/Wildlife/wildrapport/test/business/managers/animal_sighting_reporting_manager_test.dart: AnimalSightingReportingManager should convert string to animal category
[AnimalSightingManager] Unknown category: Unknown, defaulting to andere

00:03 +44: C:/Users/Guusv/Documents/Semester 5/Wildlife/wildrapport/test/business/category_tests/category_screen_test.dart: CategoryScreen renders and category buttons are clickable                  
00:04 +44: C:/Users/Guusv/Documents/Semester 5/Wildlife/wildrapport/test/business/managers/animal_sighting_reporting_manager_test.dart: AnimalSightingReportingManager should clear current animal sighting
[32m[AnimalSightingReportingManager] Current state before clearing: {animals: [], animalSelected: null, reportType: null, animalCount: null, cropType: null, expectedLoss: null, preventiveMeasures: null, preventiveMeasuresDescription: null, accidentSeverity: null, animalConditionDieraanrijding: null, additionalInfo: null, category: null, humanActivity: null, humanActivityOther: null, perceivedAnimalActivity: null, perceivedAnimalActivityOther: null, description: null, locations: [], dateTime: null, images: null}[0m
[32m[AnimalSightingReportingManager] State after clearing: null[0m

00:04 +45: C:/Users/Guusv/Documents/Semester 5/Wildlife/wildrapport/test/business/category_tests/category_screen_test.dart: CategoryScreen renders and category buttons are clickable                  
00:04 +45: C:/Users/Guusv/Documents/Semester 5/Wildlife/wildrapport/test/business/managers/animal_sighting_reporting_manager_test.dart: AnimalSightingReportingManager should validate active animal sighting
[AnimalSightingManager] No active animal sighting found

00:04 +46: C:/Users/Guusv/Documents/Semester 5/Wildlife/wildrapport/test/business/category_tests/category_screen_test.dart: CategoryScreen renders and category buttons are clickable                  
00:04 +46: C:/Users/Guusv/Documents/Semester 5/Wildlife/wildrapport/test/business/managers/animal_sighting_reporting_manager_test.dart: AnimalSightingReportingManager should process animal selection 
[animalSightingManager] Updating selected animal.  Previous state: {animals: [], animalSelected: null, reportType: null, animalCount: null, cropType: null, expectedLoss: null, preventiveMeasures: null, preventiveMeasuresDescription: null, accidentSeverity: null, animalConditionDieraanrijding: null, additionalInfo: null, category: null, humanActivity: null, humanActivityOther: null, perceivedAnimalActivity: null, perceivedAnimalActivityOther: null, description: null, locations: [], dateTime: null, images: null}
[animalSightingManager] Updating selected animal.  New state: {animals: [], animalSelected: {animalId: 1, animalImagePath: path/to/wolf.png, animalName: Wolf, condition: null, genderViewCounts: []}, reportType: null, animalCount: null, cropType: null, expectedLoss: null, preventiveMeasures: null, preventiveMeasuresDescription: null, accidentSeverity: null, animalConditionDieraanrijding: null, additionalInfo: null, category: null, humanActivity: null, humanActivityOther: null, perceivedAnimalActivity: null, perceivedAnimalActivityOther: null, description: null, locations: [], dateTime: null, images: null}

00:04 +47: C:/Users/Guusv/Documents/Semester 5/Wildlife/wildrapport/test/business/category_tests/category_screen_test.dart: CategoryScreen renders and category buttons are clickable                  
00:04 +47: C:/Users/Guusv/Documents/Semester 5/Wildlife/wildrapport/test/business/managers/animal_sighting_reporting_manager_test.dart: AnimalSightingReportingManager should handle gender selection  
[animalSightingManager] Updating selected animal.  Previous state: {animals: [], animalSelected: null, reportType: null, animalCount: null, cropType: null, expectedLoss: null, preventiveMeasures: null, preventiveMeasuresDescription: null, accidentSeverity: null, animalConditionDieraanrijding: null, additionalInfo: null, category: null, humanActivity: null, humanActivityOther: null, perceivedAnimalActivity: null, perceivedAnimalActivityOther: null, description: null, locations: [], dateTime: null, images: null}
[animalSightingManager] Updating selected animal.  New state: {animals: [], animalSelected: {animalId: 1, animalImagePath: path/to/wolf.png, animalName: Wolf, condition: null, genderViewCounts: []}, reportType: null, animalCount: null, cropType: null, expectedLoss: null, preventiveMeasures: null, preventiveMeasuresDescription: null, accidentSeverity: null, animalConditionDieraanrijding: null, additionalInfo: null, category: null, humanActivity: null, humanActivityOther: null, perceivedAnimalActivity: null, perceivedAnimalActivityOther: null, description: null, locations: [], dateTime: null, images: null}
[38;5;208m[AnimalSightingManager] Handling gender selection: AnimalGender.vrouwelijk[0m
[AnimalSightingManager] Successfully updated gender

00:04 +48: C:/Users/Guusv/Documents/Semester 5/Wildlife/wildrapport/test/business/category_tests/category_screen_test.dart: CategoryScreen renders and category buttons are clickable                  
00:04 +48: C:/Users/Guusv/Documents/Semester 5/Wildlife/wildrapport/test/business/managers/animal_sighting_reporting_manager_test.dart: AnimalSightingReportingManager should update animal in the list
[animalSightingManager] Updating selected animal.  Previous state: {animals: [], animalSelected: null, reportType: null, animalCount: null, cropType: null, expectedLoss: null, preventiveMeasures: null, preventiveMeasuresDescription: null, accidentSeverity: null, animalConditionDieraanrijding: null, additionalInfo: null, category: null, humanActivity: null, humanActivityOther: null, perceivedAnimalActivity: null, perceivedAnimalActivityOther: null, description: null, locations: [], dateTime: null, images: null}
[animalSightingManager] Updating selected animal.  New state: {animals: [], animalSelected: {animalId: 1, animalImagePath: path/to/wolf.png, animalName: Wolf, condition: null, genderViewCounts: []}, reportType: null, animalCount: null, cropType: null, expectedLoss: null, preventiveMeasures: null, preventiveMeasuresDescription: null, accidentSeverity: null, animalConditionDieraanrijding: null, additionalInfo: null, category: null, humanActivity: null, humanActivityOther: null, perceivedAnimalActivity: null, perceivedAnimalActivityOther: null, description: null, locations: [], dateTime: null, images: null}
[animalSightingManager] Updating selected animal.  Previous state: {animals: [{animalId: 1, animalImagePath: path/to/wolf.png, animalName: Wolf, condition: null, genderViewCounts: []}], animalSelected: {animalId: 1, animalImagePath: path/to/wolf.png, animalName: Wolf, condition: null, genderViewCounts: []}, reportType: null, animalCount: null, cropType: null, expectedLoss: null, preventiveMeasures: null, preventiveMeasuresDescription: null, accidentSeverity: null, animalConditionDieraanrijding: null, additionalInfo: null, category: null, humanActivity: null, humanActivityOther: null, perceivedAnimalActivity: null, perceivedAnimalActivityOther: null, description: null, locations: [], dateTime: null, images: null}

00:04 +49: C:/Users/Guusv/Documents/Semester 5/Wildlife/wildrapport/test/business/category_tests/category_screen_test.dart: CategoryScreen renders and category buttons are clickable                  
00:04 +50: C:/Users/Guusv/Documents/Semester 5/Wildlife/wildrapport/test/business/category_tests/category_screen_test.dart: CategoryScreen renders and category buttons are clickable                  
00:04 +51: C:/Users/Guusv/Documents/Semester 5/Wildlife/wildrapport/test/business/category_tests/category_screen_test.dart: CategoryScreen renders and category buttons are clickable                  
00:04 +52: C:/Users/Guusv/Documents/Semester 5/Wildlife/wildrapport/test/business/category_tests/category_screen_test.dart: CategoryScreen renders and category buttons are clickable                  
00:04 +53: C:/Users/Guusv/Documents/Semester 5/Wildlife/wildrapport/test/business/category_tests/category_screen_test.dart: CategoryScreen renders and category buttons are clickable                  
00:04 +54: C:/Users/Guusv/Documents/Semester 5/Wildlife/wildrapport/test/business/category_tests/category_screen_test.dart: CategoryScreen renders and category buttons are clickable                  
00:04 +55: C:/Users/Guusv/Documents/Semester 5/Wildlife/wildrapport/test/business/category_tests/category_screen_test.dart: CategoryScreen renders and category buttons are clickable                  
00:04 +56: C:/Users/Guusv/Documents/Semester 5/Wildlife/wildrapport/test/business/category_tests/category_screen_test.dart: CategoryScreen renders and category buttons are clickable                  
00:04 +57: C:/Users/Guusv/Documents/Semester 5/Wildlife/wildrapport/test/business/category_tests/category_screen_test.dart: CategoryScreen renders and category buttons are clickable                  
00:04 +58: C:/Users/Guusv/Documents/Semester 5/Wildlife/wildrapport/test/business/category_tests/category_screen_test.dart: CategoryScreen renders and category buttons are clickable                  
00:04 +59: C:/Users/Guusv/Documents/Semester 5/Wildlife/wildrapport/test/business/category_tests/category_screen_test.dart: CategoryScreen renders and category buttons are clickable                  
00:04 +60: C:/Users/Guusv/Documents/Semester 5/Wildlife/wildrapport/test/business/category_tests/category_screen_test.dart: CategoryScreen renders and category buttons are clickable                  
00:04 +61: C:/Users/Guusv/Documents/Semester 5/Wildlife/wildrapport/test/business/category_tests/category_screen_test.dart: CategoryScreen renders and category buttons are clickable                  
00:04 +62: C:/Users/Guusv/Documents/Semester 5/Wildlife/wildrapport/test/business/category_tests/category_screen_test.dart: CategoryScreen renders and category buttons are clickable                  
00:04 +63: C:/Users/Guusv/Documents/Semester 5/Wildlife/wildrapport/test/business/category_tests/category_screen_test.dart: CategoryScreen renders and category buttons are clickable                  
00:04 +64: C:/Users/Guusv/Documents/Semester 5/Wildlife/wildrapport/test/business/category_tests/category_screen_test.dart: CategoryScreen renders and category buttons are clickable                  
00:04 +65: C:/Users/Guusv/Documents/Semester 5/Wildlife/wildrapport/test/business/category_tests/category_screen_test.dart: CategoryScreen renders and category buttons are clickable                  
00:04 +66: C:/Users/Guusv/Documents/Semester 5/Wildlife/wildrapport/test/business/category_tests/category_screen_test.dart: CategoryScreen renders and category buttons are clickable                  
00:04 +67: C:/Users/Guusv/Documents/Semester 5/Wildlife/wildrapport/test/business/category_tests/category_screen_test.dart: CategoryScreen renders and category buttons are clickable                  
00:04 +68: C:/Users/Guusv/Documents/Semester 5/Wildlife/wildrapport/test/business/category_tests/category_screen_test.dart: CategoryScreen renders and category buttons are clickable                  
00:04 +69: C:/Users/Guusv/Documents/Semester 5/Wildlife/wildrapport/test/business/category_tests/category_screen_test.dart: CategoryScreen renders and category buttons are clickable                  
00:04 +70: C:/Users/Guusv/Documents/Semester 5/Wildlife/wildrapport/test/business/category_tests/category_screen_test.dart: CategoryScreen renders and category buttons are clickable                  
00:04 +71: C:/Users/Guusv/Documents/Semester 5/Wildlife/wildrapport/test/business/category_tests/category_screen_test.dart: CategoryScreen renders and category buttons are clickable                  
00:04 +72: C:/Users/Guusv/Documents/Semester 5/Wildlife/wildrapport/test/business/category_tests/category_screen_test.dart: CategoryScreen renders and category buttons are clickable                  
00:04 +73: C:/Users/Guusv/Documents/Semester 5/Wildlife/wildrapport/test/business/category_tests/category_screen_test.dart: CategoryScreen renders and category buttons are clickable                  
00:04 +74: C:/Users/Guusv/Documents/Semester 5/Wildlife/wildrapport/test/business/category_tests/category_screen_test.dart: CategoryScreen renders and category buttons are clickable                  
00:04 +75: C:/Users/Guusv/Documents/Semester 5/Wildlife/wildrapport/test/business/category_tests/category_screen_test.dart: CategoryScreen renders and category buttons are clickable                  
00:04 +76: C:/Users/Guusv/Documents/Semester 5/Wildlife/wildrapport/test/business/category_tests/category_screen_test.dart: CategoryScreen renders and category buttons are clickable                  
00:04 +77: C:/Users/Guusv/Documents/Semester 5/Wildlife/wildrapport/test/business/category_tests/category_screen_test.dart: CategoryScreen renders and category buttons are clickable                  
00:04 +77: C:/Users/Guusv/Documents/Semester 5/Wildlife/wildrapport/test/business/category_tests/category_screen_test.dart: CategoryScreen renders and category buttons are clickable                  
[35m[CategoryScreen] Initializing screen[0m
[35m[CategoryScreen] Initial animal sighting state: null[0m
[CategoryScreen] Selected category: AnimalCategory.evenhoevigen
[CategoryScreen] Current sighting after update: null

00:04 +78: C:/Users/Guusv/Documents/Semester 5/Wildlife/wildrapport/test/business/login_tests/login_screen_test.dart: should render login form                                                         
00:04 +78: C:/Users/Guusv/Documents/Semester 5/Wildlife/wildrapport/test/business/category_tests/category_screen_test.dart: Back button clears state and navigates to Rapporteren                      
[35m[CategoryScreen] Initializing screen[0m
[35m[CategoryScreen] Initial animal sighting state: null[0m

00:04 +79: C:/Users/Guusv/Documents/Semester 5/Wildlife/wildrapport/test/business/login_tests/login_screen_test.dart: should render login form                                                         
00:04 +80: C:/Users/Guusv/Documents/Semester 5/Wildlife/wildrapport/test/business/login_tests/login_screen_test.dart: should render login form                                                         
00:04 +81: C:/Users/Guusv/Documents/Semester 5/Wildlife/wildrapport/test/business/login_tests/login_screen_test.dart: should render login form                                                         
00:04 +82: C:/Users/Guusv/Documents/Semester 5/Wildlife/wildrapport/test/business/login_tests/login_screen_test.dart: should render login form                                                         
00:04 +83: C:/Users/Guusv/Documents/Semester 5/Wildlife/wildrapport/test/business/login_tests/login_screen_test.dart: should render login form                                                         
00:04 +84: C:/Users/Guusv/Documents/Semester 5/Wildlife/wildrapport/test/business/login_tests/login_screen_test.dart: should render login form                                                         
00:04 +85: C:/Users/Guusv/Documents/Semester 5/Wildlife/wildrapport/test/business/login_tests/login_screen_test.dart: should render login form                                                         
00:04 +86: C:/Users/Guusv/Documents/Semester 5/Wildlife/wildrapport/test/business/login_tests/login_screen_test.dart: should render login form                                                         
00:04 +87: C:/Users/Guusv/Documents/Semester 5/Wildlife/wildrapport/test/business/login_tests/login_screen_test.dart: should render login form                                                         
00:04 +88: C:/Users/Guusv/Documents/Semester 5/Wildlife/wildrapport/test/business/login_tests/login_screen_test.dart: should render login form                                                         
00:04 +89: C:/Users/Guusv/Documents/Semester 5/Wildlife/wildrapport/test/business/login_tests/login_screen_test.dart: should render login form                                                         
00:04 +90: C:/Users/Guusv/Documents/Semester 5/Wildlife/wildrapport/test/business/login_tests/login_screen_test.dart: should render login form                                                         
00:04 +91: C:/Users/Guusv/Documents/Semester 5/Wildlife/wildrapport/test/business/login_tests/login_screen_test.dart: should render login form                                                         
00:04 +92: C:/Users/Guusv/Documents/Semester 5/Wildlife/wildrapport/test/business/login_tests/login_screen_test.dart: should render login form                                                         
00:04 +93: C:/Users/Guusv/Documents/Semester 5/Wildlife/wildrapport/test/business/login_tests/login_screen_test.dart: should render login form                                                         
00:04 +94: C:/Users/Guusv/Documents/Semester 5/Wildlife/wildrapport/test/business/login_tests/login_screen_test.dart: should render login form                                                         
00:04 +94: C:/Users/Guusv/Documents/Semester 5/Wildlife/wildrapport/test/business/login_tests/login_screen_test.dart: should render login form                                                         
unhandled element <style/>; Picture key: Svg loader

00:04 +95: C:/Users/Guusv/Documents/Semester 5/Wildlife/wildrapport/test/business/managers/dropdown_manager_test.dart: DropdownManager should show filter options when expanded                        
00:04 +95: C:/Users/Guusv/Documents/Semester 5/Wildlife/wildrapport/test/business/managers/interaction_manager_cache_test.dart: InteractionManager cache helpers postInteraction throws if userID is missing
[93m [InteractionManager]: userID not cached; POST uses bearer token

00:04 +96: C:/Users/Guusv/Documents/Semester 5/Wildlife/wildrapport/test/business/managers/dropdown_manager_test.dart: DropdownManager should show filter options when expanded                        
00:05 +96: C:/Users/Guusv/Documents/Semester 5/Wildlife/wildrapport/test/business/managers/dropdown_manager_test.dart: DropdownManager should show filter options when expanded                        
00:05 +97: C:/Users/Guusv/Documents/Semester 5/Wildlife/wildrapport/test/business/login_tests/login_screen_test.dart: should show error when login code cannot be sent                                 
00:05 +98: C:/Users/Guusv/Documents/Semester 5/Wildlife/wildrapport/test/business/login_tests/login_screen_test.dart: should show error when login code cannot be sent                                 
00:05 +99: C:/Users/Guusv/Documents/Semester 5/Wildlife/wildrapport/test/business/managers/dropdown_manager_test.dart: DropdownManager should show reset filter option when a filter is selected       
00:05 +100: C:/Users/Guusv/Documents/Semester 5/Wildlife/wildrapport/test/business/managers/dropdown_manager_test.dart: DropdownManager should show reset filter option when a filter is selected      
00:05 +100: C:/Users/Guusv/Documents/Semester 5/Wildlife/wildrapport/test/business/managers/dropdown_manager_test.dart: DropdownManager should show search field for search filter option              
00:05 +100: C:/Users/Guusv/Documents/Semester 5/Wildlife/wildrapport/test/business/managers/interaction_manager_test.dart: InteractionManager should post interaction successfully when online         
[ConnectivityResult.wifi]
[93m [InteractionManager]: Sending Interaction!

00:05 +101: C:/Users/Guusv/Documents/Semester 5/Wildlife/wildrapport/test/business/managers/dropdown_manager_test.dart: DropdownManager should show search field for search filter option              
00:05 +101: C:/Users/Guusv/Documents/Semester 5/Wildlife/wildrapport/test/business/managers/interaction_manager_test.dart: InteractionManager should post interaction when userID is not cached (bearer token)
[93m [InteractionManager]: userID not cached; POST uses bearer token
[ConnectivityResult.wifi]
[93m [InteractionManager]: Sending Interaction!

00:05 +102: C:/Users/Guusv/Documents/Semester 5/Wildlife/wildrapport/test/business/managers/dropdown_manager_test.dart: DropdownManager should show search field for search filter option              
00:05 +102: C:/Users/Guusv/Documents/Semester 5/Wildlife/wildrapport/test/business/managers/interaction_manager_test.dart: InteractionManager should cache interaction when offline                    
[ConnectivityResult.none]
[93m [InteractionManager]: Caching Interaction!
[InteractionManager]: Starting Cache Process
[InteractionManager]: Got aready stored interactions
[InteractionManager]: Added interaction to cache list
{"interactionType":"waarneming","userID":"test-user-123","report":{"test":"data"}}

00:05 +103: C:/Users/Guusv/Documents/Semester 5/Wildlife/wildrapport/test/business/managers/dropdown_manager_test.dart: DropdownManager should show search field for search filter option              
00:05 +103: C:/Users/Guusv/Documents/Semester 5/Wildlife/wildrapport/test/business/managers/interaction_manager_test.dart: InteractionManager should handle API errors gracefully                      
[ConnectivityResult.wifi]
[93m [InteractionManager]: Sending Interaction!

00:05 +104: C:/Users/Guusv/Documents/Semester 5/Wildlife/wildrapport/test/business/managers/dropdown_manager_test.dart: DropdownManager should show search field for search filter option              
00:05 +104: C:/Users/Guusv/Documents/Semester 5/Wildlife/wildrapport/test/business/managers/interaction_manager_test.dart: InteractionManager should create correct interaction object                 
[ConnectivityResult.wifi]
[93m [InteractionManager]: Sending Interaction!

00:05 +105: C:/Users/Guusv/Documents/Semester 5/Wildlife/wildrapport/test/business/managers/dropdown_manager_test.dart: DropdownManager should show search field for search filter option              
00:05 +105: C:/Users/Guusv/Documents/Semester 5/Wildlife/wildrapport/test/business/managers/interaction_manager_test.dart: InteractionManager should initialize and dispose connectivity subscription  
[InteractionManager]: Initializing!

00:05 +106: C:/Users/Guusv/Documents/Semester 5/Wildlife/wildrapport/test/business/managers/dropdown_manager_test.dart: DropdownManager should show search field for search filter option              
00:05 +106: C:/Users/Guusv/Documents/Semester 5/Wildlife/wildrapport/test/business/managers/interaction_manager_test.dart: InteractionManager should handle connectivity changes                       
[InteractionManager]: Initializing!
[ConnectivityResult.wifi]
[ConnectionChecker] ÔØî Exception: MissingPluginException(No implementation found for method check on channel dev.fluttercommunity.plus/connectivity)
[93m Internet not fully ready. Retry later.
[ConnectionChecker] ÔØî Exception: MissingPluginException(No implementation found for method check on channel dev.fluttercommunity.plus/connectivity)
[93m No internet. Will check again in 10 seconds.

00:05 +107: C:/Users/Guusv/Documents/Semester 5/Wildlife/wildrapport/test/business/managers/interaction_manager_test.dart: InteractionManager should handle connectivity changes                       
00:05 +108: C:/Users/Guusv/Documents/Semester 5/Wildlife/wildrapport/test/business/managers/interaction_manager_test.dart: InteractionManager should handle connectivity changes                       
00:05 +108: C:/Users/Guusv/Documents/Semester ... InteractionManager should attempt to send cached interactions when coming online                                                                     
00:05 +108: C:/Users/Guusv/Documents/Semester 5/Wildlife/wildrapport/test/business/managers/interaction_manager_test.dart: InteractionManager should attempt to send cached interactions when coming online
[ConnectivityResult.none]
[93m [InteractionManager]: Caching Interaction!
[InteractionManager]: Starting Cache Process
[InteractionManager]: Initializing!
[ConnectivityResult.wifi]
[InteractionManager]: Got aready stored interactions
[InteractionManager]: Added interaction to cache list
{"interactionType":"waarneming","userID":"test-user-123","report":{"test":"data"}}
[ConnectionChecker] ÔØî Exception: MissingPluginException(No implementation found for method check on channel dev.fluttercommunity.plus/connectivity)
[93m Internet not fully ready. Retry later.
[ConnectionChecker] ÔØî Exception: MissingPluginException(No implementation found for method check on channel dev.fluttercommunity.plus/connectivity)
[93m No internet. Will check again in 10 seconds.

00:05 +109: C:/Users/Guusv/Documents/Semester ... InteractionManager should attempt to send cached interactions when coming online                                                                     
00:05 +110: C:/Users/Guusv/Documents/Semester ... InteractionManager should attempt to send cached interactions when coming online                                                                     
00:05 +111: C:/Users/Guusv/Documents/Semester ... InteractionManager should attempt to send cached interactions when coming online                                                                     
00:05 +112: C:/Users/Guusv/Documents/Semester ... InteractionManager should attempt to send cached interactions when coming online                                                                     
00:05 +113: C:/Users/Guusv/Documents/Semester ... InteractionManager should attempt to send cached interactions when coming online                                                                     
00:05 +114: C:/Users/Guusv/Documents/Semester ... InteractionManager should attempt to send cached interactions when coming online                                                                     
00:05 +114: C:/Users/Guusv/Documents/Semester 5/Wildlife/wildrapport/test/business/managers/navigation_state_manager_test.dart: NavigationStateManager should dispose correctly                        
[32m[NavigationStateManager] Disposing controllers: 0 controllers[0m

00:05 +115: C:/Users/Guusv/Documents/Semester ... InteractionManager should attempt to send cached interactions when coming online                                                                     
00:06 +116: C:/Users/Guusv/Documents/Semester 5/Wildlife/wildrapport/test/business/managers/navigation_state_manager_test.dart: NavigationStateManager should reset to home screen                     
00:06 +116: C:/Users/Guusv/Documents/Semester 5/Wildlife/wildrapport/test/business/managers/interaction_manager_test.dart: InteractionManager should handle errors during cached data sending          
[ConnectivityResult.none]
[93m [InteractionManager]: Caching Interaction!
[InteractionManager]: Starting Cache Process
[InteractionManager]: Initializing!
[ConnectivityResult.wifi]
[InteractionManager]: Got aready stored interactions
[InteractionManager]: Added interaction to cache list
{"interactionType":"waarneming","userID":"test-user-123","report":{"test":"data"}}
[ConnectionChecker] ÔØî Exception: MissingPluginException(No implementation found for method check on channel dev.fluttercommunity.plus/connectivity)
[93m Internet not fully ready. Retry later.
[ConnectionChecker] ÔØî Exception: MissingPluginException(No implementation found for method check on channel dev.fluttercommunity.plus/connectivity)
[93m No internet. Will check again in 10 seconds.

00:06 +116: C:/Users/Guusv/Documents/Semester 5/Wildlife/wildrapport/test/business/managers/navigation_state_manager_test.dart: NavigationStateManager should reset to home screen                     
00:06 +117: C:/Users/Guusv/Documents/Semester 5/Wildlife/wildrapport/test/business/managers/navigation_state_manager_test.dart: NavigationStateManager should reset to home screen                     
00:06 +118: C:/Users/Guusv/Documents/Semester 5/Wildlife/wildrapport/test/business/managers/navigation_state_manager_test.dart: NavigationStateManager should reset to home screen                     
00:06 +118: C:/Users/Guusv/Documents/Semester 5/Wildlife/wildrapport/test/business/managers/questionnaire_manager_test.dart: QuestionnaireManager should build questionnaire layout with no questions  
ÔòÉÔòÉÔòÉÔòÉÔòÉÔòÉÔòÉÔòÉÔòÉÔòÉÔòÉÔòÉÔòÉÔòÉÔòÉÔòÉÔòÉÔòÉÔòÉÔòÉÔòÉÔòÉÔòÉÔòÉÔòÉÔòÉÔòÉÔòÉÔòÉÔòÉÔòÉÔòÉÔòÉÔòÉÔòÉÔòÉÔòÉÔòÉÔòÉÔòÉÔòÉÔòÉÔòÉÔòÉÔòÉÔòÉÔòÉÔòÉÔòÉÔòÉÔòÉÔòÉÔòÉÔòÉÔòÉÔòÉÔòÉÔòÉÔòÉÔòÉÔòÉÔòÉÔòÉÔòÉ
[QuestionnaireManager] ­ƒôï QUESTIONNAIRE DETAILS FROM BACKEND
ÔöÇÔöÇÔöÇÔöÇÔöÇÔöÇÔöÇÔöÇÔöÇÔöÇÔöÇÔöÇÔöÇÔöÇÔöÇÔöÇÔöÇÔöÇÔöÇÔöÇÔöÇÔöÇÔöÇÔöÇÔöÇÔöÇÔöÇÔöÇÔöÇÔöÇÔöÇÔöÇÔöÇÔöÇÔöÇÔöÇÔöÇÔöÇÔöÇÔöÇÔöÇÔöÇÔöÇÔöÇÔöÇÔöÇÔöÇÔöÇÔöÇÔöÇÔöÇÔöÇÔöÇÔöÇÔöÇÔöÇÔöÇÔöÇÔöÇÔöÇÔöÇÔöÇÔöÇÔöÇ
Questionnaire ID: 5c5cd71a-ed88-4e18-8cd4-725a6c6fe4b1
Questionnaire Name: Test Questionnaire
Interaction Type: Test Interaction
Total Questions: 0
ÔòÉÔòÉÔòÉÔòÉÔòÉÔòÉÔòÉÔòÉÔòÉÔòÉÔòÉÔòÉÔòÉÔòÉÔòÉÔòÉÔòÉÔòÉÔòÉÔòÉÔòÉÔòÉÔòÉÔòÉÔòÉÔòÉÔòÉÔòÉÔòÉÔòÉÔòÉÔòÉÔòÉÔòÉÔòÉÔòÉÔòÉÔòÉÔòÉÔòÉÔòÉÔòÉÔòÉÔòÉÔòÉÔòÉÔòÉÔòÉÔòÉÔòÉÔòÉÔòÉÔòÉÔòÉÔòÉÔòÉÔòÉÔòÉÔòÉÔòÉÔòÉÔòÉÔòÉÔòÉ

00:06 +119: C:/Users/Guusv/Documents/Semester 5/Wildlife/wildrapport/test/business/managers/navigation_state_manager_test.dart: NavigationStateManager should reset to home screen                     
00:06 +120: C:/Users/Guusv/Documents/Semester 5/Wildlife/wildrapport/test/business/managers/navigation_state_manager_test.dart: NavigationStateManager should reset to home screen                     
00:06 +120: C:/Users/Guusv/Documents/Semester 5/Wildlife/wildrapport/test/business/managers/questionnaire_manager_test.dart: QuestionnaireManager should build questionnaire layout with multiple choice questions
ÔòÉÔòÉÔòÉÔòÉÔòÉÔòÉÔòÉÔòÉÔòÉÔòÉÔòÉÔòÉÔòÉÔòÉÔòÉÔòÉÔòÉÔòÉÔòÉÔòÉÔòÉÔòÉÔòÉÔòÉÔòÉÔòÉÔòÉÔòÉÔòÉÔòÉÔòÉÔòÉÔòÉÔòÉÔòÉÔòÉÔòÉÔòÉÔòÉÔòÉÔòÉÔòÉÔòÉÔòÉÔòÉÔòÉÔòÉÔòÉÔòÉÔòÉÔòÉÔòÉÔòÉÔòÉÔòÉÔòÉÔòÉÔòÉÔòÉÔòÉÔòÉÔòÉÔòÉÔòÉ
[QuestionnaireManager] ­ƒôï QUESTIONNAIRE DETAILS FROM BACKEND
ÔöÇÔöÇÔöÇÔöÇÔöÇÔöÇÔöÇÔöÇÔöÇÔöÇÔöÇÔöÇÔöÇÔöÇÔöÇÔöÇÔöÇÔöÇÔöÇÔöÇÔöÇÔöÇÔöÇÔöÇÔöÇÔöÇÔöÇÔöÇÔöÇÔöÇÔöÇÔöÇÔöÇÔöÇÔöÇÔöÇÔöÇÔöÇÔöÇÔöÇÔöÇÔöÇÔöÇÔöÇÔöÇÔöÇÔöÇÔöÇÔöÇÔöÇÔöÇÔöÇÔöÇÔöÇÔöÇÔöÇÔöÇÔöÇÔöÇÔöÇÔöÇÔöÇÔöÇÔöÇ
Questionnaire ID: 5c5cd71a-ed88-4e18-8cd4-725a6c6fe4b1
Questionnaire Name: Test Questionnaire
Interaction Type: Test Interaction
Total Questions: 1
ÔòÉÔòÉÔòÉÔòÉÔòÉÔòÉÔòÉÔòÉÔòÉÔòÉÔòÉÔòÉÔòÉÔòÉÔòÉÔòÉÔòÉÔòÉÔòÉÔòÉÔòÉÔòÉÔòÉÔòÉÔòÉÔòÉÔòÉÔòÉÔòÉÔòÉÔòÉÔòÉÔòÉÔòÉÔòÉÔòÉÔòÉÔòÉÔòÉÔòÉÔòÉÔòÉÔòÉÔòÉÔòÉÔòÉÔòÉÔòÉÔòÉÔòÉÔòÉÔòÉÔòÉÔòÉÔòÉÔòÉÔòÉÔòÉÔòÉÔòÉÔòÉÔòÉÔòÉÔòÉ
ÔòÉÔòÉÔòÉÔòÉÔòÉÔòÉÔòÉÔòÉÔòÉÔòÉÔòÉÔòÉÔòÉÔòÉÔòÉÔòÉÔòÉÔòÉÔòÉÔòÉÔòÉÔòÉÔòÉÔòÉÔòÉÔòÉÔòÉÔòÉÔòÉÔòÉÔòÉÔòÉÔòÉÔòÉÔòÉÔòÉÔòÉÔòÉÔòÉÔòÉÔòÉÔòÉÔòÉÔòÉÔòÉÔòÉÔòÉ
Question 1: Multiple Choice Question
Question ID: q1
Description: Multiple Choice Question
Allow Open Response: false
Allow Multiple Response: false
Has Answers: true
Answers count: 2
  - Answer ID: a1
    Answer Text: Option 1
  - Answer ID: a2
    Answer Text: Option 2
Open Response Format: 'null'
index: 0
length: 1
­ƒöì Decision: hasAnswers=true, needsOpenResponse=false
Ô£à Using QuestionnaireMultipleChoice widget
ÔòÉÔòÉÔòÉÔòÉÔòÉÔòÉÔòÉÔòÉÔòÉÔòÉÔòÉÔòÉÔòÉÔòÉÔòÉÔòÉÔòÉÔòÉÔòÉÔòÉÔòÉÔòÉÔòÉÔòÉÔòÉÔòÉÔòÉÔòÉÔòÉÔòÉÔòÉÔòÉÔòÉÔòÉÔòÉÔòÉÔòÉÔòÉÔòÉÔòÉÔòÉÔòÉÔòÉÔòÉÔòÉÔòÉÔòÉ

00:06 +121: C:/Users/Guusv/Documents/Semester 5/Wildlife/wildrapport/test/business/managers/navigation_state_manager_test.dart: NavigationStateManager should reset to home screen                     
00:06 +121: C:/Users/Guusv/Documents/Semester 5/Wildlife/wildrapport/test/business/managers/questionnaire_manager_test.dart: QuestionnaireManager should build questionnaire layout with open response questions
ÔòÉÔòÉÔòÉÔòÉÔòÉÔòÉÔòÉÔòÉÔòÉÔòÉÔòÉÔòÉÔòÉÔòÉÔòÉÔòÉÔòÉÔòÉÔòÉÔòÉÔòÉÔòÉÔòÉÔòÉÔòÉÔòÉÔòÉÔòÉÔòÉÔòÉÔòÉÔòÉÔòÉÔòÉÔòÉÔòÉÔòÉÔòÉÔòÉÔòÉÔòÉÔòÉÔòÉÔòÉÔòÉÔòÉÔòÉÔòÉÔòÉÔòÉÔòÉÔòÉÔòÉÔòÉÔòÉÔòÉÔòÉÔòÉÔòÉÔòÉÔòÉÔòÉÔòÉÔòÉ
[QuestionnaireManager] ­ƒôï QUESTIONNAIRE DETAILS FROM BACKEND
ÔöÇÔöÇÔöÇÔöÇÔöÇÔöÇÔöÇÔöÇÔöÇÔöÇÔöÇÔöÇÔöÇÔöÇÔöÇÔöÇÔöÇÔöÇÔöÇÔöÇÔöÇÔöÇÔöÇÔöÇÔöÇÔöÇÔöÇÔöÇÔöÇÔöÇÔöÇÔöÇÔöÇÔöÇÔöÇÔöÇÔöÇÔöÇÔöÇÔöÇÔöÇÔöÇÔöÇÔöÇÔöÇÔöÇÔöÇÔöÇÔöÇÔöÇÔöÇÔöÇÔöÇÔöÇÔöÇÔöÇÔöÇÔöÇÔöÇÔöÇÔöÇÔöÇÔöÇÔöÇ
Questionnaire ID: 5c5cd71a-ed88-4e18-8cd4-725a6c6fe4b1
Questionnaire Name: Test Questionnaire
Interaction Type: Test Interaction
Total Questions: 1
ÔòÉÔòÉÔòÉÔòÉÔòÉÔòÉÔòÉÔòÉÔòÉÔòÉÔòÉÔòÉÔòÉÔòÉÔòÉÔòÉÔòÉÔòÉÔòÉÔòÉÔòÉÔòÉÔòÉÔòÉÔòÉÔòÉÔòÉÔòÉÔòÉÔòÉÔòÉÔòÉÔòÉÔòÉÔòÉÔòÉÔòÉÔòÉÔòÉÔòÉÔòÉÔòÉÔòÉÔòÉÔòÉÔòÉÔòÉÔòÉÔòÉÔòÉÔòÉÔòÉÔòÉÔòÉÔòÉÔòÉÔòÉÔòÉÔòÉÔòÉÔòÉÔòÉÔòÉÔòÉ
ÔòÉÔòÉÔòÉÔòÉÔòÉÔòÉÔòÉÔòÉÔòÉÔòÉÔòÉÔòÉÔòÉÔòÉÔòÉÔòÉÔòÉÔòÉÔòÉÔòÉÔòÉÔòÉÔòÉÔòÉÔòÉÔòÉÔòÉÔòÉÔòÉÔòÉÔòÉÔòÉÔòÉÔòÉÔòÉÔòÉÔòÉÔòÉÔòÉÔòÉÔòÉÔòÉÔòÉÔòÉÔòÉÔòÉÔòÉ
Question 1: Open Response Question
Question ID: q1
Description: Open Response Question
Allow Open Response: true
Allow Multiple Response: false
Has Answers: false
ÔØî Answers: NULL or EMPTY - Backend did not provide answer choices
Open Response Format: 'null'
index: 0
length: 1
­ƒöì Decision: hasAnswers=false, needsOpenResponse=true
Ô£à Using QuestionnaireOpenResponse widget
ÔòÉÔòÉÔòÉÔòÉÔòÉÔòÉÔòÉÔòÉÔòÉÔòÉÔòÉÔòÉÔòÉÔòÉÔòÉÔòÉÔòÉÔòÉÔòÉÔòÉÔòÉÔòÉÔòÉÔòÉÔòÉÔòÉÔòÉÔòÉÔòÉÔòÉÔòÉÔòÉÔòÉÔòÉÔòÉÔòÉÔòÉÔòÉÔòÉÔòÉÔòÉÔòÉÔòÉÔòÉÔòÉÔòÉÔòÉ

00:06 +122: C:/Users/Guusv/Documents/Semester 5/Wildlife/wildrapport/test/business/managers/navigation_state_manager_test.dart: NavigationStateManager should reset to home screen                     
00:06 +122: C:/Users/Guusv/Documents/Semester 5/Wildlife/wildrapport/test/business/managers/questionnaire_manager_test.dart: QuestionnaireManager should build questionnaire layout with mixed question types
ÔòÉÔòÉÔòÉÔòÉÔòÉÔòÉÔòÉÔòÉÔòÉÔòÉÔòÉÔòÉÔòÉÔòÉÔòÉÔòÉÔòÉÔòÉÔòÉÔòÉÔòÉÔòÉÔòÉÔòÉÔòÉÔòÉÔòÉÔòÉÔòÉÔòÉÔòÉÔòÉÔòÉÔòÉÔòÉÔòÉÔòÉÔòÉÔòÉÔòÉÔòÉÔòÉÔòÉÔòÉÔòÉÔòÉÔòÉÔòÉÔòÉÔòÉÔòÉÔòÉÔòÉÔòÉÔòÉÔòÉÔòÉÔòÉÔòÉÔòÉÔòÉÔòÉÔòÉÔòÉ
[QuestionnaireManager] ­ƒôï QUESTIONNAIRE DETAILS FROM BACKEND
ÔöÇÔöÇÔöÇÔöÇÔöÇÔöÇÔöÇÔöÇÔöÇÔöÇÔöÇÔöÇÔöÇÔöÇÔöÇÔöÇÔöÇÔöÇÔöÇÔöÇÔöÇÔöÇÔöÇÔöÇÔöÇÔöÇÔöÇÔöÇÔöÇÔöÇÔöÇÔöÇÔöÇÔöÇÔöÇÔöÇÔöÇÔöÇÔöÇÔöÇÔöÇÔöÇÔöÇÔöÇÔöÇÔöÇÔöÇÔöÇÔöÇÔöÇÔöÇÔöÇÔöÇÔöÇÔöÇÔöÇÔöÇÔöÇÔöÇÔöÇÔöÇÔöÇÔöÇÔöÇ
Questionnaire ID: 5c5cd71a-ed88-4e18-8cd4-725a6c6fe4b1
Questionnaire Name: Test Questionnaire
Interaction Type: Test Interaction
Total Questions: 2
ÔòÉÔòÉÔòÉÔòÉÔòÉÔòÉÔòÉÔòÉÔòÉÔòÉÔòÉÔòÉÔòÉÔòÉÔòÉÔòÉÔòÉÔòÉÔòÉÔòÉÔòÉÔòÉÔòÉÔòÉÔòÉÔòÉÔòÉÔòÉÔòÉÔòÉÔòÉÔòÉÔòÉÔòÉÔòÉÔòÉÔòÉÔòÉÔòÉÔòÉÔòÉÔòÉÔòÉÔòÉÔòÉÔòÉÔòÉÔòÉÔòÉÔòÉÔòÉÔòÉÔòÉÔòÉÔòÉÔòÉÔòÉÔòÉÔòÉÔòÉÔòÉÔòÉÔòÉÔòÉ
ÔòÉÔòÉÔòÉÔòÉÔòÉÔòÉÔòÉÔòÉÔòÉÔòÉÔòÉÔòÉÔòÉÔòÉÔòÉÔòÉÔòÉÔòÉÔòÉÔòÉÔòÉÔòÉÔòÉÔòÉÔòÉÔòÉÔòÉÔòÉÔòÉÔòÉÔòÉÔòÉÔòÉÔòÉÔòÉÔòÉÔòÉÔòÉÔòÉÔòÉÔòÉÔòÉÔòÉÔòÉÔòÉÔòÉÔòÉ
Question 1: Multiple Choice Question
Question ID: q1
Description: Multiple Choice Question
Allow Open Response: false
Allow Multiple Response: false
Has Answers: true
Answers count: 2
  - Answer ID: a1
    Answer Text: Option 1
  - Answer ID: a2
    Answer Text: Option 2
Open Response Format: 'null'
index: 0
length: 2
­ƒöì Decision: hasAnswers=true, needsOpenResponse=false
Ô£à Using QuestionnaireMultipleChoice widget
ÔòÉÔòÉÔòÉÔòÉÔòÉÔòÉÔòÉÔòÉÔòÉÔòÉÔòÉÔòÉÔòÉÔòÉÔòÉÔòÉÔòÉÔòÉÔòÉÔòÉÔòÉÔòÉÔòÉÔòÉÔòÉÔòÉÔòÉÔòÉÔòÉÔòÉÔòÉÔòÉÔòÉÔòÉÔòÉÔòÉÔòÉÔòÉÔòÉÔòÉÔòÉÔòÉÔòÉÔòÉÔòÉÔòÉÔòÉ
ÔòÉÔòÉÔòÉÔòÉÔòÉÔòÉÔòÉÔòÉÔòÉÔòÉÔòÉÔòÉÔòÉÔòÉÔòÉÔòÉÔòÉÔòÉÔòÉÔòÉÔòÉÔòÉÔòÉÔòÉÔòÉÔòÉÔòÉÔòÉÔòÉÔòÉÔòÉÔòÉÔòÉÔòÉÔòÉÔòÉÔòÉÔòÉÔòÉÔòÉÔòÉÔòÉÔòÉÔòÉÔòÉÔòÉÔòÉ
Question 2: Open Response Question
Question ID: q2
Description: Open Response Question
Allow Open Response: true
Allow Multiple Response: false
Has Answers: false
ÔØî Answers: NULL or EMPTY - Backend did not provide answer choices
Open Response Format: 'null'
index: 1
length: 2
­ƒöì Decision: hasAnswers=false, needsOpenResponse=true
Ô£à Using QuestionnaireOpenResponse widget
ÔòÉÔòÉÔòÉÔòÉÔòÉÔòÉÔòÉÔòÉÔòÉÔòÉÔòÉÔòÉÔòÉÔòÉÔòÉÔòÉÔòÉÔòÉÔòÉÔòÉÔòÉÔòÉÔòÉÔòÉÔòÉÔòÉÔòÉÔòÉÔòÉÔòÉÔòÉÔòÉÔòÉÔòÉÔòÉÔòÉÔòÉÔòÉÔòÉÔòÉÔòÉÔòÉÔòÉÔòÉÔòÉÔòÉÔòÉ

00:06 +123: C:/Users/Guusv/Documents/Semester 5/Wildlife/wildrapport/test/business/managers/navigation_state_manager_test.dart: NavigationStateManager should reset to home screen                     
00:06 +123: C:/Users/Guusv/Documents/Semester 5/Wildlife/wildrapport/test/business/managers/questionnaire_manager_test.dart: QuestionnaireManager should use lastNextScreen for the last question      
ÔòÉÔòÉÔòÉÔòÉÔòÉÔòÉÔòÉÔòÉÔòÉÔòÉÔòÉÔòÉÔòÉÔòÉÔòÉÔòÉÔòÉÔòÉÔòÉÔòÉÔòÉÔòÉÔòÉÔòÉÔòÉÔòÉÔòÉÔòÉÔòÉÔòÉÔòÉÔòÉÔòÉÔòÉÔòÉÔòÉÔòÉÔòÉÔòÉÔòÉÔòÉÔòÉÔòÉÔòÉÔòÉÔòÉÔòÉÔòÉÔòÉÔòÉÔòÉÔòÉÔòÉÔòÉÔòÉÔòÉÔòÉÔòÉÔòÉÔòÉÔòÉÔòÉÔòÉÔòÉ
[QuestionnaireManager] ­ƒôï QUESTIONNAIRE DETAILS FROM BACKEND
ÔöÇÔöÇÔöÇÔöÇÔöÇÔöÇÔöÇÔöÇÔöÇÔöÇÔöÇÔöÇÔöÇÔöÇÔöÇÔöÇÔöÇÔöÇÔöÇÔöÇÔöÇÔöÇÔöÇÔöÇÔöÇÔöÇÔöÇÔöÇÔöÇÔöÇÔöÇÔöÇÔöÇÔöÇÔöÇÔöÇÔöÇÔöÇÔöÇÔöÇÔöÇÔöÇÔöÇÔöÇÔöÇÔöÇÔöÇÔöÇÔöÇÔöÇÔöÇÔöÇÔöÇÔöÇÔöÇÔöÇÔöÇÔöÇÔöÇÔöÇÔöÇÔöÇÔöÇÔöÇ
Questionnaire ID: 5c5cd71a-ed88-4e18-8cd4-725a6c6fe4b1
Questionnaire Name: Test Questionnaire
Interaction Type: Test Interaction
Total Questions: 2
ÔòÉÔòÉÔòÉÔòÉÔòÉÔòÉÔòÉÔòÉÔòÉÔòÉÔòÉÔòÉÔòÉÔòÉÔòÉÔòÉÔòÉÔòÉÔòÉÔòÉÔòÉÔòÉÔòÉÔòÉÔòÉÔòÉÔòÉÔòÉÔòÉÔòÉÔòÉÔòÉÔòÉÔòÉÔòÉÔòÉÔòÉÔòÉÔòÉÔòÉÔòÉÔòÉÔòÉÔòÉÔòÉÔòÉÔòÉÔòÉÔòÉÔòÉÔòÉÔòÉÔòÉÔòÉÔòÉÔòÉÔòÉÔòÉÔòÉÔòÉÔòÉÔòÉÔòÉÔòÉ
ÔòÉÔòÉÔòÉÔòÉÔòÉÔòÉÔòÉÔòÉÔòÉÔòÉÔòÉÔòÉÔòÉÔòÉÔòÉÔòÉÔòÉÔòÉÔòÉÔòÉÔòÉÔòÉÔòÉÔòÉÔòÉÔòÉÔòÉÔòÉÔòÉÔòÉÔòÉÔòÉÔòÉÔòÉÔòÉÔòÉÔòÉÔòÉÔòÉÔòÉÔòÉÔòÉÔòÉÔòÉÔòÉÔòÉÔòÉ
Question 1: Question 1
Question ID: q1
Description: Question 1
Allow Open Response: false
Allow Multiple Response: false
Has Answers: false
ÔØî Answers: NULL or EMPTY - Backend did not provide answer choices
Open Response Format: 'null'
index: 0
length: 2
­ƒöì Decision: hasAnswers=false, needsOpenResponse=false
Ô£à Using QuestionnaireMultipleChoice widget
ÔòÉÔòÉÔòÉÔòÉÔòÉÔòÉÔòÉÔòÉÔòÉÔòÉÔòÉÔòÉÔòÉÔòÉÔòÉÔòÉÔòÉÔòÉÔòÉÔòÉÔòÉÔòÉÔòÉÔòÉÔòÉÔòÉÔòÉÔòÉÔòÉÔòÉÔòÉÔòÉÔòÉÔòÉÔòÉÔòÉÔòÉÔòÉÔòÉÔòÉÔòÉÔòÉÔòÉÔòÉÔòÉÔòÉÔòÉ
ÔòÉÔòÉÔòÉÔòÉÔòÉÔòÉÔòÉÔòÉÔòÉÔòÉÔòÉÔòÉÔòÉÔòÉÔòÉÔòÉÔòÉÔòÉÔòÉÔòÉÔòÉÔòÉÔòÉÔòÉÔòÉÔòÉÔòÉÔòÉÔòÉÔòÉÔòÉÔòÉÔòÉÔòÉÔòÉÔòÉÔòÉÔòÉÔòÉÔòÉÔòÉÔòÉÔòÉÔòÉÔòÉÔòÉÔòÉ
Question 2: Question 2
Question ID: q2
Description: Question 2
Allow Open Response: false
Allow Multiple Response: false
Has Answers: false
ÔØî Answers: NULL or EMPTY - Backend did not provide answer choices
Open Response Format: 'null'
index: 1
length: 2
­ƒöì Decision: hasAnswers=false, needsOpenResponse=false
Ô£à Using QuestionnaireMultipleChoice widget
ÔòÉÔòÉÔòÉÔòÉÔòÉÔòÉÔòÉÔòÉÔòÉÔòÉÔòÉÔòÉÔòÉÔòÉÔòÉÔòÉÔòÉÔòÉÔòÉÔòÉÔòÉÔòÉÔòÉÔòÉÔòÉÔòÉÔòÉÔòÉÔòÉÔòÉÔòÉÔòÉÔòÉÔòÉÔòÉÔòÉÔòÉÔòÉÔòÉÔòÉÔòÉÔòÉÔòÉÔòÉÔòÉÔòÉÔòÉ

00:06 +124: C:/Users/Guusv/Documents/Semester 5/Wildlife/wildrapport/test/business/managers/navigation_state_manager_test.dart: NavigationStateManager should reset to home screen                     
00:06 +125: C:/Users/Guusv/Documents/Semester 5/Wildlife/wildrapport/test/business/managers/navigation_state_manager_test.dart: NavigationStateManager should reset to home screen                     
00:06 +125: C:/Users/Guusv/Documents/Semester 5/Wildlife/wildrapport/test/business/managers/questionnaire_manager_test.dart: QuestionnaireManager should render MultipleChoice widget with per-answer text fields when question has answers
ÔòÉÔòÉÔòÉÔòÉÔòÉÔòÉÔòÉÔòÉÔòÉÔòÉÔòÉÔòÉÔòÉÔòÉÔòÉÔòÉÔòÉÔòÉÔòÉÔòÉÔòÉÔòÉÔòÉÔòÉÔòÉÔòÉÔòÉÔòÉÔòÉÔòÉÔòÉÔòÉÔòÉÔòÉÔòÉÔòÉÔòÉÔòÉÔòÉÔòÉÔòÉÔòÉÔòÉÔòÉÔòÉÔòÉÔòÉÔòÉÔòÉÔòÉÔòÉÔòÉÔòÉÔòÉÔòÉÔòÉÔòÉÔòÉÔòÉÔòÉÔòÉÔòÉÔòÉÔòÉ
[QuestionnaireManager] ­ƒôï QUESTIONNAIRE DETAILS FROM BACKEND
ÔöÇÔöÇÔöÇÔöÇÔöÇÔöÇÔöÇÔöÇÔöÇÔöÇÔöÇÔöÇÔöÇÔöÇÔöÇÔöÇÔöÇÔöÇÔöÇÔöÇÔöÇÔöÇÔöÇÔöÇÔöÇÔöÇÔöÇÔöÇÔöÇÔöÇÔöÇÔöÇÔöÇÔöÇÔöÇÔöÇÔöÇÔöÇÔöÇÔöÇÔöÇÔöÇÔöÇÔöÇÔöÇÔöÇÔöÇÔöÇÔöÇÔöÇÔöÇÔöÇÔöÇÔöÇÔöÇÔöÇÔöÇÔöÇÔöÇÔöÇÔöÇÔöÇÔöÇÔöÇ
Questionnaire ID: q_with_answers
Questionnaire Name: Test Multiple Choice Questionnaire
Interaction Type: Test Interaction
Total Questions: 1
ÔòÉÔòÉÔòÉÔòÉÔòÉÔòÉÔòÉÔòÉÔòÉÔòÉÔòÉÔòÉÔòÉÔòÉÔòÉÔòÉÔòÉÔòÉÔòÉÔòÉÔòÉÔòÉÔòÉÔòÉÔòÉÔòÉÔòÉÔòÉÔòÉÔòÉÔòÉÔòÉÔòÉÔòÉÔòÉÔòÉÔòÉÔòÉÔòÉÔòÉÔòÉÔòÉÔòÉÔòÉÔòÉÔòÉÔòÉÔòÉÔòÉÔòÉÔòÉÔòÉÔòÉÔòÉÔòÉÔòÉÔòÉÔòÉÔòÉÔòÉÔòÉÔòÉÔòÉÔòÉ
ÔòÉÔòÉÔòÉÔòÉÔòÉÔòÉÔòÉÔòÉÔòÉÔòÉÔòÉÔòÉÔòÉÔòÉÔòÉÔòÉÔòÉÔòÉÔòÉÔòÉÔòÉÔòÉÔòÉÔòÉÔòÉÔòÉÔòÉÔòÉÔòÉÔòÉÔòÉÔòÉÔòÉÔòÉÔòÉÔòÉÔòÉÔòÉÔòÉÔòÉÔòÉÔòÉÔòÉÔòÉÔòÉÔòÉÔòÉ
Question 1: Select one or more options and provide feedback:
Question ID: q1_multi
Description: Multiple choice with per-answer text
Allow Open Response: true
Allow Multiple Response: true
Has Answers: true
Answers count: 3
  - Answer ID: a1
    Answer Text: Option 1
  - Answer ID: a2
    Answer Text: Option 2
  - Answer ID: a3
    Answer Text: Option 3
Open Response Format: ''
index: 0
length: 1
­ƒöì Decision: hasAnswers=true, needsOpenResponse=false
Ô£à Using QuestionnaireMultipleChoice widget
ÔòÉÔòÉÔòÉÔòÉÔòÉÔòÉÔòÉÔòÉÔòÉÔòÉÔòÉÔòÉÔòÉÔòÉÔòÉÔòÉÔòÉÔòÉÔòÉÔòÉÔòÉÔòÉÔòÉÔòÉÔòÉÔòÉÔòÉÔòÉÔòÉÔòÉÔòÉÔòÉÔòÉÔòÉÔòÉÔòÉÔòÉÔòÉÔòÉÔòÉÔòÉÔòÉÔòÉÔòÉÔòÉÔòÉÔòÉ

00:06 +126: C:/Users/Guusv/Documents/Semester 5/Wildlife/wildrapport/test/business/managers/navigation_state_manager_test.dart: NavigationStateManager should reset to home screen                     
00:06 +126: C:/Users/Guusv/Documents/Semester 5/Wildlife/wildrapport/test/business/managers/questionnaire_manager_test.dart: QuestionnaireManager should render OpenResponse widget when question has no answers despite allowMultipleResponse=true
ÔòÉÔòÉÔòÉÔòÉÔòÉÔòÉÔòÉÔòÉÔòÉÔòÉÔòÉÔòÉÔòÉÔòÉÔòÉÔòÉÔòÉÔòÉÔòÉÔòÉÔòÉÔòÉÔòÉÔòÉÔòÉÔòÉÔòÉÔòÉÔòÉÔòÉÔòÉÔòÉÔòÉÔòÉÔòÉÔòÉÔòÉÔòÉÔòÉÔòÉÔòÉÔòÉÔòÉÔòÉÔòÉÔòÉÔòÉÔòÉÔòÉÔòÉÔòÉÔòÉÔòÉÔòÉÔòÉÔòÉÔòÉÔòÉÔòÉÔòÉÔòÉÔòÉÔòÉÔòÉ
[QuestionnaireManager] ­ƒôï QUESTIONNAIRE DETAILS FROM BACKEND
ÔöÇÔöÇÔöÇÔöÇÔöÇÔöÇÔöÇÔöÇÔöÇÔöÇÔöÇÔöÇÔöÇÔöÇÔöÇÔöÇÔöÇÔöÇÔöÇÔöÇÔöÇÔöÇÔöÇÔöÇÔöÇÔöÇÔöÇÔöÇÔöÇÔöÇÔöÇÔöÇÔöÇÔöÇÔöÇÔöÇÔöÇÔöÇÔöÇÔöÇÔöÇÔöÇÔöÇÔöÇÔöÇÔöÇÔöÇÔöÇÔöÇÔöÇÔöÇÔöÇÔöÇÔöÇÔöÇÔöÇÔöÇÔöÇÔöÇÔöÇÔöÇÔöÇÔöÇÔöÇ
Questionnaire ID: q_no_answers
Questionnaire Name: Test Questionnaire - No Answers
Interaction Type: Test Interaction
Total Questions: 1
ÔòÉÔòÉÔòÉÔòÉÔòÉÔòÉÔòÉÔòÉÔòÉÔòÉÔòÉÔòÉÔòÉÔòÉÔòÉÔòÉÔòÉÔòÉÔòÉÔòÉÔòÉÔòÉÔòÉÔòÉÔòÉÔòÉÔòÉÔòÉÔòÉÔòÉÔòÉÔòÉÔòÉÔòÉÔòÉÔòÉÔòÉÔòÉÔòÉÔòÉÔòÉÔòÉÔòÉÔòÉÔòÉÔòÉÔòÉÔòÉÔòÉÔòÉÔòÉÔòÉÔòÉÔòÉÔòÉÔòÉÔòÉÔòÉÔòÉÔòÉÔòÉÔòÉÔòÉÔòÉ
ÔòÉÔòÉÔòÉÔòÉÔòÉÔòÉÔòÉÔòÉÔòÉÔòÉÔòÉÔòÉÔòÉÔòÉÔòÉÔòÉÔòÉÔòÉÔòÉÔòÉÔòÉÔòÉÔòÉÔòÉÔòÉÔòÉÔòÉÔòÉÔòÉÔòÉÔòÉÔòÉÔòÉÔòÉÔòÉÔòÉÔòÉÔòÉÔòÉÔòÉÔòÉÔòÉÔòÉÔòÉÔòÉÔòÉÔòÉ
Question 1: This question has no predefined answers
Question ID: q1_no_answers
Description: Multiple response but no answers provided
Allow Open Response: true
Allow Multiple Response: true
Has Answers: false
ÔØî Answers: NULL or EMPTY - Backend did not provide answer choices
Open Response Format: ''
index: 0
length: 1
­ƒöì Decision: hasAnswers=false, needsOpenResponse=true
ÔÜá´©Å  WARNING: allowMultipleResponse=true but no answers provided by backend. Question will render as open response instead.
Ô£à Using QuestionnaireOpenResponse widget
ÔòÉÔòÉÔòÉÔòÉÔòÉÔòÉÔòÉÔòÉÔòÉÔòÉÔòÉÔòÉÔòÉÔòÉÔòÉÔòÉÔòÉÔòÉÔòÉÔòÉÔòÉÔòÉÔòÉÔòÉÔòÉÔòÉÔòÉÔòÉÔòÉÔòÉÔòÉÔòÉÔòÉÔòÉÔòÉÔòÉÔòÉÔòÉÔòÉÔòÉÔòÉÔòÉÔòÉÔòÉÔòÉÔòÉÔòÉ

00:06 +127: C:/Users/Guusv/Documents/Semester 5/Wildlife/wildrapport/test/business/managers/navigation_state_manager_test.dart: NavigationStateManager should reset to home screen                     
00:06 +128: C:/Users/Guusv/Documents/Semester 5/Wildlife/wildrapport/test/business/managers/permission_manager_test.dart: PermissionManager should show permission rationale dialog                    
00:06 +129: C:/Users/Guusv/Documents/Semester 5/Wildlife/wildrapport/test/business/managers/permission_manager_test.dart: PermissionManager should show permission rationale dialog                    
00:06 +129: C:/Users/Guusv/Documents/Semester 5/Wildlife/wildrapport/test/business/managers/response_manager_test.dart: ResponseManager should store response in SharedPreferences                     
[93m [ResponseManager]: === Storing Response ===
[93m [ResponseManager]: Questionnaire: questionnaire123
[93m [ResponseManager]: Question: question123
[93m [ResponseManager]: Answer ID: answer123
[93m [ResponseManager]: Text: Test response
[93m [ResponseManager]: jsonStringList = 
[93m null
[93m [ResponseManager]: Storing single response - Question: question123, Answer: answer123, Text: Test response
[93m [ResponseManager]: Creating new questionnaire entry with 1 response(s)
[32m [ResponseManager]: Response stored successfully!
[93m [ResponseManager]: Total responses in storage: 1 questionnaire(s)

00:06 +130: C:/Users/Guusv/Documents/Semester 5/Wildlife/wildrapport/test/business/managers/permission_manager_test.dart: PermissionManager should show permission rationale dialog                    
00:06 +130: C:/Users/Guusv/Documents/Semester 5/Wildlife/wildrapport/test/business/managers/response_manager_test.dart: ResponseManager should handle multiple answer IDs in response                  
[93m [ResponseManager]: === Storing Response ===
[93m [ResponseManager]: Questionnaire: questionnaire123
[93m [ResponseManager]: Question: question123
[93m [ResponseManager]: Answer ID: answer1, answer2, answer3
[93m [ResponseManager]: Text: Test response
[93m [ResponseManager]: jsonStringList = 
[93m null
[93m [ResponseManager]: Splitting multiple answers: 3 answers
[93m [ResponseManager]: Creating new questionnaire entry with 3 response(s)
[32m [ResponseManager]: Response stored successfully!
[93m [ResponseManager]: Total responses in storage: 1 questionnaire(s)

00:06 +131: C:/Users/Guusv/Documents/Semester 5/Wildlife/wildrapport/test/business/managers/permission_manager_test.dart: PermissionManager should show permission rationale dialog                    
00:06 +132: C:/Users/Guusv/Documents/Semester 5/Wildlife/wildrapport/test/business/managers/permission_manager_test.dart: PermissionManager should show permission rationale dialog                    
00:06 +132: C:/Users/Guusv/Documents/Semester 5/Wildlife/wildrapport/test/business/managers/response_manager_test.dart: ResponseManager should update existing response                                
[93m [ResponseManager]: === Storing Response ===
[93m [ResponseManager]: Questionnaire: questionnaire123
[93m [ResponseManager]: Question: question123
[93m [ResponseManager]: Answer ID: answer123
[93m [ResponseManager]: Text: Initial response
[93m [ResponseManager]: jsonStringList = 
[93m null
[93m [ResponseManager]: Storing single response - Question: question123, Answer: answer123, Text: Initial response
[93m [ResponseManager]: Creating new questionnaire entry with 1 response(s)
[32m [ResponseManager]: Response stored successfully!
[93m [ResponseManager]: Total responses in storage: 1 questionnaire(s)
[93m [ResponseManager]: jsonStringList = 
[93m [{"responses":[{"questionnaire123":[{"questionID":"question123","response":{"interactionID":"interaction123","questionID":"question123","answerID":"answer123","text":"Initial response"}}]}]}]

00:06 +133: C:/Users/Guusv/Documents/Semester 5/Wildlife/wildrapport/test/business/managers/permission_manager_test.dart: PermissionManager should show permission rationale dialog                    
00:06 +133: C:/Users/Guusv/Documents/Semester 5/Wildlife/wildrapport/test/business/managers/response_manager_test.dart: ResponseManager should submit responses when online                            
[93m [ResponseManager]: === Starting submitResponses ===
[93m [ResponseManager]: jsonStringList = 
[93m [{"responses":[{"questionnaire123":[{"questionID":"question123","response":{"interactionID":"interaction123","questionID":"question123","answerID":"answer123","text":"Test response"}}]}]}]
[93m [ResponseManager]: Found 1 response list objects
[ConnectivityResult.wifi]
[93m [ResponseManager]: Processing list object 0 with 1 questionnaires
[93m [ResponseManager]: Questionnaire questionnaire123 has 1 responses to submit
[93m [ResponseManager]: Submitting response 1 - Question: question123
[32m [ResponseManager]: Response 1 SUCCESS
[32m [ResponseManager]: All responses for questionnaire questionnaire123 submitted successfully
[93m [ResponseManager]: === Submit Summary ===
[93m [ResponseManager]: Total: 1, Successful: 1, Failed: 0
[32m [ResponseManager]: All stored responses submitted and cleared.

00:06 +134: C:/Users/Guusv/Documents/Semester 5/Wildlife/wildrapport/test/business/managers/permission_manager_test.dart: PermissionManager should show permission rationale dialog                    
00:07 +134: C:/Users/Guusv/Documents/Semester 5/Wildlife/wildrapport/test/business/managers/permission_manager_test.dart: PermissionManager should show permission rationale dialog                    
00:07 +134: C:/Users/Guusv/Documents/Semester 5/Wildlife/wildrapport/test/business/managers/response_manager_test.dart: ResponseManager should handle failed API submissions                           
[93m [ResponseManager]: === Starting submitResponses ===
[93m [ResponseManager]: jsonStringList = 
[93m [{"responses":[{"questionnaire123":[{"questionID":"question123","response":{"interactionID":"interaction123","questionID":"question123","answerID":"answer123","text":"Test response"}}]}]}]
[93m [ResponseManager]: Found 1 response list objects
[ConnectivityResult.wifi]
[93m [ResponseManager]: Processing list object 0 with 1 questionnaires
[93m [ResponseManager]: Questionnaire questionnaire123 has 1 responses to submit
[93m [ResponseManager]: Submitting response 1 - Question: question123
[31m [ResponseManager]: Response 1 FAILED
[93m [ResponseManager]: 1 responses failed, keeping in storage
[93m [ResponseManager]: === Submit Summary ===
[93m [ResponseManager]: Total: 1, Successful: 0, Failed: 1
Some responses failed to submit; remaining ones kept in storage.

00:07 +135: C:/Users/Guusv/Documents/Semester 5/Wildlife/wildrapport/test/business/managers/permission_manager_test.dart: PermissionManager should show permission rationale dialog                    
00:07 +135: C:/Users/Guusv/Documents/Semester 5/Wildlife/wildrapport/test/business/managers/response_manager_test.dart: ResponseManager should not submit responses when offline                       
[93m [ResponseManager]: === Storing Response ===
[93m [ResponseManager]: Questionnaire: questionnaire123
[93m [ResponseManager]: Question: question123
[93m [ResponseManager]: Answer ID: answer123
[93m [ResponseManager]: Text: Test response
[93m [ResponseManager]: jsonStringList = 
[93m null
[93m [ResponseManager]: Storing single response - Question: question123, Answer: answer123, Text: Test response
[93m [ResponseManager]: Creating new questionnaire entry with 1 response(s)
[32m [ResponseManager]: Response stored successfully!
[93m [ResponseManager]: Total responses in storage: 1 questionnaire(s)
[93m [ResponseManager]: === Starting submitResponses ===
[93m [ResponseManager]: jsonStringList = 
[93m [{"responses":[{"questionnaire123":[{"questionID":"question123","response":{"interactionID":"interaction123","questionID":"question123","answerID":"answer123","text":"Test response"}}]}]}]
[93m [ResponseManager]: Found 1 response list objects
[ConnectivityResult.none]
[93m [ResponseManager]: Offline detected, postponing response submission.

00:07 +136: C:/Users/Guusv/Documents/Semester 5/Wildlife/wildrapport/test/business/managers/permission_manager_test.dart: PermissionManager should show permission rationale dialog                    
00:07 +136: C:/Users/Guusv/Documents/Semester 5/Wildlife/wildrapport/test/business/managers/response_manager_test.dart: ResponseManager should handle empty responses list                             
[93m [ResponseManager]: === Starting submitResponses ===
[93m [ResponseManager]: jsonStringList = 
[93m []
[93m All responses are empty. Returning null.
[31m [ResponseManager]: No stored responses to submit.

00:07 +137: C:/Users/Guusv/Documents/Semester 5/Wildlife/wildrapport/test/business/managers/permission_manager_test.dart: PermissionManager should show permission rationale dialog                    
00:07 +137: C:/Users/Guusv/Documents/Semester 5/Wildlife/wildrapport/test/business/managers/response_manager_test.dart: ResponseManager should handle malformed JSON in responses list                 
[93m [ResponseManager]: === Starting submitResponses ===
[93m [ResponseManager]: jsonStringList = 
[93m []
[93m All responses are empty. Returning null.
[31m [ResponseManager]: No stored responses to submit.

00:07 +138: C:/Users/Guusv/Documents/Semester 5/Wildlife/wildrapport/test/business/managers/permission_manager_test.dart: PermissionManager should show permission rationale dialog                    
00:07 +138: C:/Users/Guusv/Documents/Semester 5/Wildlife/wildrapport/test/business/managers/response_manager_test.dart: ResponseManager should handle multiple responses for different questionnaires  
[93m [ResponseManager]: === Starting submitResponses ===
[93m [ResponseManager]: jsonStringList = 
[93m [{"responses":[{"questionnaire123":[{"questionID":"question123","response":{"interactionID":"interaction123","questionID":"question123","answerID":"answer123","text":"Test response 1"}}]},{"questionnaire456":[{"questionID":"question456","response":{"interactionID":"interaction456","questionID":"question456","answerID":"answer456","text":"Test response 2"}}]}]}]
[93m [ResponseManager]: Found 1 response list objects
[ConnectivityResult.wifi]
[93m [ResponseManager]: Processing list object 0 with 2 questionnaires
[93m [ResponseManager]: Questionnaire questionnaire123 has 1 responses to submit
[93m [ResponseManager]: Submitting response 1 - Question: question123
[32m [ResponseManager]: Response 1 SUCCESS
[32m [ResponseManager]: All responses for questionnaire questionnaire123 submitted successfully
[93m [ResponseManager]: Questionnaire questionnaire456 has 1 responses to submit
[93m [ResponseManager]: Submitting response 2 - Question: question456
[32m [ResponseManager]: Response 2 SUCCESS
[32m [ResponseManager]: All responses for questionnaire questionnaire456 submitted successfully
[93m [ResponseManager]: === Submit Summary ===
[93m [ResponseManager]: Total: 2, Successful: 2, Failed: 0
[32m [ResponseManager]: All stored responses submitted and cleared.

00:07 +139: C:/Users/Guusv/Documents/Semester 5/Wildlife/wildrapport/test/business/managers/permission_manager_test.dart: PermissionManager should show permission rationale dialog                    
00:07 +139: C:/Users/Guusv/Documents/Semester 5/Wildlife/wildrapport/test/business/managers/response_manager_test.dart: ResponseManager should handle API exceptions gracefully                        
[93m [ResponseManager]: === Starting submitResponses ===
[93m [ResponseManager]: jsonStringList = 
[93m [{"responses":[{"questionnaire123":[{"questionID":"question123","response":{"interactionID":"interaction123","questionID":"question123","answerID":"answer123","text":"Test response"}}]}]}]
[93m [ResponseManager]: Found 1 response list objects
[ConnectivityResult.wifi]
[93m [ResponseManager]: Processing list object 0 with 1 questionnaires
[93m [ResponseManager]: Questionnaire questionnaire123 has 1 responses to submit
[93m [ResponseManager]: Submitting response 1 - Question: question123
[32m [ResponseManager]: Response 1 SUCCESS
[32m [ResponseManager]: All responses for questionnaire questionnaire123 submitted successfully
[93m [ResponseManager]: === Submit Summary ===
[93m [ResponseManager]: Total: 1, Successful: 1, Failed: 0
[32m [ResponseManager]: All stored responses submitted and cleared.

00:07 +140: C:/Users/Guusv/Documents/Semester 5/Wildlife/wildrapport/test/business/managers/permission_manager_test.dart: PermissionManager should show permission rationale dialog                    
00:07 +140: C:/Users/Guusv/Documents/Semester 5/Wildlife/wildrapport/test/business/managers/navigation_state_manager_test.dart: NavigationStateManager should push replacement forward                 
[32m[NavigationStateManager] Disposing controllers: 0 controllers[0m

00:07 +141: C:/Users/Guusv/Documents/Semester 5/Wildlife/wildrapport/test/business/managers/permission_manager_test.dart: PermissionManager should show permission rationale dialog                    
00:07 +141: C:/Users/Guusv/Documents/Semester 5/Wildlife/wildrapport/test/business/managers/response_manager_test.dart: ResponseManager should clear responses after successful submission             
[93m [ResponseManager]: === Starting submitResponses ===
[93m [ResponseManager]: jsonStringList = 
[93m [{"responses":[{"questionnaire123":[{"questionID":"question123","response":{"interactionID":"interaction123","questionID":"question123","answerID":"answer123","text":"Test response"}}]}]}]
[93m [ResponseManager]: Found 1 response list objects
[ConnectivityResult.wifi]
[93m [ResponseManager]: Processing list object 0 with 1 questionnaires
[93m [ResponseManager]: Questionnaire questionnaire123 has 1 responses to submit
[93m [ResponseManager]: Submitting response 1 - Question: question123
[32m [ResponseManager]: Response 1 SUCCESS
[32m [ResponseManager]: All responses for questionnaire questionnaire123 submitted successfully
[93m [ResponseManager]: === Submit Summary ===
[93m [ResponseManager]: Total: 1, Successful: 1, Failed: 0
[32m [ResponseManager]: All stored responses submitted and cleared.

00:07 +142: C:/Users/Guusv/Documents/Semester 5/Wildlife/wildrapport/test/business/managers/permission_manager_test.dart: PermissionManager should show permission rationale dialog                    
00:07 +143: C:/Users/Guusv/Documents/Semester 5/Wildlife/wildrapport/test/business/managers/navigation_state_manager_test.dart: NavigationStateManager should push replacement back                    
00:07 +143: C:/Users/Guusv/Documents/Semester 5/Wildlife/wildrapport/test/business/managers/navigation_state_manager_test.dart: NavigationStateManager should push replacement back                    
[32m[NavigationStateManager] Disposing controllers: 0 controllers[0m

00:07 +144: C:/Users/Guusv/Documents/Semester 5/Wildlife/wildrapport/test/business/managers/navigation_state_manager_test.dart: NavigationStateManager should push replacement back                    
00:07 +144: C:/Users/Guusv/Documents/Semester 5/Wildlife/wildrapport/test/business/managers/navigation_state_manager_test.dart: NavigationStateManager should push forward                             
00:07 +145: C:/Users/Guusv/Documents/Semester 5/Wildlife/wildrapport/test/business/managers/navigation_state_manager_test.dart: NavigationStateManager should push forward                             
00:07 +146: C:/Users/Guusv/Documents/Semester 5/Wildlife/wildrapport/test/business/managers/screen_state_manager_test.dart: ScreenStateManager should load initial state on init                       
00:07 +147: C:/Users/Guusv/Documents/Semester 5/Wildlife/wildrapport/test/business/managers/screen_state_manager_test.dart: ScreenStateManager should load initial state on init                       
00:07 +148: C:/Users/Guusv/Documents/Semester 5/Wildlife/wildrapport/test/business/managers/screen_state_manager_test.dart: ScreenStateManager should load initial state on init                       
00:07 +149: C:/Users/Guusv/Documents/Semester 5/Wildlife/wildrapport/test/business/managers/screen_state_manager_test.dart: ScreenStateManager should load initial state on init                       
00:07 +150: C:/Users/Guusv/Documents/Semester 5/Wildlife/wildrapport/test/business/managers/screen_state_manager_test.dart: ScreenStateManager should load initial state on init                       
00:07 +151: C:/Users/Guusv/Documents/Semester 5/Wildlife/wildrapport/test/business/managers/screen_state_manager_test.dart: ScreenStateManager should load initial state on init                       
00:07 +152: C:/Users/Guusv/Documents/Semester 5/Wildlife/wildrapport/test/business/managers/screen_state_manager_test.dart: ScreenStateManager should load initial state on init                       
00:07 +153: C:/Users/Guusv/Documents/Semester 5/Wildlife/wildrapport/test/business/managers/screen_state_manager_test.dart: ScreenStateManager should load initial state on init                       
00:07 +154: C:/Users/Guusv/Documents/Semester 5/Wildlife/wildrapport/test/business/managers/screen_state_manager_test.dart: ScreenStateManager should load initial state on init                       
00:07 +155: C:/Users/Guusv/Documents/Semester 5/Wildlife/wildrapport/test/business/managers/screen_state_manager_test.dart: ScreenStateManager should load initial state on init                       
00:07 +156: C:/Users/Guusv/Documents/Semester 5/Wildlife/wildrapport/test/business/managers/screen_state_manager_test.dart: ScreenStateManager should load initial state on init                       
00:07 +157: C:/Users/Guusv/Documents/Semester 5/Wildlife/wildrapport/test/business/managers/screen_state_manager_test.dart: ScreenStateManager should load initial state on init                       
00:07 +158: C:/Users/Guusv/Documents/Semester 5/Wildlife/wildrapport/test/business/managers/screen_state_manager_test.dart: ScreenStateManager should load initial state on init                       
00:07 +159: C:/Users/Guusv/Documents/Semester 5/Wildlife/wildrapport/test/business/managers/screen_state_manager_test.dart: ScreenStateManager should load initial state on init                       
00:07 +160: C:/Users/Guusv/Documents/Semester 5/Wildlife/wildrapport/test/business/managers/screen_state_manager_test.dart: ScreenStateManager should load initial state on init                       
00:07 +161: C:/Users/Guusv/Documents/Semester 5/Wildlife/wildrapport/test/business/managers/screen_state_manager_test.dart: ScreenStateManager should load initial state on init                       
00:07 +162: C:/Users/Guusv/Documents/Semester 5/Wildlife/wildrapport/test/business/managers/screen_state_manager_test.dart: ScreenStateManager should load initial state on init                       
00:07 +162: C:/Users/Guusv/Documents/Semester 5/Wildlife/wildrapport/test/business/managers/screen_state_manager_test.dart: ScreenStateManager should save state on dispose                            
00:07 +163: C:/Users/Guusv/Documents/Semester 5/Wildlife/wildrapport/test/business/managers/screen_state_manager_test.dart: ScreenStateManager should save state on dispose                            
00:07 +163: C:/Users/Guusv/Documents/Semester 5/Wildlife/wildrapport/test/business/managers/screen_state_manager_test.dart: ScreenStateManager should update state with saved values                   
00:07 +164: C:/Users/Guusv/Documents/Semester 5/Wildlife/wildrapport/test/business/managers/screen_state_manager_test.dart: ScreenStateManager should update state with saved values                   
00:07 +164: C:/Users/Guusv/Documents/Semester ... ScreenStateManager should not update state if current value equals saved value                                                                       
00:08 +164: C:/Users/Guusv/Documents/Semester ... ScreenStateManager should not update state if current value equals saved value                                                                       
00:08 +165: C:/Users/Guusv/Documents/Semester ... ScreenStateManager should not update state if current value equals saved value                                                                       
00:08 +165: loading C:/Users/Guusv/Documents/Semester 5/Wildlife/wildrapport/test/business/models/animal_model_test.dart                                                                               
00:08 +165: C:/Users/Guusv/Documents/Semester 5/Wildlife/wildrapport/test/business/models/animal_model_test.dart: AnimalModel should have correct properties                                           
00:08 +166: C:/Users/Guusv/Documents/Semester 5/Wildlife/wildrapport/test/business/models/animal_model_test.dart: AnimalModel should have correct properties                                           
00:08 +166: C:/Users/Guusv/Documents/Semester 5/Wildlife/wildrapport/test/business/models/animal_model_test.dart: AnimalModel should add gender view count                                             
00:08 +167: C:/Users/Guusv/Documents/Semester 5/Wildlife/wildrapport/test/business/models/animal_model_test.dart: AnimalModel should add gender view count                                             
00:08 +167: C:/Users/Guusv/Documents/Semester 5/Wildlife/wildrapport/test/business/models/animal_model_test.dart: AnimalModel should return gender from genderViewCounts                               
00:08 +168: C:/Users/Guusv/Documents/Semester 5/Wildlife/wildrapport/test/business/models/animal_model_test.dart: AnimalModel should return gender from genderViewCounts                               
00:08 +168: C:/Users/Guusv/Documents/Semester 5/Wildlife/wildrapport/test/business/models/animal_model_test.dart: AnimalModel should return null gender when genderViewCounts is empty                 
00:08 +169: C:/Users/Guusv/Documents/Semester 5/Wildlife/wildrapport/test/business/models/animal_model_test.dart: AnimalModel should return null gender when genderViewCounts is empty                 
00:08 +169: C:/Users/Guusv/Documents/Semester 5/Wildlife/wildrapport/test/business/models/animal_model_test.dart: AnimalModel should return viewCount from genderViewCounts                            
00:08 +170: C:/Users/Guusv/Documents/Semester 5/Wildlife/wildrapport/test/business/models/animal_model_test.dart: AnimalModel should return viewCount from genderViewCounts                            
00:08 +170: C:/Users/Guusv/Documents/Semester 5/Wildlife/wildrapport/test/business/models/animal_model_test.dart: AnimalModel should return null viewCount when genderViewCounts is empty              
00:08 +171: C:/Users/Guusv/Documents/Semester 5/Wildlife/wildrapport/test/business/models/animal_model_test.dart: AnimalModel should return null viewCount when genderViewCounts is empty              
00:08 +171: C:/Users/Guusv/Documents/Semester 5/Wildlife/wildrapport/test/business/models/animal_model_test.dart: AnimalModel should create with condition                                             
00:08 +172: C:/Users/Guusv/Documents/Semester 5/Wildlife/wildrapport/test/business/models/animal_model_test.dart: AnimalModel should create with condition                                             
00:08 +172: C:/Users/Guusv/Documents/Semester 5/Wildlife/wildrapport/test/business/models/animal_model_test.dart: AnimalModel should convert to JSON correctly                                         
00:08 +173: C:/Users/Guusv/Documents/Semester 5/Wildlife/wildrapport/test/business/models/animal_model_test.dart: AnimalModel should convert to JSON correctly                                         
00:08 +173: C:/Users/Guusv/Documents/Semester 5/Wildlife/wildrapport/test/business/models/animal_model_test.dart: AnimalModel should update gender correctly                                           
00:08 +174: C:/Users/Guusv/Documents/Semester 5/Wildlife/wildrapport/test/business/models/animal_model_test.dart: AnimalModel should update gender correctly                                           
00:08 +174: C:/Users/Guusv/Documents/Semester 5/Wildlife/wildrapport/test/business/models/animal_model_test.dart: AnimalModel should update viewCount correctly                                        
00:08 +175: C:/Users/Guusv/Documents/Semester 5/Wildlife/wildrapport/test/business/models/animal_model_test.dart: AnimalModel should update viewCount correctly                                        
00:08 +175: C:/Users/Guusv/Documents/Semester 5/Wildlife/wildrapport/test/business/models/animal_model_test.dart: AnimalModel should preserve condition when updating gender                           
00:08 +176: C:/Users/Guusv/Documents/Semester 5/Wildlife/wildrapport/test/business/models/animal_model_test.dart: AnimalModel should preserve condition when updating gender                           
00:08 +176: C:/Users/Guusv/Documents/Semester 5/Wildlife/wildrapport/test/business/models/animal_model_test.dart: AnimalModel should calculate total count correctly                                   
00:08 +177: C:/Users/Guusv/Documents/Semester 5/Wildlife/wildrapport/test/business/models/animal_model_test.dart: AnimalModel should calculate total count correctly                                   
00:08 +177: loading C:/Users/Guusv/Documents/Semester 5/Wildlife/wildrapport/test/business/models/animal_sighting_model_test.dart                                                                      
00:08 +177: C:/Users/Guusv/Documents/Semester 5/Wildlife/wildrapport/test/business/models/animal_sighting_model_test.dart: AnimalSightingModel should have correct properties                          
00:08 +178: C:/Users/Guusv/Documents/Semester 5/Wildlife/wildrapport/test/business/models/animal_sighting_model_test.dart: AnimalSightingModel should have correct properties                          
00:08 +178: C:/Users/Guusv/Documents/Semester 5/Wildlife/wildrapport/test/business/models/animal_sighting_model_test.dart: AnimalSightingModel should update category                                  
00:08 +179: C:/Users/Guusv/Documents/Semester 5/Wildlife/wildrapport/test/business/models/animal_sighting_model_test.dart: AnimalSightingModel should update category                                  
00:08 +179: C:/Users/Guusv/Documents/Semester 5/Wildlife/wildrapport/test/business/models/animal_sighting_model_test.dart: AnimalSightingModel should update description                               
00:08 +180: C:/Users/Guusv/Documents/Semester 5/Wildlife/wildrapport/test/business/models/animal_sighting_model_test.dart: AnimalSightingModel should update description                               
00:08 +180: C:/Users/Guusv/Documents/Semester 5/Wildlife/wildrapport/test/business/models/animal_sighting_model_test.dart: AnimalSightingModel should update locations                                 
00:08 +181: C:/Users/Guusv/Documents/Semester 5/Wildlife/wildrapport/test/business/models/animal_sighting_model_test.dart: AnimalSightingModel should update locations                                 
00:08 +181: C:/Users/Guusv/Documents/Semester 5/Wildlife/wildrapport/test/business/models/animal_sighting_model_test.dart: AnimalSightingModel should update dateTime                                  
00:08 +182: C:/Users/Guusv/Documents/Semester 5/Wildlife/wildrapport/test/business/models/animal_sighting_model_test.dart: AnimalSightingModel should update dateTime                                  
00:08 +182: C:/Users/Guusv/Documents/Semester 5/Wildlife/wildrapport/test/business/models/animal_sighting_model_test.dart: AnimalSightingModel should update images                                    
00:08 +183: C:/Users/Guusv/Documents/Semester 5/Wildlife/wildrapport/test/business/models/animal_sighting_model_test.dart: AnimalSightingModel should update images                                    
00:08 +183: C:/Users/Guusv/Documents/Semester 5/Wildlife/wildrapport/test/business/models/animal_sighting_model_test.dart: AnimalSightingModel should convert to JSON correctly                        
00:08 +184: C:/Users/Guusv/Documents/Semester 5/Wildlife/wildrapport/test/business/models/animal_sighting_model_test.dart: AnimalSightingModel should convert to JSON correctly                        
00:08 +184: C:/Users/Guusv/Documents/Semester 5/Wildlife/wildrapport/test/business/models/animal_sighting_model_test.dart: AnimalSightingModel should create from JSON correctly                       
00:08 +185: C:/Users/Guusv/Documents/Semester 5/Wildlife/wildrapport/test/business/models/animal_sighting_model_test.dart: AnimalSightingModel should create from JSON correctly                       
00:08 +185: C:/Users/Guusv/Documents/Semester 5/Wildlife/wildrapport/test/business/models/animal_sighting_model_test.dart: AnimalSightingModel should add animal to list                               
00:08 +186: C:/Users/Guusv/Documents/Semester 5/Wildlife/wildrapport/test/business/models/animal_sighting_model_test.dart: AnimalSightingModel should add animal to list                               
00:08 +186: C:/Users/Guusv/Documents/Semester 5/Wildlife/wildrapport/test/business/models/animal_sighting_model_test.dart: AnimalSightingModel should update location correctly                        
00:08 +187: C:/Users/Guusv/Documents/Semester 5/Wildlife/wildrapport/test/business/models/animal_sighting_model_test.dart: AnimalSightingModel should update location correctly                        
00:08 +187: C:/Users/Guusv/Documents/Semester 5/Wildlife/wildrapport/test/business/models/animal_sighting_model_test.dart: AnimalSightingModel should update dateTime correctly                        
00:08 +188: C:/Users/Guusv/Documents/Semester 5/Wildlife/wildrapport/test/business/models/animal_sighting_model_test.dart: AnimalSightingModel should update dateTime correctly                        
00:08 +188: C:/Users/Guusv/Documents/Semester 5/Wildlife/wildrapport/test/business/models/animal_sighting_model_test.dart: AnimalSightingModel should update images correctly                          
00:08 +189: C:/Users/Guusv/Documents/Semester 5/Wildlife/wildrapport/test/business/models/animal_sighting_model_test.dart: AnimalSightingModel should update images correctly                          
00:08 +189: C:/Users/Guusv/Documents/Semester 5/Wildlife/wildrapport/test/business/models/animal_sighting_model_test.dart: AnimalSightingModel should handle null values in toJson                     
00:08 +190: C:/Users/Guusv/Documents/Semester 5/Wildlife/wildrapport/test/business/models/animal_sighting_model_test.dart: AnimalSightingModel should handle null values in toJson                     
00:08 +190: C:/Users/Guusv/Documents/Semester 5/Wildlife/wildrapport/test/business/models/animal_sighting_model_test.dart: AnimalSightingModel should handle empty list in toJson                      
00:08 +191: C:/Users/Guusv/Documents/Semester 5/Wildlife/wildrapport/test/business/models/animal_sighting_model_test.dart: AnimalSightingModel should handle empty list in toJson                      
00:08 +191: C:/Users/Guusv/Documents/Semester 5/Wildlife/wildrapport/test/business/models/animal_sighting_model_test.dart: AnimalSightingModel should create a copy with updated values using copyWith 
00:08 +192: C:/Users/Guusv/Documents/Semester 5/Wildlife/wildrapport/test/business/models/animal_sighting_model_test.dart: AnimalSightingModel should create a copy with updated values using copyWith 
00:08 +192: C:/Users/Guusv/Documents/Semester ... AnimalSightingModel copyWith should keep original values when parameters are null                                                                    
00:08 +193: C:/Users/Guusv/Documents/Semester ... AnimalSightingModel copyWith should keep original values when parameters are null                                                                    
00:08 +193: C:/Users/Guusv/Documents/Semester 5/Wildlife/wildrapport/test/business/models/animal_sighting_model_test.dart: AnimalSightingModel fromJson should handle null values correctly            
00:08 +194: C:/Users/Guusv/Documents/Semester 5/Wildlife/wildrapport/test/business/models/animal_sighting_model_test.dart: AnimalSightingModel fromJson should handle null values correctly            
00:08 +194: C:/Users/Guusv/Documents/Semester 5/Wildlife/wildrapport/test/business/models/animal_sighting_model_test.dart: AnimalSightingModel fromJson should handle complex nested objects           
00:08 +195: C:/Users/Guusv/Documents/Semester 5/Wildlife/wildrapport/test/business/models/animal_sighting_model_test.dart: AnimalSightingModel fromJson should handle complex nested objects           
00:08 +195: C:/Users/Guusv/Documents/Semester 5/Wildlife/wildrapport/test/business/models/animal_sighting_model_test.dart: AnimalSightingModel toJson should handle null values correctly              
00:08 +196: C:/Users/Guusv/Documents/Semester 5/Wildlife/wildrapport/test/business/models/animal_sighting_model_test.dart: AnimalSightingModel toJson should handle null values correctly              
00:08 +196: loading C:/Users/Guusv/Documents/Semester 5/Wildlife/wildrapport/test/business/models/animal_sighting_report_wrapper_test.dart                                                             
00:08 +196: C:/Users/Guusv/Documents/Semester 5/Wildlife/wildrapport/test/business/models/animal_sighting_report_wrapper_test.dart: AnimalSightingReportWrapper should have correct properties         
00:08 +197: C:/Users/Guusv/Documents/Semester 5/Wildlife/wildrapport/test/business/models/animal_sighting_report_wrapper_test.dart: AnimalSightingReportWrapper should have correct properties         
00:08 +197: C:/Users/Guusv/Documents/Semester 5/Wildlife/wildrapport/test/business/models/animal_sighting_report_wrapper_test.dart: AnimalSightingReportWrapper should convert to JSON correctly       
00:08 +197: C:/Users/Guusv/Documents/Semester 5/Wildlife/wildrapport/test/business/models/animal_sighting_report_wrapper_test.dart: AnimalSightingReportWrapper should convert to JSON correctly       
=== Starting API Transform ===
Input Sighting: {animals: [{animalId: 1, animalImagePath: assets/wolf.png, animalName: Wolf, condition: null, genderViewCounts: []}], animalSelected: {animalId: 1, animalImagePath: assets/wolf.png, animalName: Wolf, condition: null, genderViewCounts: []}, reportType: null, animalCount: null, cropType: null, expectedLoss: null, preventiveMeasures: null, preventiveMeasuresDescription: null, accidentSeverity: null, animalConditionDieraanrijding: null, additionalInfo: null, category: AnimalCategory.roofdieren, humanActivity: null, humanActivityOther: null, perceivedAnimalActivity: null, perceivedAnimalActivityOther: null, description: Test description, locations: [{latitude: 52.0, longitude: 4.0, cityName: null, streetName: null, houseNumber: null, source: LocationSource.system}, {latitude: 52.1, longitude: 4.1, cityName: null, streetName: null, houseNumber: null, source: LocationSource.manual}], dateTime: {dateTime: 2023-01-01T00:00:00.000, isUnknown: false}, images: null}
System Location: {latitude: 52.0, longitude: 4.0, cityName: null, streetName: null, houseNumber: null, source: LocationSource.system}
Manual Location: {latitude: 52.1, longitude: 4.1, cityName: null, streetName: null, houseNumber: null, source: LocationSource.manual}
=== Final API Payload ===
{
  "description": "Test description",
  "location": {
    "latitude": 52.0,
    "longitude": 4.0
  },
  "moment": "2022-12-31T23:00:00.000Z",
  "place": {
    "latitude": 52.1,
    "longitude": 4.1
  },
  "speciesID": "1",
  "typeID": 1,
  "reportOfSighting": {
    "involvedAnimals": [
      {
        "condition": "unknown",
        "lifeStage": "unknown",
        "sex": "unknown"
      }
    ],
    "humanActivity": "unknown",
    "perceivedAnimalActivity": "unknown"
  }
}
========================

00:08 +198: C:/Users/Guusv/Documents/Semester 5/Wildlife/wildrapport/test/business/models/animal_sighting_report_wrapper_test.dart: AnimalSightingReportWrapper should convert to JSON correctly       
00:08 +198: C:/Users/Guusv/Documents/Semester ... AnimalSightingReportWrapper should throw StateError when locations are missing                                                                       
00:08 +198: C:/Users/Guusv/Documents/Semester 5/Wildlife/wildrapport/test/business/models/animal_sighting_report_wrapper_test.dart: AnimalSightingReportWrapper should throw StateError when locations are missing
=== Starting API Transform ===
Input Sighting: {animals: [{animalId: 1, animalImagePath: assets/wolf.png, animalName: Wolf, condition: null, genderViewCounts: []}], animalSelected: {animalId: 1, animalImagePath: assets/wolf.png, animalName: Wolf, condition: null, genderViewCounts: []}, reportType: null, animalCount: null, cropType: null, expectedLoss: null, preventiveMeasures: null, preventiveMeasuresDescription: null, accidentSeverity: null, animalConditionDieraanrijding: null, additionalInfo: null, category: AnimalCategory.roofdieren, humanActivity: null, humanActivityOther: null, perceivedAnimalActivity: null, perceivedAnimalActivityOther: null, description: Test description, locations: null, dateTime: {dateTime: 2023-01-01T00:00:00.000, isUnknown: false}, images: null}

00:08 +199: C:/Users/Guusv/Documents/Semester ... AnimalSightingReportWrapper should throw StateError when locations are missing                                                                       
00:08 +199: C:/Users/Guusv/Documents/Semester ... AnimalSightingReportWrapper should throw StateError when dateTime is missing                                                                         
00:08 +199: C:/Users/Guusv/Documents/Semester 5/Wildlife/wildrapport/test/business/models/animal_sighting_report_wrapper_test.dart: AnimalSightingReportWrapper should throw StateError when dateTime is missing
=== Starting API Transform ===
Input Sighting: {animals: [{animalId: 1, animalImagePath: assets/wolf.png, animalName: Wolf, condition: null, genderViewCounts: []}], animalSelected: {animalId: 1, animalImagePath: assets/wolf.png, animalName: Wolf, condition: null, genderViewCounts: []}, reportType: null, animalCount: null, cropType: null, expectedLoss: null, preventiveMeasures: null, preventiveMeasuresDescription: null, accidentSeverity: null, animalConditionDieraanrijding: null, additionalInfo: null, category: AnimalCategory.roofdieren, humanActivity: null, humanActivityOther: null, perceivedAnimalActivity: null, perceivedAnimalActivityOther: null, description: Test description, locations: [{latitude: 52.0, longitude: 4.0, cityName: null, streetName: null, houseNumber: null, source: LocationSource.system}, {latitude: 52.1, longitude: 4.1, cityName: null, streetName: null, houseNumber: null, source: LocationSource.manual}], dateTime: null, images: null}

00:08 +200: C:/Users/Guusv/Documents/Semester ... AnimalSightingReportWrapper should throw StateError when dateTime is missing                                                                         
00:08 +200: C:/Users/Guusv/Documents/Semester ... AnimalSightingReportWrapper should throw StateError when animals list is empty                                                                       
00:08 +200: C:/Users/Guusv/Documents/Semester 5/Wildlife/wildrapport/test/business/models/animal_sighting_report_wrapper_test.dart: AnimalSightingReportWrapper should throw StateError when animals list is empty
=== Starting API Transform ===
Input Sighting: {animals: [], animalSelected: {animalId: 1, animalImagePath: assets/wolf.png, animalName: Wolf, condition: null, genderViewCounts: []}, reportType: null, animalCount: null, cropType: null, expectedLoss: null, preventiveMeasures: null, preventiveMeasuresDescription: null, accidentSeverity: null, animalConditionDieraanrijding: null, additionalInfo: null, category: AnimalCategory.roofdieren, humanActivity: null, humanActivityOther: null, perceivedAnimalActivity: null, perceivedAnimalActivityOther: null, description: Test description, locations: [{latitude: 52.0, longitude: 4.0, cityName: null, streetName: null, houseNumber: null, source: LocationSource.system}, {latitude: 52.1, longitude: 4.1, cityName: null, streetName: null, houseNumber: null, source: LocationSource.manual}], dateTime: {dateTime: 2023-01-01T00:00:00.000, isUnknown: false}, images: null}

00:08 +201: C:/Users/Guusv/Documents/Semester ... AnimalSightingReportWrapper should throw StateError when animals list is empty                                                                       
00:08 +201: C:/Users/Guusv/Documents/Semester ... AnimalSightingReportWrapper should throw StateError when animalSelected is missing                                                                   
00:08 +201: C:/Users/Guusv/Documents/Semester 5/Wildlife/wildrapport/test/business/models/animal_sighting_report_wrapper_test.dart: AnimalSightingReportWrapper should throw StateError when animalSelected is missing
=== Starting API Transform ===
Input Sighting: {animals: [{animalId: 1, animalImagePath: assets/wolf.png, animalName: Wolf, condition: null, genderViewCounts: []}], animalSelected: null, reportType: null, animalCount: null, cropType: null, expectedLoss: null, preventiveMeasures: null, preventiveMeasuresDescription: null, accidentSeverity: null, animalConditionDieraanrijding: null, additionalInfo: null, category: AnimalCategory.roofdieren, humanActivity: null, humanActivityOther: null, perceivedAnimalActivity: null, perceivedAnimalActivityOther: null, description: Test description, locations: [{latitude: 52.0, longitude: 4.0, cityName: null, streetName: null, houseNumber: null, source: LocationSource.system}, {latitude: 52.1, longitude: 4.1, cityName: null, streetName: null, houseNumber: null, source: LocationSource.manual}], dateTime: {dateTime: 2023-01-01T00:00:00.000, isUnknown: false}, images: null}

00:08 +202: C:/Users/Guusv/Documents/Semester ... AnimalSightingReportWrapper should throw StateError when animalSelected is missing                                                                   
00:08 +202: C:/Users/Guusv/Documents/Semester ... AnimalSightingReportWrapper should throw StateError when system location is missing                                                                  
00:08 +202: C:/Users/Guusv/Documents/Semester 5/Wildlife/wildrapport/test/business/models/animal_sighting_report_wrapper_test.dart: AnimalSightingReportWrapper should throw StateError when system location is missing
=== Starting API Transform ===
Input Sighting: {animals: [{animalId: 1, animalImagePath: assets/wolf.png, animalName: Wolf, condition: null, genderViewCounts: []}], animalSelected: {animalId: 1, animalImagePath: assets/wolf.png, animalName: Wolf, condition: null, genderViewCounts: []}, reportType: null, animalCount: null, cropType: null, expectedLoss: null, preventiveMeasures: null, preventiveMeasuresDescription: null, accidentSeverity: null, animalConditionDieraanrijding: null, additionalInfo: null, category: AnimalCategory.roofdieren, humanActivity: null, humanActivityOther: null, perceivedAnimalActivity: null, perceivedAnimalActivityOther: null, description: Test description, locations: [{latitude: 52.1, longitude: 4.1, cityName: null, streetName: null, houseNumber: null, source: LocationSource.manual}], dateTime: {dateTime: 2023-01-01T00:00:00.000, isUnknown: false}, images: null}
ÔÜá´©Å System location not available, using manual location as fallback
System Location: {latitude: 52.1, longitude: 4.1, cityName: null, streetName: null, houseNumber: null, source: LocationSource.manual}
Manual Location: {latitude: 52.1, longitude: 4.1, cityName: null, streetName: null, houseNumber: null, source: LocationSource.manual}
=== Final API Payload ===
{
  "description": "Test description",
  "location": {
    "latitude": 52.1,
    "longitude": 4.1
  },
  "moment": "2022-12-31T23:00:00.000Z",
  "place": {
    "latitude": 52.1,
    "longitude": 4.1
  },
  "speciesID": "1",
  "typeID": 1,
  "reportOfSighting": {
    "involvedAnimals": [
      {
        "condition": "unknown",
        "lifeStage": "unknown",
        "sex": "unknown"
      }
    ],
    "humanActivity": "unknown",
    "perceivedAnimalActivity": "unknown"
  }
}
========================

00:08 +203: C:/Users/Guusv/Documents/Semester ... AnimalSightingReportWrapper should throw StateError when system location is missing                                                                  
00:08 +203: C:/Users/Guusv/Documents/Semester ... AnimalSightingReportWrapper should throw StateError when manual location is missing                                                                  
00:08 +203: C:/Users/Guusv/Documents/Semester 5/Wildlife/wildrapport/test/business/models/animal_sighting_report_wrapper_test.dart: AnimalSightingReportWrapper should throw StateError when manual location is missing
=== Starting API Transform ===
Input Sighting: {animals: [{animalId: 1, animalImagePath: assets/wolf.png, animalName: Wolf, condition: null, genderViewCounts: []}], animalSelected: {animalId: 1, animalImagePath: assets/wolf.png, animalName: Wolf, condition: null, genderViewCounts: []}, reportType: null, animalCount: null, cropType: null, expectedLoss: null, preventiveMeasures: null, preventiveMeasuresDescription: null, accidentSeverity: null, animalConditionDieraanrijding: null, additionalInfo: null, category: AnimalCategory.roofdieren, humanActivity: null, humanActivityOther: null, perceivedAnimalActivity: null, perceivedAnimalActivityOther: null, description: Test description, locations: [{latitude: 52.0, longitude: 4.0, cityName: null, streetName: null, houseNumber: null, source: LocationSource.system}], dateTime: {dateTime: 2023-01-01T00:00:00.000, isUnknown: false}, images: null}
System Location: {latitude: 52.0, longitude: 4.0, cityName: null, streetName: null, houseNumber: null, source: LocationSource.system}
Manual Location: {latitude: 52.0, longitude: 4.0, cityName: null, streetName: null, houseNumber: null, source: LocationSource.system}
=== Final API Payload ===
{
  "description": "Test description",
  "location": {
    "latitude": 52.0,
    "longitude": 4.0
  },
  "moment": "2022-12-31T23:00:00.000Z",
  "place": {
    "latitude": 52.0,
    "longitude": 4.0
  },
  "speciesID": "1",
  "typeID": 1,
  "reportOfSighting": {
    "involvedAnimals": [
      {
        "condition": "unknown",
        "lifeStage": "unknown",
        "sex": "unknown"
      }
    ],
    "humanActivity": "unknown",
    "perceivedAnimalActivity": "unknown"
  }
}
========================

00:08 +204: C:/Users/Guusv/Documents/Semester ... AnimalSightingReportWrapper should throw StateError when manual location is missing                                                                  
00:08 +204: C:/Users/Guusv/Documents/Semester ... AnimalSightingReportWrapper should handle complex animal sighting with multiple animals                                                              
00:08 +204: C:/Users/Guusv/Documents/Semester 5/Wildlife/wildrapport/test/business/models/animal_sighting_report_wrapper_test.dart: AnimalSightingReportWrapper should handle complex animal sighting with multiple animals
=== Starting API Transform ===
Input Sighting: {animals: [{animalId: 1, animalImagePath: assets/wolf.png, animalName: Wolf, condition: AnimalCondition.gezond, genderViewCounts: [{gender: AnimalGender.mannelijk, viewCount: {pasGeborenAmount: 0, onvolwassenAmount: 0, volwassenAmount: 2, unknownAmount: 0}}, {gender: AnimalGender.vrouwelijk, viewCount: {pasGeborenAmount: 0, onvolwassenAmount: 0, volwassenAmount: 1, unknownAmount: 0}}]}, {animalId: 2, animalImagePath: assets/fox.png, animalName: Fox, condition: AnimalCondition.gezond, genderViewCounts: [{gender: AnimalGender.onbekend, viewCount: {pasGeborenAmount: 0, onvolwassenAmount: 0, volwassenAmount: 3, unknownAmount: 0}}]}], animalSelected: {animalId: 1, animalImagePath: assets/wolf.png, animalName: Wolf, condition: AnimalCondition.gezond, genderViewCounts: [{gender: AnimalGender.mannelijk, viewCount: {pasGeborenAmount: 0, onvolwassenAmount: 0, volwassenAmount: 2, unknownAmount: 0}}, {gender: AnimalGender.vrouwelijk, viewCount: {pasGeborenAmount: 0, onvolwassenAmount: 0, volwassenAmount: 1, unknownAmount: 0}}]}, reportType: null, animalCount: null, cropType: null, expectedLoss: null, preventiveMeasures: null, preventiveMeasuresDescription: null, accidentSeverity: null, animalConditionDieraanrijding: null, additionalInfo: null, category: AnimalCategory.roofdieren, humanActivity: null, humanActivityOther: null, perceivedAnimalActivity: null, perceivedAnimalActivityOther: null, description: Pack of wolves and foxes spotted near the forest, locations: [{latitude: 52.0, longitude: 4.0, cityName: null, streetName: null, houseNumber: null, source: LocationSource.system}, {latitude: 52.1, longitude: 4.1, cityName: null, streetName: null, houseNumber: null, source: LocationSource.manual}], dateTime: {dateTime: 2023-01-01T14:30:00.000, isUnknown: false}, images: {imagePaths: [path/to/image1.jpg, path/to/image2.jpg]}}
System Location: {latitude: 52.0, longitude: 4.0, cityName: null, streetName: null, houseNumber: null, source: LocationSource.system}
Manual Location: {latitude: 52.1, longitude: 4.1, cityName: null, streetName: null, houseNumber: null, source: LocationSource.manual}
=== Final API Payload ===
{
  "description": "Pack of wolves and foxes spotted near the forest",
  "location": {
    "latitude": 52.0,
    "longitude": 4.0
  },
  "moment": "2023-01-01T13:30:00.000Z",
  "place": {
    "latitude": 52.1,
    "longitude": 4.1
  },
  "speciesID": "1",
  "typeID": 1,
  "reportOfSighting": {
    "involvedAnimals": [
      {
        "condition": "healthy",
        "lifeStage": "adult",
        "sex": "male"
      },
      {
        "condition": "healthy",
        "lifeStage": "adult",
        "sex": "male"
      },
      {
        "condition": "healthy",
        "lifeStage": "adult",
        "sex": "female"
      },
      {
        "condition": "healthy",
        "lifeStage": "adult",
        "sex": "unknown"
      },
      {
        "condition": "healthy",
        "lifeStage": "adult",
        "sex": "unknown"
      },
      {
        "condition": "healthy",
        "lifeStage": "adult",
        "sex": "unknown"
      }
    ],
    "humanActivity": "unknown",
    "perceivedAnimalActivity": "unknown"
  }
}
========================

00:08 +205: C:/Users/Guusv/Documents/Semester ... AnimalSightingReportWrapper should handle complex animal sighting with multiple animals                                                              
00:08 +205: C:/Users/Guusv/Documents/Semester ... AnimalSightingReportWrapper should handle sighting with minimal required data                                                                        
00:08 +205: C:/Users/Guusv/Documents/Semester 5/Wildlife/wildrapport/test/business/models/animal_sighting_report_wrapper_test.dart: AnimalSightingReportWrapper should handle sighting with minimal required data
=== Starting API Transform ===
Input Sighting: {animals: [{animalId: 1, animalImagePath: assets/wolf.png, animalName: Wolf, condition: null, genderViewCounts: []}], animalSelected: {animalId: 1, animalImagePath: assets/wolf.png, animalName: Wolf, condition: null, genderViewCounts: []}, reportType: null, animalCount: null, cropType: null, expectedLoss: null, preventiveMeasures: null, preventiveMeasuresDescription: null, accidentSeverity: null, animalConditionDieraanrijding: null, additionalInfo: null, category: null, humanActivity: null, humanActivityOther: null, perceivedAnimalActivity: null, perceivedAnimalActivityOther: null, description: , locations: [{latitude: 52.0, longitude: 4.0, cityName: null, streetName: null, houseNumber: null, source: LocationSource.system}, {latitude: 52.1, longitude: 4.1, cityName: null, streetName: null, houseNumber: null, source: LocationSource.manual}], dateTime: {dateTime: 2023-01-01T00:00:00.000, isUnknown: false}, images: null}

00:08 +206: C:/Users/Guusv/Documents/Semester ... AnimalSightingReportWrapper should handle sighting with minimal required data                                                                        
00:08 +206: loading C:/Users/Guusv/Documents/Semester 5/Wildlife/wildrapport/test/business/models/answer_test.dart                                                                                     
00:08 +206: C:/Users/Guusv/Documents/Semester 5/Wildlife/wildrapport/test/business/models/answer_test.dart: Answer should have correct properties                                                      
00:08 +207: C:/Users/Guusv/Documents/Semester 5/Wildlife/wildrapport/test/business/models/answer_test.dart: Answer should have correct properties                                                      
00:08 +207: C:/Users/Guusv/Documents/Semester 5/Wildlife/wildrapport/test/business/models/answer_test.dart: Answer should create from JSON correctly                                                   
00:08 +208: C:/Users/Guusv/Documents/Semester 5/Wildlife/wildrapport/test/business/models/answer_test.dart: Answer should create from JSON correctly                                                   
00:08 +208: C:/Users/Guusv/Documents/Semester 5/Wildlife/wildrapport/test/business/models/answer_test.dart: Answer should convert to JSON correctly                                                    
00:08 +209: C:/Users/Guusv/Documents/Semester 5/Wildlife/wildrapport/test/business/models/answer_test.dart: Answer should convert to JSON correctly                                                    
00:08 +209: C:/Users/Guusv/Documents/Semester 5/Wildlife/wildrapport/test/business/models/answer_test.dart: Answer should handle null nextQuestionId in constructor                                    
00:08 +210: C:/Users/Guusv/Documents/Semester 5/Wildlife/wildrapport/test/business/models/answer_test.dart: Answer should handle null nextQuestionId in constructor                                    
00:08 +210: C:/Users/Guusv/Documents/Semester 5/Wildlife/wildrapport/test/business/models/answer_test.dart: Answer should handle null nextQuestionId in fromJson                                       
00:08 +211: C:/Users/Guusv/Documents/Semester 5/Wildlife/wildrapport/test/business/models/answer_test.dart: Answer should handle null nextQuestionId in fromJson                                       
00:08 +211: C:/Users/Guusv/Documents/Semester 5/Wildlife/wildrapport/test/business/models/answer_test.dart: Answer should handle missing nextQuestionId in fromJson                                    
00:08 +212: C:/Users/Guusv/Documents/Semester 5/Wildlife/wildrapport/test/business/models/answer_test.dart: Answer should handle missing nextQuestionId in fromJson                                    
00:08 +212: C:/Users/Guusv/Documents/Semester 5/Wildlife/wildrapport/test/business/models/answer_test.dart: Answer should handle empty string in text field                                            
00:08 +213: C:/Users/Guusv/Documents/Semester 5/Wildlife/wildrapport/test/business/models/answer_test.dart: Answer should handle empty string in text field                                            
00:08 +213: C:/Users/Guusv/Documents/Semester 5/Wildlife/wildrapport/test/business/models/answer_test.dart: Answer should handle zero index value                                                      
00:08 +214: C:/Users/Guusv/Documents/Semester 5/Wildlife/wildrapport/test/business/models/answer_test.dart: Answer should handle zero index value                                                      
00:08 +214: C:/Users/Guusv/Documents/Semester 5/Wildlife/wildrapport/test/business/models/answer_test.dart: Answer should handle negative index value                                                  
00:08 +215: C:/Users/Guusv/Documents/Semester 5/Wildlife/wildrapport/test/business/models/answer_test.dart: Answer should handle negative index value                                                  
00:09 +215: C:/Users/Guusv/Documents/Semester 5/Wildlife/wildrapport/test/business/models/answer_test.dart: Answer should handle negative index value                                                  
00:09 +215: loading C:/Users/Guusv/Documents/Semester 5/Wildlife/wildrapport/test/business/models/belonging_damage_report_model_test.dart                                                              
00:09 +215: C:/Users/Guusv/Documents/Semester 5/Wildlife/wildrapport/test/business/models/belonging_damage_report_model_test.dart: BelongingDamageReport Model should have correct properties          
00:09 +216: C:/Users/Guusv/Documents/Semester 5/Wildlife/wildrapport/test/business/models/belonging_damage_report_model_test.dart: BelongingDamageReport Model should have correct properties          
00:09 +216: C:/Users/Guusv/Documents/Semester 5/Wildlife/wildrapport/test/business/models/belonging_damage_report_model_test.dart: BelongingDamageReport Model should create from JSON correctly       
00:09 +217: C:/Users/Guusv/Documents/Semester 5/Wildlife/wildrapport/test/business/models/belonging_damage_report_model_test.dart: BelongingDamageReport Model should create from JSON correctly       
00:09 +217: C:/Users/Guusv/Documents/Semester 5/Wildlife/wildrapport/test/business/models/belonging_damage_report_model_test.dart: BelongingDamageReport Model should convert to JSON correctly        
00:09 +217: C:/Users/Guusv/Documents/Semester 5/Wildlife/wildrapport/test/business/models/belonging_damage_report_model_test.dart: BelongingDamageReport Model should convert to JSON correctly        
­ƒöì toJson: possesionName = 'Test Belonging'

00:09 +218: C:/Users/Guusv/Documents/Semester 5/Wildlife/wildrapport/test/business/models/belonging_damage_report_model_test.dart: BelongingDamageReport Model should convert to JSON correctly        
00:09 +218: C:/Users/Guusv/Documents/Semester 5/Wildlife/wildrapport/test/business/models/belonging_damage_report_model_test.dart: BelongingDamageReport Model should handle null values correctly     
00:09 +219: C:/Users/Guusv/Documents/Semester 5/Wildlife/wildrapport/test/business/models/belonging_damage_report_model_test.dart: BelongingDamageReport Model should handle null values correctly     
00:09 +219: C:/Users/Guusv/Documents/Semester 5/Wildlife/wildrapport/test/business/models/belonging_damage_report_model_test.dart: BelongingDamageReport Model should handle empty values correctly    
00:09 +220: C:/Users/Guusv/Documents/Semester 5/Wildlife/wildrapport/test/business/models/belonging_damage_report_model_test.dart: BelongingDamageReport Model should handle empty values correctly    
00:09 +220: C:/Users/Guusv/Documents/Semester ... BelongingDamageReport Model should create from JSON with missing fields                                                                              
00:09 +221: C:/Users/Guusv/Documents/Semester ... BelongingDamageReport Model should create from JSON with missing fields                                                                              
00:09 +221: C:/Users/Guusv/Documents/Semester ... BelongingDamageReport Model should be equal when properties are the same                                                                             
00:09 +222: C:/Users/Guusv/Documents/Semester ... BelongingDamageReport Model should be equal when properties are the same                                                                             
00:09 +222: C:/Users/Guusv/Documents/Semester 5/Wildlife/wildrapport/test/business/models/belonging_damage_report_model_test.dart: BelongingDamageReport Model should handle ID being null             
00:09 +223: C:/Users/Guusv/Documents/Semester 5/Wildlife/wildrapport/test/business/models/belonging_damage_report_model_test.dart: BelongingDamageReport Model should handle ID being null             
00:09 +223: loading C:/Users/Guusv/Documents/Semester 5/Wildlife/wildrapport/test/business/models/belonging_model_test.dart                                                                            
00:09 +223: C:/Users/Guusv/Documents/Semester 5/Wildlife/wildrapport/test/business/models/belonging_model_test.dart: Belonging Model should have correct properties                                    
00:09 +224: C:/Users/Guusv/Documents/Semester 5/Wildlife/wildrapport/test/business/models/belonging_model_test.dart: Belonging Model should have correct properties                                    
00:09 +224: C:/Users/Guusv/Documents/Semester 5/Wildlife/wildrapport/test/business/models/belonging_model_test.dart: Belonging Model should create from JSON correctly                                 
00:09 +225: C:/Users/Guusv/Documents/Semester 5/Wildlife/wildrapport/test/business/models/belonging_model_test.dart: Belonging Model should create from JSON correctly                                 
00:09 +225: C:/Users/Guusv/Documents/Semester 5/Wildlife/wildrapport/test/business/models/belonging_model_test.dart: Belonging Model should convert to JSON correctly                                  
00:09 +226: C:/Users/Guusv/Documents/Semester 5/Wildlife/wildrapport/test/business/models/belonging_model_test.dart: Belonging Model should convert to JSON correctly                                  
00:09 +226: C:/Users/Guusv/Documents/Semester 5/Wildlife/wildrapport/test/business/models/belonging_model_test.dart: Belonging Model should handle null values correctly                               
00:09 +227: C:/Users/Guusv/Documents/Semester 5/Wildlife/wildrapport/test/business/models/belonging_model_test.dart: Belonging Model should handle null values correctly                               
00:09 +227: C:/Users/Guusv/Documents/Semester 5/Wildlife/wildrapport/test/business/models/belonging_model_test.dart: Belonging Model should handle empty values correctly                              
00:09 +228: C:/Users/Guusv/Documents/Semester 5/Wildlife/wildrapport/test/business/models/belonging_model_test.dart: Belonging Model should handle empty values correctly                              
00:09 +228: C:/Users/Guusv/Documents/Semester 5/Wildlife/wildrapport/test/business/models/belonging_model_test.dart: Belonging Model should create from JSON with missing fields                       
00:09 +229: C:/Users/Guusv/Documents/Semester 5/Wildlife/wildrapport/test/business/models/belonging_model_test.dart: Belonging Model should create from JSON with missing fields                       
00:09 +229: C:/Users/Guusv/Documents/Semester 5/Wildlife/wildrapport/test/business/models/belonging_model_test.dart: Belonging Model should handle additional fields in JSON                           
00:09 +230: C:/Users/Guusv/Documents/Semester 5/Wildlife/wildrapport/test/business/models/belonging_model_test.dart: Belonging Model should handle additional fields in JSON                           
00:09 +230: C:/Users/Guusv/Documents/Semester 5/Wildlife/wildrapport/test/business/models/belonging_model_test.dart: Belonging Model should be equal when properties are the same                      
00:09 +231: C:/Users/Guusv/Documents/Semester 5/Wildlife/wildrapport/test/business/models/belonging_model_test.dart: Belonging Model should be equal when properties are the same                      
00:09 +231: C:/Users/Guusv/Documents/Semester 5/Wildlife/wildrapport/test/business/models/belonging_model_test.dart: Belonging Model should handle ID being null                                       
00:09 +232: C:/Users/Guusv/Documents/Semester 5/Wildlife/wildrapport/test/business/models/belonging_model_test.dart: Belonging Model should handle ID being null                                       
00:09 +232: loading C:/Users/Guusv/Documents/Semester 5/Wildlife/wildrapport/test/business/models/experiment_model_test.dart                                                                           
00:09 +232: C:/Users/Guusv/Documents/Semester 5/Wildlife/wildrapport/test/business/models/experiment_model_test.dart: Experiment Model Tests should have correct properties                            
00:09 +233: C:/Users/Guusv/Documents/Semester 5/Wildlife/wildrapport/test/business/models/experiment_model_test.dart: Experiment Model Tests should have correct properties                            
00:09 +233: C:/Users/Guusv/Documents/Semester 5/Wildlife/wildrapport/test/business/models/experiment_model_test.dart: Experiment Model Tests toJson should return correct map                          
00:09 +234: C:/Users/Guusv/Documents/Semester 5/Wildlife/wildrapport/test/business/models/experiment_model_test.dart: Experiment Model Tests toJson should return correct map                          
00:09 +234: loading C:/Users/Guusv/Documents/Semester 5/Wildlife/wildrapport/test/business/models/interaction_model_test.dart                                                                          
00:09 +234: C:/Users/Guusv/Documents/Semester 5/Wildlife/wildrapport/test/business/models/interaction_model_test.dart: Interaction Model should have correct properties                                
00:09 +235: C:/Users/Guusv/Documents/Semester 5/Wildlife/wildrapport/test/business/models/interaction_model_test.dart: Interaction Model should have correct properties                                
00:09 +235: C:/Users/Guusv/Documents/Semester 5/Wildlife/wildrapport/test/business/models/interaction_model_test.dart: Interaction Model should create from JSON with mocked factory                   
00:09 +236: C:/Users/Guusv/Documents/Semester 5/Wildlife/wildrapport/test/business/models/interaction_model_test.dart: Interaction Model should create from JSON with mocked factory                   
00:09 +236: C:/Users/Guusv/Documents/Semester 5/Wildlife/wildrapport/test/business/models/interaction_model_test.dart: Interaction Model should convert to JSON correctly                              
00:09 +237: C:/Users/Guusv/Documents/Semester 5/Wildlife/wildrapport/test/business/models/interaction_model_test.dart: Interaction Model should convert to JSON correctly                              
00:09 +237: C:/Users/Guusv/Documents/Semester 5/Wildlife/wildrapport/test/business/models/interaction_model_test.dart: Interaction Model should handle report data correctly                           
00:09 +238: C:/Users/Guusv/Documents/Semester 5/Wildlife/wildrapport/test/business/models/interaction_model_test.dart: Interaction Model should handle report data correctly                           
00:09 +238: C:/Users/Guusv/Documents/Semester 5/Wildlife/wildrapport/test/business/models/interaction_model_test.dart: Interaction Model should convert to JSON with report data correctly             
00:09 +239: C:/Users/Guusv/Documents/Semester 5/Wildlife/wildrapport/test/business/models/interaction_model_test.dart: Interaction Model should convert to JSON with report data correctly             
00:09 +239: C:/Users/Guusv/Documents/Semester 5/Wildlife/wildrapport/test/business/models/interaction_model_test.dart: Interaction Model should handle null report gracefully                          
00:09 +240: C:/Users/Guusv/Documents/Semester 5/Wildlife/wildrapport/test/business/models/interaction_model_test.dart: Interaction Model should handle null report gracefully                          
00:09 +240: C:/Users/Guusv/Documents/Semester 5/Wildlife/wildrapport/test/business/models/interaction_model_test.dart: Interaction Model should handle different interaction types                     
00:09 +241: C:/Users/Guusv/Documents/Semester 5/Wildlife/wildrapport/test/business/models/interaction_model_test.dart: Interaction Model should handle different interaction types                     
00:09 +241: C:/Users/Guusv/Documents/Semester 5/Wildlife/wildrapport/test/business/models/interaction_model_test.dart: Interaction Model should handle empty userID                                    
00:09 +242: C:/Users/Guusv/Documents/Semester 5/Wildlife/wildrapport/test/business/models/interaction_model_test.dart: Interaction Model should handle empty userID                                    
00:09 +242: C:/Users/Guusv/Documents/Semester 5/Wildlife/wildrapport/test/business/models/interaction_model_test.dart: Interaction Model should handle complex report data structures                  
00:09 +243: C:/Users/Guusv/Documents/Semester 5/Wildlife/wildrapport/test/business/models/interaction_model_test.dart: Interaction Model should handle complex report data structures                  
00:09 +243: C:/Users/Guusv/Documents/Semester 5/Wildlife/wildrapport/test/business/models/interaction_model_test.dart: Interaction Model should handle fromJson with different interaction types       
00:09 +244: C:/Users/Guusv/Documents/Semester 5/Wildlife/wildrapport/test/business/models/interaction_model_test.dart: Interaction Model should handle fromJson with different interaction types       
00:10 +244: C:/Users/Guusv/Documents/Semester 5/Wildlife/wildrapport/test/business/models/interaction_model_test.dart: Interaction Model should handle fromJson with different interaction types       
00:10 +244: loading C:/Users/Guusv/Documents/Semester 5/Wildlife/wildrapport/test/business/models/interaction_response_model_test.dart                                                                 
00:10 +244: C:/Users/Guusv/Documents/Semester 5/Wildlife/wildrapport/test/business/models/interaction_response_model_test.dart: InteractionResponse empty() returns response with given interactionID  
00:10 +245: C:/Users/Guusv/Documents/Semester 5/Wildlife/wildrapport/test/business/models/interaction_response_model_test.dart: InteractionResponse empty() returns response with given interactionID  
00:10 +245: C:/Users/Guusv/Documents/Semester 5/Wildlife/wildrapport/test/business/models/interaction_response_model_test.dart: InteractionResponse empty() has zero questions so app shows hoofdpagina
00:10 +246: C:/Users/Guusv/Documents/Semester 5/Wildlife/wildrapport/test/business/models/interaction_response_model_test.dart: InteractionResponse empty() has zero questions so app shows hoofdpagina
00:10 +246: C:/Users/Guusv/Documents/Semester 5/Wildlife/wildrapport/test/business/models/interaction_response_model_test.dart: InteractionResponse empty() with empty string interactionID            
00:10 +247: C:/Users/Guusv/Documents/Semester 5/Wildlife/wildrapport/test/business/models/interaction_response_model_test.dart: InteractionResponse empty() with empty string interactionID            
00:10 +247: C:/Users/Guusv/Documents/Semester ... InteractionResponse fromJson and toJson round-trip when questionnaire has id and interactionID                                                       
00:10 +248: C:/Users/Guusv/Documents/Semester ... InteractionResponse fromJson and toJson round-trip when questionnaire has id and interactionID                                                       
00:10 +248: loading C:/Users/Guusv/Documents/Semester 5/Wildlife/wildrapport/test/business/models/interaction_type_model_test.dart                                                                     
00:10 +248: C:/Users/Guusv/Documents/Semester 5/Wildlife/wildrapport/test/business/models/interaction_type_model_test.dart: InteractionType Model Tests should have correct properties                 
00:10 +249: C:/Users/Guusv/Documents/Semester 5/Wildlife/wildrapport/test/business/models/interaction_type_model_test.dart: InteractionType Model Tests should have correct properties                 
00:10 +249: C:/Users/Guusv/Documents/Semester 5/Wildlife/wildrapport/test/business/models/interaction_type_model_test.dart: InteractionType Model Tests toJson should return correct map               
00:10 +250: C:/Users/Guusv/Documents/Semester 5/Wildlife/wildrapport/test/business/models/interaction_type_model_test.dart: InteractionType Model Tests toJson should return correct map               
00:10 +250: loading C:/Users/Guusv/Documents/Semester 5/Wildlife/wildrapport/test/business/models/living_labs_test.dart                                                                                
00:10 +250: C:/Users/Guusv/Documents/Semester 5/Wildlife/wildrapport/test/business/models/living_labs_test.dart: LivingLabs should have correct properties                                             
00:10 +251: C:/Users/Guusv/Documents/Semester 5/Wildlife/wildrapport/test/business/models/living_labs_test.dart: LivingLabs should have correct properties                                             
00:10 +251: C:/Users/Guusv/Documents/Semester 5/Wildlife/wildrapport/test/business/models/living_labs_test.dart: LivingLabs should create from JSON correctly                                          
00:10 +252: C:/Users/Guusv/Documents/Semester 5/Wildlife/wildrapport/test/business/models/living_labs_test.dart: LivingLabs should create from JSON correctly                                          
00:10 +252: C:/Users/Guusv/Documents/Semester 5/Wildlife/wildrapport/test/business/models/living_labs_test.dart: LivingLabs should convert to JSON correctly                                           
00:10 +253: C:/Users/Guusv/Documents/Semester 5/Wildlife/wildrapport/test/business/models/living_labs_test.dart: LivingLabs should convert to JSON correctly                                           
00:10 +253: C:/Users/Guusv/Documents/Semester 5/Wildlife/wildrapport/test/business/models/living_labs_test.dart: LivingLabs should handle null definition in constructor                               
00:10 +254: C:/Users/Guusv/Documents/Semester 5/Wildlife/wildrapport/test/business/models/living_labs_test.dart: LivingLabs should handle null definition in constructor                               
00:10 +254: C:/Users/Guusv/Documents/Semester 5/Wildlife/wildrapport/test/business/models/living_labs_test.dart: LivingLabs should handle null definition in fromJson                                  
00:10 +255: C:/Users/Guusv/Documents/Semester 5/Wildlife/wildrapport/test/business/models/living_labs_test.dart: LivingLabs should handle null definition in fromJson                                  
00:10 +255: C:/Users/Guusv/Documents/Semester 5/Wildlife/wildrapport/test/business/models/living_labs_test.dart: LivingLabs should handle null definition in toJson                                    
00:10 +256: C:/Users/Guusv/Documents/Semester 5/Wildlife/wildrapport/test/business/models/living_labs_test.dart: LivingLabs should handle null definition in toJson                                    
00:10 +256: C:/Users/Guusv/Documents/Semester 5/Wildlife/wildrapport/test/business/models/living_labs_test.dart: LivingLabs should handle empty definition list                                        
00:10 +257: C:/Users/Guusv/Documents/Semester 5/Wildlife/wildrapport/test/business/models/living_labs_test.dart: LivingLabs should handle empty definition list                                        
00:10 +257: loading C:/Users/Guusv/Documents/Semester 5/Wildlife/wildrapport/test/business/models/location_model_test.dart                                                                             
00:10 +257: C:/Users/Guusv/Documents/Semester 5/Wildlife/wildrapport/test/business/models/location_model_test.dart: LocationModel should have correct properties                                       
00:10 +258: C:/Users/Guusv/Documents/Semester 5/Wildlife/wildrapport/test/business/models/location_model_test.dart: LocationModel should have correct properties                                       
00:10 +258: C:/Users/Guusv/Documents/Semester 5/Wildlife/wildrapport/test/business/models/location_model_test.dart: LocationModel should convert to JSON correctly                                     
00:10 +259: C:/Users/Guusv/Documents/Semester 5/Wildlife/wildrapport/test/business/models/location_model_test.dart: LocationModel should convert to JSON correctly                                     
00:10 +259: C:/Users/Guusv/Documents/Semester 5/Wildlife/wildrapport/test/business/models/location_model_test.dart: LocationModel should create from JSON correctly                                    
00:10 +260: C:/Users/Guusv/Documents/Semester 5/Wildlife/wildrapport/test/business/models/location_model_test.dart: LocationModel should create from JSON correctly                                    
00:10 +260: C:/Users/Guusv/Documents/Semester 5/Wildlife/wildrapport/test/business/models/location_model_test.dart: LocationModel should handle unknown source in fromJson                             
00:10 +261: C:/Users/Guusv/Documents/Semester 5/Wildlife/wildrapport/test/business/models/location_model_test.dart: LocationModel should handle unknown source in fromJson                             
00:11 +261: C:/Users/Guusv/Documents/Semester 5/Wildlife/wildrapport/test/business/models/location_model_test.dart: LocationModel should handle unknown source in fromJson                             
00:11 +261: loading C:/Users/Guusv/Documents/Semester 5/Wildlife/wildrapport/test/business/models/possesion_model_test.dart                                                                            
00:11 +261: C:/Users/Guusv/Documents/Semester 5/Wildlife/wildrapport/test/business/models/possesion_model_test.dart: Possesion Model Tests should have correct properties                              
00:11 +262: C:/Users/Guusv/Documents/Semester 5/Wildlife/wildrapport/test/business/models/possesion_model_test.dart: Possesion Model Tests should have correct properties                              
00:11 +262: C:/Users/Guusv/Documents/Semester 5/Wildlife/wildrapport/test/business/models/possesion_model_test.dart: Possesion Model Tests should create from JSON correctly                           
00:11 +263: C:/Users/Guusv/Documents/Semester 5/Wildlife/wildrapport/test/business/models/possesion_model_test.dart: Possesion Model Tests should create from JSON correctly                           
00:11 +263: C:/Users/Guusv/Documents/Semester 5/Wildlife/wildrapport/test/business/models/possesion_model_test.dart: Possesion Model Tests should convert to JSON correctly                            
00:11 +264: C:/Users/Guusv/Documents/Semester 5/Wildlife/wildrapport/test/business/models/possesion_model_test.dart: Possesion Model Tests should convert to JSON correctly                            
00:11 +264: C:/Users/Guusv/Documents/Semester 5/Wildlife/wildrapport/test/business/models/possesion_model_test.dart: Possesion Model Tests should handle null ID correctly                             
00:11 +265: C:/Users/Guusv/Documents/Semester 5/Wildlife/wildrapport/test/business/models/possesion_model_test.dart: Possesion Model Tests should handle null ID correctly                             
00:11 +265: C:/Users/Guusv/Documents/Semester 5/Wildlife/wildrapport/test/business/models/possesion_model_test.dart: Possesion Model Tests should handle empty name correctly                          
00:11 +266: C:/Users/Guusv/Documents/Semester 5/Wildlife/wildrapport/test/business/models/possesion_model_test.dart: Possesion Model Tests should handle empty name correctly                          
00:11 +266: C:/Users/Guusv/Documents/Semester 5/Wildlife/wildrapport/test/business/models/possesion_model_test.dart: Possesion Model Tests should create from JSON with missing fields                 
00:11 +267: C:/Users/Guusv/Documents/Semester 5/Wildlife/wildrapport/test/business/models/possesion_model_test.dart: Possesion Model Tests should create from JSON with missing fields                 
00:11 +267: C:/Users/Guusv/Documents/Semester 5/Wildlife/wildrapport/test/business/models/possesion_model_test.dart: Possesion Model Tests should convert to JSON with null values correctly           
00:11 +268: C:/Users/Guusv/Documents/Semester 5/Wildlife/wildrapport/test/business/models/possesion_model_test.dart: Possesion Model Tests should convert to JSON with null values correctly           
00:11 +268: C:/Users/Guusv/Documents/Semester 5/Wildlife/wildrapport/test/business/models/possesion_model_test.dart: Possesion Model Tests should be equal when properties are the same                
00:11 +269: C:/Users/Guusv/Documents/Semester 5/Wildlife/wildrapport/test/business/models/possesion_model_test.dart: Possesion Model Tests should be equal when properties are the same                
00:11 +269: C:/Users/Guusv/Documents/Semester 5/Wildlife/wildrapport/test/business/models/possesion_model_test.dart: Possesion Model Tests should handle different categories correctly                
00:11 +270: C:/Users/Guusv/Documents/Semester 5/Wildlife/wildrapport/test/business/models/possesion_model_test.dart: Possesion Model Tests should handle different categories correctly                
00:11 +270: C:/Users/Guusv/Documents/Semester 5/Wildlife/wildrapport/test/business/models/possesion_model_test.dart: Possesion Model Tests should create with minimal required properties              
00:11 +271: C:/Users/Guusv/Documents/Semester 5/Wildlife/wildrapport/test/business/models/possesion_model_test.dart: Possesion Model Tests should create with minimal required properties              
00:11 +271: loading C:/Users/Guusv/Documents/Semester 5/Wildlife/wildrapport/test/business/models/profile_model_test.dart                                                                              
00:11 +271: C:/Users/Guusv/Documents/Semester 5/Wildlife/wildrapport/test/business/models/profile_model_test.dart: ProfileModel should have correct properties                                         
00:11 +272: C:/Users/Guusv/Documents/Semester 5/Wildlife/wildrapport/test/business/models/profile_model_test.dart: ProfileModel should have correct properties                                         
00:11 +272: C:/Users/Guusv/Documents/Semester 5/Wildlife/wildrapport/test/business/models/profile_model_test.dart: ProfileModel should handle optional properties correctly                            
00:11 +273: C:/Users/Guusv/Documents/Semester 5/Wildlife/wildrapport/test/business/models/profile_model_test.dart: ProfileModel should handle optional properties correctly                            
00:11 +273: C:/Users/Guusv/Documents/Semester 5/Wildlife/wildrapport/test/business/models/profile_model_test.dart: ProfileModel should convert to JSON correctly                                       
00:11 +274: C:/Users/Guusv/Documents/Semester 5/Wildlife/wildrapport/test/business/models/profile_model_test.dart: ProfileModel should convert to JSON correctly                                       
00:11 +274: C:/Users/Guusv/Documents/Semester 5/Wildlife/wildrapport/test/business/models/profile_model_test.dart: ProfileModel should convert to JSON with null optional properties                   
00:11 +275: C:/Users/Guusv/Documents/Semester 5/Wildlife/wildrapport/test/business/models/profile_model_test.dart: ProfileModel should convert to JSON with null optional properties                   
00:11 +275: C:/Users/Guusv/Documents/Semester 5/Wildlife/wildrapport/test/business/models/profile_model_test.dart: ProfileModel should create from JSON correctly                                      
00:11 +276: C:/Users/Guusv/Documents/Semester 5/Wildlife/wildrapport/test/business/models/profile_model_test.dart: ProfileModel should create from JSON correctly                                      
00:11 +276: C:/Users/Guusv/Documents/Semester 5/Wildlife/wildrapport/test/business/models/profile_model_test.dart: ProfileModel should create from JSON with missing optional properties               
00:11 +277: C:/Users/Guusv/Documents/Semester 5/Wildlife/wildrapport/test/business/models/profile_model_test.dart: ProfileModel should create from JSON with missing optional properties               
00:11 +277: C:/Users/Guusv/Documents/Semester 5/Wildlife/wildrapport/test/business/models/profile_model_test.dart: ProfileModel should parse notes and natureVisitFrequency from API JSON              
00:11 +278: C:/Users/Guusv/Documents/Semester 5/Wildlife/wildrapport/test/business/models/profile_model_test.dart: ProfileModel should parse notes and natureVisitFrequency from API JSON              
00:11 +278: C:/Users/Guusv/Documents/Semester 5/Wildlife/wildrapport/test/business/models/profile_model_test.dart: ProfileModel should map legacy description and natureVisitAvgWeeklyFrequency        
00:11 +279: C:/Users/Guusv/Documents/Semester 5/Wildlife/wildrapport/test/business/models/profile_model_test.dart: ProfileModel should map legacy description and natureVisitAvgWeeklyFrequency        
00:11 +279: C:/Users/Guusv/Documents/Semester 5/Wildlife/wildrapport/test/business/models/profile_model_test.dart: ProfileModel toUpdateJson uses notes and natureVisitAvgWeeklyFrequency              
00:11 +280: C:/Users/Guusv/Documents/Semester 5/Wildlife/wildrapport/test/business/models/profile_model_test.dart: ProfileModel toUpdateJson uses notes and natureVisitAvgWeeklyFrequency              
00:11 +280: C:/Users/Guusv/Documents/Semester 5/Wildlife/wildrapport/test/business/models/profile_model_test.dart: ProfileModel should handle empty string values in JSON                              
00:11 +281: C:/Users/Guusv/Documents/Semester 5/Wildlife/wildrapport/test/business/models/profile_model_test.dart: ProfileModel should handle empty string values in JSON                              
00:11 +281: loading C:/Users/Guusv/Documents/Semester 5/Wildlife/wildrapport/test/business/models/questionnaire_api_format_test.dart                                                                   
00:11 +281: C:/Users/Guusv/Documents/Semester ... Questionnaire.fromJson (API format) accepts ID (capital) and questions array                                                                         
00:11 +282: C:/Users/Guusv/Documents/Semester ... Questionnaire.fromJson (API format) accepts ID (capital) and questions array                                                                         
00:11 +282: C:/Users/Guusv/Documents/Semester ... Questionnaire.fromJson (API format) accepts id (lowercase) and Questions (capital)                                                                   
00:11 +283: C:/Users/Guusv/Documents/Semester ... Questionnaire.fromJson (API format) accepts id (lowercase) and Questions (capital)                                                                   
00:11 +283: C:/Users/Guusv/Documents/Semester 5/Wildlife/wildrapport/test/business/models/questionnaire_api_format_test.dart: Questionnaire.fromJson (API format) handles null or empty questions      
00:11 +284: C:/Users/Guusv/Documents/Semester 5/Wildlife/wildrapport/test/business/models/questionnaire_api_format_test.dart: Questionnaire.fromJson (API format) handles null or empty questions      
00:11 +284: loading C:/Users/Guusv/Documents/Semester 5/Wildlife/wildrapport/test/business/models/questionnaire_model_test.dart                                                                        
00:11 +284: C:/Users/Guusv/Documents/Semester 5/Wildlife/wildrapport/test/business/models/questionnaire_model_test.dart: Questionnaire Model should have correct properties                            
00:11 +285: C:/Users/Guusv/Documents/Semester 5/Wildlife/wildrapport/test/business/models/questionnaire_model_test.dart: Questionnaire Model should have correct properties                            
00:11 +285: C:/Users/Guusv/Documents/Semester 5/Wildlife/wildrapport/test/business/models/questionnaire_model_test.dart: Questionnaire Model should add questions correctly                            
00:11 +286: C:/Users/Guusv/Documents/Semester 5/Wildlife/wildrapport/test/business/models/questionnaire_model_test.dart: Questionnaire Model should add questions correctly                            
00:11 +286: C:/Users/Guusv/Documents/Semester 5/Wildlife/wildrapport/test/business/models/questionnaire_model_test.dart: Questionnaire Model mock questionnaire should return expected values          
00:11 +287: C:/Users/Guusv/Documents/Semester 5/Wildlife/wildrapport/test/business/models/questionnaire_model_test.dart: Questionnaire Model mock questionnaire should return expected values          
00:12 +287: C:/Users/Guusv/Documents/Semester 5/Wildlife/wildrapport/test/business/models/questionnaire_model_test.dart: Questionnaire Model mock questionnaire should return expected values          
00:12 +287: loading C:/Users/Guusv/Documents/Semester 5/Wildlife/wildrapport/test/business/models/questionnaire_test.dart                                                                              
00:12 +287: C:/Users/Guusv/Documents/Semester 5/Wildlife/wildrapport/test/business/models/questionnaire_test.dart: Questionnaire should have correct properties                                        
00:12 +288: C:/Users/Guusv/Documents/Semester 5/Wildlife/wildrapport/test/business/models/questionnaire_test.dart: Questionnaire should have correct properties                                        
00:12 +288: C:/Users/Guusv/Documents/Semester 5/Wildlife/wildrapport/test/business/models/questionnaire_test.dart: Questionnaire should create from JSON correctly                                     
00:12 +289: C:/Users/Guusv/Documents/Semester 5/Wildlife/wildrapport/test/business/models/questionnaire_test.dart: Questionnaire should create from JSON correctly                                     
00:12 +289: C:/Users/Guusv/Documents/Semester 5/Wildlife/wildrapport/test/business/models/questionnaire_test.dart: Questionnaire should convert to JSON correctly                                      
00:12 +289: C:/Users/Guusv/Documents/Semester 5/Wildlife/wildrapport/test/business/models/questionnaire_test.dart: Questionnaire should convert to JSON correctly                                      
JSON output: {ID: 1, name: waarneming, description: Animal sighting}

00:12 +290: C:/Users/Guusv/Documents/Semester 5/Wildlife/wildrapport/test/business/models/questionnaire_test.dart: Questionnaire should convert to JSON correctly                                      
00:12 +290: C:/Users/Guusv/Documents/Semester 5/Wildlife/wildrapport/test/business/models/questionnaire_test.dart: Questionnaire should handle null questions in constructor                           
00:12 +291: C:/Users/Guusv/Documents/Semester 5/Wildlife/wildrapport/test/business/models/questionnaire_test.dart: Questionnaire should handle null questions in constructor                           
00:12 +291: C:/Users/Guusv/Documents/Semester 5/Wildlife/wildrapport/test/business/models/questionnaire_test.dart: Questionnaire should handle null questions in fromJson                              
00:12 +292: C:/Users/Guusv/Documents/Semester 5/Wildlife/wildrapport/test/business/models/questionnaire_test.dart: Questionnaire should handle null questions in fromJson                              
00:12 +292: C:/Users/Guusv/Documents/Semester 5/Wildlife/wildrapport/test/business/models/questionnaire_test.dart: Questionnaire should handle null identifier in constructor                          
00:12 +293: C:/Users/Guusv/Documents/Semester 5/Wildlife/wildrapport/test/business/models/questionnaire_test.dart: Questionnaire should handle null identifier in constructor                          
00:12 +293: C:/Users/Guusv/Documents/Semester 5/Wildlife/wildrapport/test/business/models/questionnaire_test.dart: Questionnaire should handle empty questions list                                    
00:12 +294: C:/Users/Guusv/Documents/Semester 5/Wildlife/wildrapport/test/business/models/questionnaire_test.dart: Questionnaire should handle empty questions list                                    
00:12 +294: loading C:/Users/Guusv/Documents/Semester 5/Wildlife/wildrapport/test/business/models/question_model_test.dart                                                                             
00:12 +294: C:/Users/Guusv/Documents/Semester 5/Wildlife/wildrapport/test/business/models/question_model_test.dart: Question Model Tests should have correct properties                                
00:12 +295: C:/Users/Guusv/Documents/Semester 5/Wildlife/wildrapport/test/business/models/question_model_test.dart: Question Model Tests should have correct properties                                
00:12 +295: C:/Users/Guusv/Documents/Semester 5/Wildlife/wildrapport/test/business/models/question_model_test.dart: Question Model Tests toJson should return correct map                              
00:12 +296: C:/Users/Guusv/Documents/Semester 5/Wildlife/wildrapport/test/business/models/question_model_test.dart: Question Model Tests toJson should return correct map                              
00:12 +296: loading C:/Users/Guusv/Documents/Semester 5/Wildlife/wildrapport/test/business/models/report_location_model_test.dart                                                                      
00:12 +296: C:/Users/Guusv/Documents/Semester 5/Wildlife/wildrapport/test/business/models/report_location_model_test.dart: ReportLocation Model Tests should have correct properties                   
00:12 +297: C:/Users/Guusv/Documents/Semester 5/Wildlife/wildrapport/test/business/models/report_location_model_test.dart: ReportLocation Model Tests should have correct properties                   
00:12 +297: C:/Users/Guusv/Documents/Semester 5/Wildlife/wildrapport/test/business/models/report_location_model_test.dart: ReportLocation Model Tests should create from JSON correctly                
00:12 +298: C:/Users/Guusv/Documents/Semester 5/Wildlife/wildrapport/test/business/models/report_location_model_test.dart: ReportLocation Model Tests should create from JSON correctly                
00:12 +298: C:/Users/Guusv/Documents/Semester 5/Wildlife/wildrapport/test/business/models/report_location_model_test.dart: ReportLocation Model Tests should convert to JSON correctly                 
00:12 +299: C:/Users/Guusv/Documents/Semester 5/Wildlife/wildrapport/test/business/models/report_location_model_test.dart: ReportLocation Model Tests should convert to JSON correctly                 
00:12 +299: C:/Users/Guusv/Documents/Semester 5/Wildlife/wildrapport/test/business/models/report_location_model_test.dart: ReportLocation Model Tests should handle null values correctly              
00:12 +300: C:/Users/Guusv/Documents/Semester 5/Wildlife/wildrapport/test/business/models/report_location_model_test.dart: ReportLocation Model Tests should handle null values correctly              
00:12 +300: C:/Users/Guusv/Documents/Semester 5/Wildlife/wildrapport/test/business/models/report_location_model_test.dart: ReportLocation Model Tests should handle partial null values correctly      
00:12 +301: C:/Users/Guusv/Documents/Semester 5/Wildlife/wildrapport/test/business/models/report_location_model_test.dart: ReportLocation Model Tests should handle partial null values correctly      
00:12 +301: C:/Users/Guusv/Documents/Semester 5/Wildlife/wildrapport/test/business/models/report_location_model_test.dart: ReportLocation Model Tests should create from JSON with missing fields      
00:12 +302: C:/Users/Guusv/Documents/Semester 5/Wildlife/wildrapport/test/business/models/report_location_model_test.dart: ReportLocation Model Tests should create from JSON with missing fields      
00:12 +302: C:/Users/Guusv/Documents/Semester 5/Wildlife/wildrapport/test/business/models/report_location_model_test.dart: ReportLocation Model Tests should handle empty string values correctly      
00:12 +303: C:/Users/Guusv/Documents/Semester 5/Wildlife/wildrapport/test/business/models/report_location_model_test.dart: ReportLocation Model Tests should handle empty string values correctly      
00:12 +303: C:/Users/Guusv/Documents/Semester 5/Wildlife/wildrapport/test/business/models/report_location_model_test.dart: ReportLocation Model Tests should convert to JSON with null values correctly
00:12 +304: C:/Users/Guusv/Documents/Semester 5/Wildlife/wildrapport/test/business/models/report_location_model_test.dart: ReportLocation Model Tests should convert to JSON with null values correctly
00:12 +304: C:/Users/Guusv/Documents/Semester 5/Wildlife/wildrapport/test/business/models/report_location_model_test.dart: ReportLocation Model Tests should be equal when properties are the same     
00:12 +305: C:/Users/Guusv/Documents/Semester 5/Wildlife/wildrapport/test/business/models/report_location_model_test.dart: ReportLocation Model Tests should be equal when properties are the same     
00:12 +305: loading C:/Users/Guusv/Documents/Semester 5/Wildlife/wildrapport/test/business/models/response_model_test.dart                                                                             
00:12 +305: C:/Users/Guusv/Documents/Semester 5/Wildlife/wildrapport/test/business/models/response_model_test.dart: Response Model Tests should have correct properties                                
00:12 +306: C:/Users/Guusv/Documents/Semester 5/Wildlife/wildrapport/test/business/models/response_model_test.dart: Response Model Tests should have correct properties                                
00:12 +306: C:/Users/Guusv/Documents/Semester 5/Wildlife/wildrapport/test/business/models/response_model_test.dart: Response Model Tests toJson should return correct map                              
00:12 +307: C:/Users/Guusv/Documents/Semester 5/Wildlife/wildrapport/test/business/models/response_model_test.dart: Response Model Tests toJson should return correct map                              
00:12 +307: loading C:/Users/Guusv/Documents/Semester 5/Wildlife/wildrapport/test/business/models/sighted_animal_test.dart                                                                             
00:12 +307: C:/Users/Guusv/Documents/Semester 5/Wildlife/wildrapport/test/business/models/sighted_animal_test.dart: SightedAnimal should have correct properties                                       
00:12 +308: C:/Users/Guusv/Documents/Semester 5/Wildlife/wildrapport/test/business/models/sighted_animal_test.dart: SightedAnimal should have correct properties                                       
00:13 +308: C:/Users/Guusv/Documents/Semester 5/Wildlife/wildrapport/test/business/models/sighted_animal_test.dart: SightedAnimal should convert to JSON correctly                                     
00:13 +309: C:/Users/Guusv/Documents/Semester 5/Wildlife/wildrapport/test/business/models/sighted_animal_test.dart: SightedAnimal should convert to JSON correctly                                     
00:13 +309: C:/Users/Guusv/Documents/Semester 5/Wildlife/wildrapport/test/business/models/sighted_animal_test.dart: SightedAnimal should create from JSON correctly                                    
00:13 +310: C:/Users/Guusv/Documents/Semester 5/Wildlife/wildrapport/test/business/models/sighted_animal_test.dart: SightedAnimal should create from JSON correctly                                    
00:13 +310: C:/Users/Guusv/Documents/Semester 5/Wildlife/wildrapport/test/business/models/sighted_animal_test.dart: SightedAnimal should handle null values in constructor                             
00:13 +311: C:/Users/Guusv/Documents/Semester 5/Wildlife/wildrapport/test/business/models/sighted_animal_test.dart: SightedAnimal should handle null values in constructor                             
00:13 +311: C:/Users/Guusv/Documents/Semester 5/Wildlife/wildrapport/test/business/models/sighted_animal_test.dart: SightedAnimal should handle null values in fromJson                                
00:13 +312: C:/Users/Guusv/Documents/Semester 5/Wildlife/wildrapport/test/business/models/sighted_animal_test.dart: SightedAnimal should handle null values in fromJson                                
00:13 +312: C:/Users/Guusv/Documents/Semester 5/Wildlife/wildrapport/test/business/models/sighted_animal_test.dart: SightedAnimal should handle additional properties in JSON                          
00:13 +313: C:/Users/Guusv/Documents/Semester 5/Wildlife/wildrapport/test/business/models/sighted_animal_test.dart: SightedAnimal should handle additional properties in JSON                          
00:13 +313: C:/Users/Guusv/Documents/Semester 5/Wildlife/wildrapport/test/business/models/sighted_animal_test.dart: SightedAnimal should convert empty object to JSON correctly                        
00:13 +314: C:/Users/Guusv/Documents/Semester 5/Wildlife/wildrapport/test/business/models/sighted_animal_test.dart: SightedAnimal should convert empty object to JSON correctly                        
00:13 +314: C:/Users/Guusv/Documents/Semester 5/Wildlife/wildrapport/test/business/models/sighted_animal_test.dart: SightedAnimal equality check should work correctly                                 
00:13 +315: C:/Users/Guusv/Documents/Semester 5/Wildlife/wildrapport/test/business/models/sighted_animal_test.dart: SightedAnimal equality check should work correctly                                 
00:13 +315: loading C:/Users/Guusv/Documents/Semester 5/Wildlife/wildrapport/test/business/models/sighting_report_model_test.dart                                                                      
00:13 +315: C:/Users/Guusv/Documents/Semester 5/Wildlife/wildrapport/test/business/models/sighting_report_model_test.dart: SightingReport Model should have correct properties                         
00:13 +316: C:/Users/Guusv/Documents/Semester 5/Wildlife/wildrapport/test/business/models/sighting_report_model_test.dart: SightingReport Model should have correct properties                         
00:13 +316: C:/Users/Guusv/Documents/Semester 5/Wildlife/wildrapport/test/business/models/sighting_report_model_test.dart: SightingReport Model should create from JSON correctly                      
00:13 +317: C:/Users/Guusv/Documents/Semester 5/Wildlife/wildrapport/test/business/models/sighting_report_model_test.dart: SightingReport Model should create from JSON correctly                      
00:13 +317: C:/Users/Guusv/Documents/Semester 5/Wildlife/wildrapport/test/business/models/sighting_report_model_test.dart: SightingReport Model should convert to JSON correctly                       
00:13 +318: C:/Users/Guusv/Documents/Semester 5/Wildlife/wildrapport/test/business/models/sighting_report_model_test.dart: SightingReport Model should convert to JSON correctly                       
00:13 +318: C:/Users/Guusv/Documents/Semester 5/Wildlife/wildrapport/test/business/models/sighting_report_model_test.dart: SightingReport Model should handle null values correctly                    
00:13 +319: C:/Users/Guusv/Documents/Semester 5/Wildlife/wildrapport/test/business/models/sighting_report_model_test.dart: SightingReport Model should handle null values correctly                    
00:13 +319: C:/Users/Guusv/Documents/Semester 5/Wildlife/wildrapport/test/business/models/sighting_report_model_test.dart: SightingReport Model should handle empty values correctly                   
00:13 +320: C:/Users/Guusv/Documents/Semester 5/Wildlife/wildrapport/test/business/models/sighting_report_model_test.dart: SightingReport Model should handle empty values correctly                   
00:13 +320: C:/Users/Guusv/Documents/Semester 5/Wildlife/wildrapport/test/business/models/sighting_report_model_test.dart: SightingReport Model should create from JSON with missing fields            
00:13 +321: C:/Users/Guusv/Documents/Semester 5/Wildlife/wildrapport/test/business/models/sighting_report_model_test.dart: SightingReport Model should create from JSON with missing fields            
00:13 +321: C:/Users/Guusv/Documents/Semester 5/Wildlife/wildrapport/test/business/models/sighting_report_model_test.dart: SightingReport Model should handle multiple animals correctly               
00:13 +322: C:/Users/Guusv/Documents/Semester 5/Wildlife/wildrapport/test/business/models/sighting_report_model_test.dart: SightingReport Model should handle multiple animals correctly               
00:13 +322: loading C:/Users/Guusv/Documents/Semester 5/Wildlife/wildrapport/test/business/models/species_model_test.dart                                                                              
00:13 +322: C:/Users/Guusv/Documents/Semester 5/Wildlife/wildrapport/test/business/models/species_model_test.dart: Species Model should have correct properties                                        
00:13 +323: C:/Users/Guusv/Documents/Semester 5/Wildlife/wildrapport/test/business/models/species_model_test.dart: Species Model should have correct properties                                        
00:13 +323: C:/Users/Guusv/Documents/Semester 5/Wildlife/wildrapport/test/business/models/species_model_test.dart: Species Model should convert to AnimalModel correctly                               
00:13 +324: C:/Users/Guusv/Documents/Semester 5/Wildlife/wildrapport/test/business/models/species_model_test.dart: Species Model should convert to AnimalModel correctly                               
00:13 +324: C:/Users/Guusv/Documents/Semester 5/Wildlife/wildrapport/test/business/models/species_model_test.dart: Species Model mock species should return expected values                            
00:13 +325: C:/Users/Guusv/Documents/Semester 5/Wildlife/wildrapport/test/business/models/species_model_test.dart: Species Model mock species should return expected values                            
00:13 +325: loading C:/Users/Guusv/Documents/Semester 5/Wildlife/wildrapport/test/business/models/species_test.dart                                                                                    
00:13 +325: C:/Users/Guusv/Documents/Semester 5/Wildlife/wildrapport/test/business/models/species_test.dart: Species should have correct properties                                                    
00:13 +326: C:/Users/Guusv/Documents/Semester 5/Wildlife/wildrapport/test/business/models/species_test.dart: Species should have correct properties                                                    
00:13 +326: C:/Users/Guusv/Documents/Semester 5/Wildlife/wildrapport/test/business/models/species_test.dart: Species should create from JSON correctly                                                 
00:13 +327: C:/Users/Guusv/Documents/Semester 5/Wildlife/wildrapport/test/business/models/species_test.dart: Species should create from JSON correctly                                                 
00:13 +327: C:/Users/Guusv/Documents/Semester 5/Wildlife/wildrapport/test/business/models/species_test.dart: Species should convert to JSON correctly                                                  
00:13 +328: C:/Users/Guusv/Documents/Semester 5/Wildlife/wildrapport/test/business/models/species_test.dart: Species should convert to JSON correctly                                                  
00:14 +328: C:/Users/Guusv/Documents/Semester 5/Wildlife/wildrapport/test/business/models/species_test.dart: Species should convert to JSON correctly                                                  
00:14 +328: loading C:/Users/Guusv/Documents/Semester 5/Wildlife/wildrapport/test/business/models/user_model_test.dart                                                                                 
00:14 +328: C:/Users/Guusv/Documents/Semester 5/Wildlife/wildrapport/test/business/models/user_model_test.dart: User Model should convert to JSON correctly                                            
00:14 +329: C:/Users/Guusv/Documents/Semester 5/Wildlife/wildrapport/test/business/models/user_model_test.dart: User Model should convert to JSON correctly                                            
00:14 +329: C:/Users/Guusv/Documents/Semester 5/Wildlife/wildrapport/test/business/models/user_model_test.dart: User Model User Model should create from JSON correctly                                
00:14 +330: C:/Users/Guusv/Documents/Semester 5/Wildlife/wildrapport/test/business/models/user_model_test.dart: User Model User Model should create from JSON correctly                                
00:14 +330: C:/Users/Guusv/Documents/Semester 5/Wildlife/wildrapport/test/business/models/user_model_test.dart: User Model mock user should return expected values                                     
00:14 +331: C:/Users/Guusv/Documents/Semester 5/Wildlife/wildrapport/test/business/models/user_model_test.dart: User Model mock user should return expected values                                     
00:14 +331: loading C:/Users/Guusv/Documents/Semester 5/Wildlife/wildrapport/test/business/models/user_test.dart                                                                                       
00:14 +331: C:/Users/Guusv/Documents/Semester 5/Wildlife/wildrapport/test/business/models/user_test.dart: User should have correct properties                                                          
00:14 +332: C:/Users/Guusv/Documents/Semester 5/Wildlife/wildrapport/test/business/models/user_test.dart: User should have correct properties                                                          
00:14 +332: C:/Users/Guusv/Documents/Semester 5/Wildlife/wildrapport/test/business/models/user_test.dart: User should create from JSON correctly                                                       
00:14 +333: C:/Users/Guusv/Documents/Semester 5/Wildlife/wildrapport/test/business/models/user_test.dart: User should create from JSON correctly                                                       
00:14 +333: C:/Users/Guusv/Documents/Semester 5/Wildlife/wildrapport/test/business/models/user_test.dart: User should convert to JSON correctly                                                        
00:14 +334: C:/Users/Guusv/Documents/Semester 5/Wildlife/wildrapport/test/business/models/user_test.dart: User should convert to JSON correctly                                                        
00:14 +334: C:/Users/Guusv/Documents/Semester 5/Wildlife/wildrapport/test/business/models/user_test.dart: User should handle null email in constructor                                                 
00:14 +335: C:/Users/Guusv/Documents/Semester 5/Wildlife/wildrapport/test/business/models/user_test.dart: User should handle null email in constructor                                                 
00:14 +335: C:/Users/Guusv/Documents/Semester 5/Wildlife/wildrapport/test/business/models/user_test.dart: User should handle null name in constructor                                                  
00:14 +336: C:/Users/Guusv/Documents/Semester 5/Wildlife/wildrapport/test/business/models/user_test.dart: User should handle null name in constructor                                                  
00:14 +336: C:/Users/Guusv/Documents/Semester 5/Wildlife/wildrapport/test/business/models/user_test.dart: User should handle null values in fromJson                                                   
00:14 +337: C:/Users/Guusv/Documents/Semester 5/Wildlife/wildrapport/test/business/models/user_test.dart: User should handle null values in fromJson                                                   
00:14 +337: loading C:/Users/Guusv/Documents/Semester 5/Wildlife/wildrapport/test/business/models/view_count_model_test.dart                                                                           
00:14 +337: C:/Users/Guusv/Documents/Semester 5/Wildlife/wildrapport/test/business/models/view_count_model_test.dart: ViewCountModel should initialize with default values                             
00:14 +338: C:/Users/Guusv/Documents/Semester 5/Wildlife/wildrapport/test/business/models/view_count_model_test.dart: ViewCountModel should initialize with default values                             
00:14 +338: C:/Users/Guusv/Documents/Semester 5/Wildlife/wildrapport/test/business/models/view_count_model_test.dart: ViewCountModel should initialize with provided values                            
00:14 +339: C:/Users/Guusv/Documents/Semester 5/Wildlife/wildrapport/test/business/models/view_count_model_test.dart: ViewCountModel should initialize with provided values                            
00:14 +339: C:/Users/Guusv/Documents/Semester 5/Wildlife/wildrapport/test/business/models/view_count_model_test.dart: ViewCountModel getAge method should return pasGeboren when pasGeborenAmount > 0  
00:14 +340: C:/Users/Guusv/Documents/Semester 5/Wildlife/wildrapport/test/business/models/view_count_model_test.dart: ViewCountModel getAge method should return pasGeboren when pasGeborenAmount > 0  
00:14 +340: C:/Users/Guusv/Documents/Semester ... ViewCountModel getAge method should return onvolwassen when onvolwassenAmount > 0 and pasGeborenAmount = 0                                           
00:14 +341: C:/Users/Guusv/Documents/Semester ... ViewCountModel getAge method should return onvolwassen when onvolwassenAmount > 0 and pasGeborenAmount = 0                                           
00:14 +341: C:/Users/Guusv/Documents/Semester ... ViewCountModel getAge method should return volwassen when volwassenAmount > 0 and others = 0                                                         
00:14 +342: C:/Users/Guusv/Documents/Semester ... ViewCountModel getAge method should return volwassen when volwassenAmount > 0 and others = 0                                                         
00:14 +342: C:/Users/Guusv/Documents/Semester 5/Wildlife/wildrapport/test/business/models/view_count_model_test.dart: ViewCountModel getAge method should return onbekend when all amounts = 0         
00:14 +343: C:/Users/Guusv/Documents/Semester 5/Wildlife/wildrapport/test/business/models/view_count_model_test.dart: ViewCountModel getAge method should return onbekend when all amounts = 0         
00:14 +343: C:/Users/Guusv/Documents/Semester 5/Wildlife/wildrapport/test/business/models/view_count_model_test.dart: ViewCountModel getAge method should return onbekend when only unknownAmount > 0  
00:14 +344: C:/Users/Guusv/Documents/Semester 5/Wildlife/wildrapport/test/business/models/view_count_model_test.dart: ViewCountModel getAge method should return onbekend when only unknownAmount > 0  
00:14 +344: C:/Users/Guusv/Documents/Semester 5/Wildlife/wildrapport/test/business/models/view_count_model_test.dart: ViewCountModel getAge method should prioritize pasGeboren over other ages        
00:14 +345: C:/Users/Guusv/Documents/Semester 5/Wildlife/wildrapport/test/business/models/view_count_model_test.dart: ViewCountModel getAge method should prioritize pasGeboren over other ages        
00:14 +345: C:/Users/Guusv/Documents/Semester ... ViewCountModel getAge method should prioritize onvolwassen over volwassen and onbekend                                                               
00:14 +346: C:/Users/Guusv/Documents/Semester ... ViewCountModel getAge method should prioritize onvolwassen over volwassen and onbekend                                                               
00:14 +346: C:/Users/Guusv/Documents/Semester 5/Wildlife/wildrapport/test/business/models/view_count_model_test.dart: ViewCountModel toJson and fromJson should convert to JSON correctly              
00:14 +347: C:/Users/Guusv/Documents/Semester 5/Wildlife/wildrapport/test/business/models/view_count_model_test.dart: ViewCountModel toJson and fromJson should convert to JSON correctly              
00:14 +347: C:/Users/Guusv/Documents/Semester 5/Wildlife/wildrapport/test/business/models/view_count_model_test.dart: ViewCountModel toJson and fromJson should create from JSON correctly             
00:14 +348: C:/Users/Guusv/Documents/Semester 5/Wildlife/wildrapport/test/business/models/view_count_model_test.dart: ViewCountModel toJson and fromJson should create from JSON correctly             
00:14 +348: C:/Users/Guusv/Documents/Semester 5/Wildlife/wildrapport/test/business/models/view_count_model_test.dart: ViewCountModel toJson and fromJson should handle missing values in JSON          
00:14 +349: C:/Users/Guusv/Documents/Semester 5/Wildlife/wildrapport/test/business/models/view_count_model_test.dart: ViewCountModel toJson and fromJson should handle missing values in JSON          
00:14 +349: C:/Users/Guusv/Documents/Semester 5/Wildlife/wildrapport/test/business/models/view_count_model_test.dart: ViewCountModel toJson and fromJson should handle null values in JSON             
00:14 +350: C:/Users/Guusv/Documents/Semester 5/Wildlife/wildrapport/test/business/models/view_count_model_test.dart: ViewCountModel toJson and fromJson should handle null values in JSON             
00:14 +350: C:/Users/Guusv/Documents/Semester 5/Wildlife/wildrapport/test/business/models/view_count_model_test.dart: ViewCountModel toJson and fromJson should round-trip through JSON correctly      
00:14 +351: C:/Users/Guusv/Documents/Semester 5/Wildlife/wildrapport/test/business/models/view_count_model_test.dart: ViewCountModel toJson and fromJson should round-trip through JSON correctly      
00:14 +351: loading C:/Users/Guusv/Documents/Semester 5/Wildlife/wildrapport/test/business/overzicht_tests/overzicht_manager_test.dart                                                                 
00:14 +351: C:/Users/Guusv/Documents/Semester 5/Wildlife/wildrapport/test/business/overzicht_tests/overzicht_manager_test.dart: (setUpAll)                                                             
00:14 +351: C:/Users/Guusv/Documents/Semester 5/Wildlife/wildrapport/test/business/overzicht_tests/overzicht_manager_test.dart: OverzichtManager should initialize with default values                 
00:14 +352: C:/Users/Guusv/Documents/Semester 5/Wildlife/wildrapport/test/business/overzicht_tests/overzicht_manager_test.dart: OverzichtManager should initialize with default values                 
00:14 +352: C:/Users/Guusv/Documents/Semester 5/Wildlife/wildrapport/test/business/overzicht_tests/overzicht_manager_test.dart: OverzichtManager should update userName and notify listeners           
00:14 +353: C:/Users/Guusv/Documents/Semester 5/Wildlife/wildrapport/test/business/overzicht_tests/overzicht_manager_test.dart: OverzichtManager should update userName and notify listeners           
00:14 +353: C:/Users/Guusv/Documents/Semester 5/Wildlife/wildrapport/test/business/overzicht_tests/overzicht_manager_test.dart: OverzichtManager should add and remove listeners correctly             
00:14 +354: C:/Users/Guusv/Documents/Semester 5/Wildlife/wildrapport/test/business/overzicht_tests/overzicht_manager_test.dart: OverzichtManager should add and remove listeners correctly             
00:14 +354: C:/Users/Guusv/Documents/Semester 5/Wildlife/wildrapport/test/business/overzicht_tests/overzicht_manager_test.dart: OverzichtManager should load user data from SharedPreferences          
00:14 +355: C:/Users/Guusv/Documents/Semester 5/Wildlife/wildrapport/test/business/overzicht_tests/overzicht_manager_test.dart: OverzichtManager should load user data from SharedPreferences          
00:14 +355: C:/Users/Guusv/Documents/Semester 5/Wildlife/wildrapport/test/business/overzicht_tests/overzicht_manager_test.dart: OverzichtManager should store user data in SharedPreferences           
00:14 +356: C:/Users/Guusv/Documents/Semester 5/Wildlife/wildrapport/test/business/overzicht_tests/overzicht_manager_test.dart: OverzichtManager should store user data in SharedPreferences           
00:14 +356: C:/Users/Guusv/Documents/Semester 5/Wildlife/wildrapport/test/business/overzicht_tests/overzicht_manager_test.dart: (tearDownAll)                                                          
00:15 +356: C:/Users/Guusv/Documents/Semester 5/Wildlife/wildrapport/test/business/overzicht_tests/overzicht_manager_test.dart: (tearDownAll)                                                          
00:15 +356: loading C:/Users/Guusv/Documents/Semester 5/Wildlife/wildrapport/test/business/overzicht_tests/top_container_test.dart                                                                     
00:15 +356: C:/Users/Guusv/Documents/Semester 5/Wildlife/wildrapport/test/business/overzicht_tests/top_container_test.dart: TopContainer should display welcome message and username                   
00:15 +357: C:/Users/Guusv/Documents/Semester 5/Wildlife/wildrapport/test/business/overzicht_tests/top_container_test.dart: TopContainer should display welcome message and username                   
00:15 +358: C:/Users/Guusv/Documents/Semester 5/Wildlife/wildrapport/test/business/overzicht_tests/top_container_test.dart: TopContainer should display welcome message and username                   
00:15 +358: C:/Users/Guusv/Documents/Semester 5/Wildlife/wildrapport/test/business/tracking_cache_manager_test.dart: TrackingCacheManager should cache a tracking reading                              
[93m[TrackingCacheManager] Caching tracking reading: TrackingReading(lat: 52.0, lon: 5.0, time: 2025-11-20T12:00:00.000Z)
[32m[TrackingCacheManager] Cached reading successfully. Total cached: 1

00:15 +359: C:/Users/Guusv/Documents/Semester 5/Wildlife/wildrapport/test/business/overzicht_tests/top_container_test.dart: TopContainer should display welcome message and username                   
00:15 +359: C:/Users/Guusv/Documents/Semester 5/Wildlife/wildrapport/test/business/tracking_cache_manager_test.dart: TrackingCacheManager should send cached readings when connection is available     
[93m[TrackingCacheManager] Caching tracking reading: TrackingReading(lat: 52.0, lon: 5.0, time: 2025-11-20T12:00:00.000Z)
[32m[TrackingCacheManager] Cached reading successfully. Total cached: 1
[93m[TrackingCacheManager] Caching tracking reading: TrackingReading(lat: 52.1, lon: 5.1, time: 2025-11-20T12:05:00.000Z)
[32m[TrackingCacheManager] Cached reading successfully. Total cached: 2
[93m[TrackingCacheManager] === Starting sendCachedReadings ===
[93m[TrackingCacheManager] Found 2 cached readings to send
[93m[TrackingCacheManager] Checking internet connection...
[93m[TrackingCacheManager] Progress: 1/2 readings processed
[93m[TrackingCacheManager] Progress: 2/2 readings processed
[93m[TrackingCacheManager] === Send Summary ===
[93m[TrackingCacheManager] Total: 2, Successful: 2, Failed: 0
[32m[TrackingCacheManager] All cached readings sent successfully and cache cleared

00:15 +360: C:/Users/Guusv/Documents/Semester 5/Wildlife/wildrapport/test/business/overzicht_tests/top_container_test.dart: TopContainer should display welcome message and username                   
00:15 +360: C:/Users/Guusv/Documents/Semester 5/Wildlife/wildrapport/test/business/tracking_cache_manager_test.dart: TrackingCacheManager should keep failed readings in cache                         
[93m[TrackingCacheManager] Caching tracking reading: TrackingReading(lat: 52.0, lon: 5.0, time: 2025-11-20T12:00:00.000Z)
[32m[TrackingCacheManager] Cached reading successfully. Total cached: 1
[93m[TrackingCacheManager] Caching tracking reading: TrackingReading(lat: 52.1, lon: 5.1, time: 2025-11-20T12:05:00.000Z)
[32m[TrackingCacheManager] Cached reading successfully. Total cached: 2
[93m[TrackingCacheManager] === Starting sendCachedReadings ===
[93m[TrackingCacheManager] Found 2 cached readings to send
[93m[TrackingCacheManager] Checking internet connection...
[93m[TrackingCacheManager] Progress: 1/2 readings processed
[31m[TrackingCacheManager] Reading 1 failed: Exception: Network error
[93m[TrackingCacheManager] Progress: 2/2 readings processed
[31m[TrackingCacheManager] Reading 2 failed: Exception: Network error
[93m[TrackingCacheManager] === Send Summary ===
[93m[TrackingCacheManager] Total: 2, Successful: 0, Failed: 2
[93m[TrackingCacheManager] 2 readings failed, kept in cache

00:15 +361: C:/Users/Guusv/Documents/Semester 5/Wildlife/wildrapport/test/business/overzicht_tests/top_container_test.dart: TopContainer should display welcome message and username                   
00:15 +361: C:/Users/Guusv/Documents/Semester 5/Wildlife/wildrapport/test/business/tracking_cache_manager_test.dart: TrackingCacheManager should send reading immediately when connection is available 
[93m[TrackingCacheManager] Attempting to send tracking reading
[32m[TrackingCacheManager] Reading sent successfully
[93m[TrackingCacheManager] === Starting sendCachedReadings ===
[93m[TrackingCacheManager] No cached readings to send

00:15 +362: C:/Users/Guusv/Documents/Semester 5/Wildlife/wildrapport/test/business/overzicht_tests/top_container_test.dart: TopContainer should display welcome message and username                   
00:15 +362: C:/Users/Guusv/Documents/Semester 5/Wildlife/wildrapport/test/business/tracking_cache_manager_test.dart: TrackingCacheManager should cache reading when API fails                          
[93m[TrackingCacheManager] Attempting to send tracking reading
[31m[TrackingCacheManager] Failed to send reading: Exception: Network error
[93m[TrackingCacheManager] Caching reading for later
[93m[TrackingCacheManager] Caching tracking reading: TrackingReading(lat: 52.0, lon: 5.0, time: 2025-11-20T12:00:00.000Z)
[32m[TrackingCacheManager] Cached reading successfully. Total cached: 1

00:15 +363: C:/Users/Guusv/Documents/Semester 5/Wildlife/wildrapport/test/business/overzicht_tests/top_container_test.dart: TopContainer should display welcome message and username                   
00:15 +363: C:/Users/Guusv/Documents/Semester 5/Wildlife/wildrapport/test/business/tracking_cache_manager_test.dart: TrackingCacheManager should cache reading when no internet connection             
[93m[TrackingCacheManager] Attempting to send tracking reading
[93m[TrackingCacheManager] No internet connection, caching reading
[93m[TrackingCacheManager] Caching tracking reading: TrackingReading(lat: 52.0, lon: 5.0, time: 2025-11-20T12:00:00.000Z)
[32m[TrackingCacheManager] Cached reading successfully. Total cached: 1

00:15 +364: C:/Users/Guusv/Documents/Semester 5/Wildlife/wildrapport/test/business/overzicht_tests/top_container_test.dart: TopContainer should display welcome message and username                   
00:15 +364: C:/Users/Guusv/Documents/Semester 5/Wildlife/wildrapport/test/business/tracking_cache_manager_test.dart: TrackingCacheManager should handle multiple cached readings correctly             
[93m[TrackingCacheManager] Caching tracking reading: TrackingReading(lat: 52.0, lon: 5.0, time: 2025-11-20T12:00:00.000Z)
[32m[TrackingCacheManager] Cached reading successfully. Total cached: 1
[93m[TrackingCacheManager] Caching tracking reading: TrackingReading(lat: 52.1, lon: 5.1, time: 2025-11-20T12:05:00.000Z)
[32m[TrackingCacheManager] Cached reading successfully. Total cached: 2
[93m[TrackingCacheManager] Caching tracking reading: TrackingReading(lat: 52.2, lon: 5.2, time: 2025-11-20T12:10:00.000Z)
[32m[TrackingCacheManager] Cached reading successfully. Total cached: 3

00:15 +365: C:/Users/Guusv/Documents/Semester 5/Wildlife/wildrapport/test/business/overzicht_tests/top_container_test.dart: TopContainer should display welcome message and username                   
00:15 +366: C:/Users/Guusv/Documents/Semester 5/Wildlife/wildrapport/test/business/overzicht_tests/top_container_test.dart: TopContainer should display welcome message and username                   
00:15 +366: C:/Users/Guusv/Documents/Semester 5/Wildlife/wildrapport/test/business/overzicht_tests/top_container_test.dart: TopContainer should display logo with correct dimensions                   
00:15 +367: C:/Users/Guusv/Documents/Semester 5/Wildlife/wildrapport/test/business/tracking_readings_get_test.dart: Get My Tracking Readings Parse tracking reading response correctly                 
00:15 +368: C:/Users/Guusv/Documents/Semester 5/Wildlife/wildrapport/test/business/tracking_readings_get_test.dart: Get My Tracking Readings Parse tracking reading response correctly                 
00:15 +368: C:/Users/Guusv/Documents/Semester 5/Wildlife/wildrapport/test/business/tracking_readings_get_test.dart: Get My Tracking Readings Get multiple tracking readings                            
00:15 +369: C:/Users/Guusv/Documents/Semester 5/Wildlife/wildrapport/test/business/tracking_readings_get_test.dart: Get My Tracking Readings Get multiple tracking readings                            
00:15 +369: C:/Users/Guusv/Documents/Semester 5/Wildlife/wildrapport/test/business/tracking_readings_get_test.dart: Get My Tracking Readings Handle empty tracking readings list                       
00:15 +370: C:/Users/Guusv/Documents/Semester 5/Wildlife/wildrapport/test/business/tracking_readings_get_test.dart: Get My Tracking Readings Handle empty tracking readings list                       
00:16 +370: C:/Users/Guusv/Documents/Semester 5/Wildlife/wildrapport/test/business/tracking_readings_get_test.dart: Get My Tracking Readings Handle empty tracking readings list                       
00:16 +370: loading C:/Users/Guusv/Documents/Semester 5/Wildlife/wildrapport/test/business/tracking_vicinity_map_test.dart                                                                             
00:16 +370: C:/Users/Guusv/Documents/Semester 5/Wildlife/wildrapport/test/business/tracking_vicinity_map_test.dart: TrackingVicinityParser filterNearReading drops pins far from reading               
00:16 +370: C:/Users/Guusv/Documents/Semester 5/Wildlife/wildrapport/test/business/tracking_vicinity_map_test.dart: TrackingVicinityParser filterNearReading drops pins far from reading               
[TrackingVicinityParser] dropped interaction far: 33396m from reading

00:16 +371: C:/Users/Guusv/Documents/Semester 5/Wildlife/wildrapport/test/business/tracking_vicinity_map_test.dart: TrackingVicinityParser filterNearReading drops pins far from reading               
00:16 +371: C:/Users/Guusv/Documents/Semester 5/Wildlife/wildrapport/test/business/tracking_vicinity_map_test.dart: TrackingVicinityParser parseResponseBody handles single tracking reading object    
00:16 +371: C:/Users/Guusv/Documents/Semester 5/Wildlife/wildrapport/test/business/tracking_vicinity_map_test.dart: TrackingVicinityParser parseResponseBody handles single tracking reading object    
[Vicinity] Successfully parsed: 0 animals, 0 detections, 1 interactions
[test] parsed animals=0 detections=0 interactions=1

00:16 +372: C:/Users/Guusv/Documents/Semester 5/Wildlife/wildrapport/test/business/tracking_vicinity_map_test.dart: TrackingVicinityParser parseResponseBody handles single tracking reading object    
00:16 +372: loading C:/Users/Guusv/Documents/Semester 5/Wildlife/wildrapport/test/data_managers/sighting_report_schema_test.dart                                                                       
00:16 +372: C:/Users/Guusv/Documents/Semester 5/Wildlife/wildrapport/test/data_managers/sighting_report_schema_test.dart: SightingReportSchema parses enum values from schema JSON                     
00:16 +373: C:/Users/Guusv/Documents/Semester 5/Wildlife/wildrapport/test/data_managers/sighting_report_schema_test.dart: SightingReportSchema parses enum values from schema JSON                     
00:16 +373: C:/Users/Guusv/Documents/Semester 5/Wildlife/wildrapport/test/data_managers/sighting_report_schema_test.dart: SightingReportSchema catalog uses researcher Dutch labels for animal activity
00:16 +374: C:/Users/Guusv/Documents/Semester 5/Wildlife/wildrapport/test/data_managers/sighting_report_schema_test.dart: SightingReportSchema catalog uses researcher Dutch labels for animal activity
00:16 +374: C:/Users/Guusv/Documents/Semester 5/Wildlife/wildrapport/test/data_managers/sighting_report_schema_test.dart: SightingReportSchema payload includes other fields when other... selected    
00:16 +375: C:/Users/Guusv/Documents/Semester 5/Wildlife/wildrapport/test/data_managers/sighting_report_schema_test.dart: SightingReportSchema payload includes other fields when other... selected    
00:16 +375: loading C:/Users/Guusv/Documents/Semester 5/Wildlife/wildrapport/test/models/contact_model_test.dart                                                                                       
00:16 +375: C:/Users/Guusv/Documents/Semester 5/Wildlife/wildrapport/test/models/contact_model_test.dart: Contact.fromJson parses animal from borneSensorDeployment and conveyances                    
00:16 +376: C:/Users/Guusv/Documents/Semester 5/Wildlife/wildrapport/test/models/contact_model_test.dart: Contact.fromJson parses animal from borneSensorDeployment and conveyances                    
00:16 +376: loading C:/Users/Guusv/Documents/Semester 5/Wildlife/wildrapport/test/models/core_models_test.dart                                                                                         
00:16 +376: C:/Users/Guusv/Documents/Semester 5/Wildlife/wildrapport/test/models/core_models_test.dart: Location fromJson/toJson roundtrip                                                             
00:16 +377: C:/Users/Guusv/Documents/Semester 5/Wildlife/wildrapport/test/models/core_models_test.dart: Location fromJson/toJson roundtrip                                                             
00:16 +377: C:/Users/Guusv/Documents/Semester 5/Wildlife/wildrapport/test/models/core_models_test.dart: LivingLabs parses definition list when present                                                 
00:16 +378: C:/Users/Guusv/Documents/Semester 5/Wildlife/wildrapport/test/models/core_models_test.dart: LivingLabs parses definition list when present                                                 
00:16 +378: C:/Users/Guusv/Documents/Semester 5/Wildlife/wildrapport/test/models/core_models_test.dart: LivingLabs allows null definition                                                              
00:16 +379: C:/Users/Guusv/Documents/Semester 5/Wildlife/wildrapport/test/models/core_models_test.dart: LivingLabs allows null definition                                                              
00:16 +379: C:/Users/Guusv/Documents/Semester 5/Wildlife/wildrapport/test/models/core_models_test.dart: Experiment parses with minimal fields and user fallback                                        
00:16 +380: C:/Users/Guusv/Documents/Semester 5/Wildlife/wildrapport/test/models/core_models_test.dart: Experiment parses with minimal fields and user fallback                                        
00:16 +380: C:/Users/Guusv/Documents/Semester 5/Wildlife/wildrapport/test/models/core_models_test.dart: Experiment does not crash on invalid dates                                                     
00:16 +381: C:/Users/Guusv/Documents/Semester 5/Wildlife/wildrapport/test/models/core_models_test.dart: Experiment does not crash on invalid dates                                                     
00:16 +381: C:/Users/Guusv/Documents/Semester 5/Wildlife/wildrapport/test/models/core_models_test.dart: MyInteraction submodels InvolvedAnimal defaults                                                
00:16 +382: C:/Users/Guusv/Documents/Semester 5/Wildlife/wildrapport/test/models/core_models_test.dart: MyInteraction submodels InvolvedAnimal defaults                                                
00:16 +382: C:/Users/Guusv/Documents/Semester 5/Wildlife/wildrapport/test/models/core_models_test.dart: MyInteraction submodels ReportOfCollision parses involved animals list                         
00:16 +383: C:/Users/Guusv/Documents/Semester 5/Wildlife/wildrapport/test/models/core_models_test.dart: MyInteraction submodels ReportOfCollision parses involved animals list                         
00:16 +383: C:/Users/Guusv/Documents/Semester 5/Wildlife/wildrapport/test/models/core_models_test.dart: MyInteraction submodels ReportOfCollision falls back severity from urgency/intensity           
00:16 +384: C:/Users/Guusv/Documents/Semester 5/Wildlife/wildrapport/test/models/core_models_test.dart: MyInteraction submodels ReportOfCollision falls back severity from urgency/intensity           
00:16 +384: C:/Users/Guusv/Documents/Semester 5/Wildlife/wildrapport/test/models/core_models_test.dart: MyInteraction submodels ReportOfCollision prefers severity when all fields exist               
00:16 +385: C:/Users/Guusv/Documents/Semester 5/Wildlife/wildrapport/test/models/core_models_test.dart: MyInteraction submodels ReportOfCollision prefers severity when all fields exist               
00:16 +385: C:/Users/Guusv/Documents/Semester 5/Wildlife/wildrapport/test/models/core_models_test.dart: MyInteraction submodels ReportOfDamage parses numeric fields from string and num               
00:16 +386: C:/Users/Guusv/Documents/Semester 5/Wildlife/wildrapport/test/models/core_models_test.dart: MyInteraction submodels ReportOfDamage parses numeric fields from string and num               
00:16 +386: C:/Users/Guusv/Documents/Semester 5/Wildlife/wildrapport/test/models/core_models_test.dart: MyInteraction submodels ReportOfDamage falls back to safe numeric defaults                     
00:16 +387: C:/Users/Guusv/Documents/Semester 5/Wildlife/wildrapport/test/models/core_models_test.dart: MyInteraction submodels ReportOfDamage falls back to safe numeric defaults                     
00:16 +387: C:/Users/Guusv/Documents/Semester 5/Wildlife/wildrapport/test/models/core_models_test.dart: MyInteraction submodels MyInteractionLocation falls back to 0.0 coordinates                    
00:16 +388: C:/Users/Guusv/Documents/Semester 5/Wildlife/wildrapport/test/models/core_models_test.dart: MyInteraction submodels MyInteractionLocation falls back to 0.0 coordinates                    
00:16 +388: C:/Users/Guusv/Documents/Semester 5/Wildlife/wildrapport/test/models/core_models_test.dart: MyInteraction submodels ReportOfSighting handles missing involvedAnimals                       
00:16 +389: C:/Users/Guusv/Documents/Semester 5/Wildlife/wildrapport/test/models/core_models_test.dart: MyInteraction submodels ReportOfSighting handles missing involvedAnimals                       
00:16 +389: C:/Users/Guusv/Documents/Semester 5/Wildlife/wildrapport/test/models/core_models_test.dart: MyInteraction submodels InteractionTypeInfo defaults when fields are missing                   
00:16 +390: C:/Users/Guusv/Documents/Semester 5/Wildlife/wildrapport/test/models/core_models_test.dart: MyInteraction submodels InteractionTypeInfo defaults when fields are missing                   
00:16 +390: C:/Users/Guusv/Documents/Semester 5/Wildlife/wildrapport/test/models/core_models_test.dart: MyInteraction submodels InteractionSpecies keeps optional text fields in toJson                
00:16 +391: C:/Users/Guusv/Documents/Semester 5/Wildlife/wildrapport/test/models/core_models_test.dart: MyInteraction submodels InteractionSpecies keeps optional text fields in toJson                
00:17 +391: C:/Users/Guusv/Documents/Semester 5/Wildlife/wildrapport/test/models/core_models_test.dart: MyInteraction submodels InteractionSpecies keeps optional text fields in toJson                
00:17 +391: loading C:/Users/Guusv/Documents/Semester 5/Wildlife/wildrapport/test/models/interaction_query_result_test.dart                                                                            
00:17 +391: C:/Users/Guusv/Documents/Semester 5/Wildlife/wildrapport/test/models/interaction_query_result_test.dart: InteractionQueryResult parses valid payload with optional fields                  
00:17 +392: C:/Users/Guusv/Documents/Semester 5/Wildlife/wildrapport/test/models/interaction_query_result_test.dart: InteractionQueryResult parses valid payload with optional fields                  
00:17 +392: C:/Users/Guusv/Documents/Semester 5/Wildlife/wildrapport/test/models/interaction_query_result_test.dart: InteractionQueryResult prefers place coordinates over location when both present  
00:17 +393: C:/Users/Guusv/Documents/Semester 5/Wildlife/wildrapport/test/models/interaction_query_result_test.dart: InteractionQueryResult prefers place coordinates over location when both present  
00:17 +393: C:/Users/Guusv/Documents/Semester 5/Wildlife/wildrapport/test/models/interaction_query_result_test.dart: InteractionQueryResult throws FormatException when id is missing                  
00:17 +394: C:/Users/Guusv/Documents/Semester 5/Wildlife/wildrapport/test/models/interaction_query_result_test.dart: InteractionQueryResult throws FormatException when id is missing                  
00:17 +394: C:/Users/Guusv/Documents/Semester 5/Wildlife/wildrapport/test/models/interaction_query_result_test.dart: InteractionQueryResult throws FormatException when coordinates are missing        
00:17 +395: C:/Users/Guusv/Documents/Semester 5/Wildlife/wildrapport/test/models/interaction_query_result_test.dart: InteractionQueryResult throws FormatException when coordinates are missing        
00:17 +395: C:/Users/Guusv/Documents/Semester 5/Wildlife/wildrapport/test/models/interaction_query_result_test.dart: InteractionQueryResult toJson keeps required shape                                
00:17 +396: C:/Users/Guusv/Documents/Semester 5/Wildlife/wildrapport/test/models/interaction_query_result_test.dart: InteractionQueryResult toJson keeps required shape                                
00:17 +396: loading C:/Users/Guusv/Documents/Semester 5/Wildlife/wildrapport/test/models/my_interaction_datetime_test.dart                                                                             
00:17 +396: C:/Users/Guusv/Documents/Semester 5/Wildlife/wildrapport/test/models/my_interaction_datetime_test.dart: MyInteraction datetime parsing keeps timezone-less moment as local wall-clock time 
00:17 +397: C:/Users/Guusv/Documents/Semester 5/Wildlife/wildrapport/test/models/my_interaction_datetime_test.dart: MyInteraction datetime parsing keeps timezone-less moment as local wall-clock time 
00:17 +397: C:/Users/Guusv/Documents/Semester 5/Wildlife/wildrapport/test/models/my_interaction_datetime_test.dart: MyInteraction datetime parsing converts explicit UTC timestamps to local DateTime  
00:17 +398: C:/Users/Guusv/Documents/Semester 5/Wildlife/wildrapport/test/models/my_interaction_datetime_test.dart: MyInteraction datetime parsing converts explicit UTC timestamps to local DateTime  
00:17 +398: C:/Users/Guusv/Documents/Semester ... MyInteraction datetime parsing preserves absolute time when timezone offset is provided                                                              
00:17 +399: C:/Users/Guusv/Documents/Semester ... MyInteraction datetime parsing preserves absolute time when timezone offset is provided                                                              
00:17 +399: C:/Users/Guusv/Documents/Semester 5/Wildlife/wildrapport/test/models/my_interaction_datetime_test.dart: MyInteraction datetime parsing falls back safely on invalid datetime strings       
00:17 +400: C:/Users/Guusv/Documents/Semester 5/Wildlife/wildrapport/test/models/my_interaction_datetime_test.dart: MyInteraction datetime parsing falls back safely on invalid datetime strings       
00:17 +400: C:/Users/Guusv/Documents/Semester ... MyInteraction datetime parsing keeps explicit local offsets distinct from naive local values                                                         
00:17 +401: C:/Users/Guusv/Documents/Semester ... MyInteraction datetime parsing keeps explicit local offsets distinct from naive local values                                                         
00:17 +401: C:/Users/Guusv/Documents/Semester 5/Wildlife/wildrapport/test/models/my_interaction_datetime_test.dart: MyInteraction model defaults parses minimal payload with safe defaults             
00:17 +402: C:/Users/Guusv/Documents/Semester 5/Wildlife/wildrapport/test/models/my_interaction_datetime_test.dart: MyInteraction model defaults parses minimal payload with safe defaults             
00:17 +402: C:/Users/Guusv/Documents/Semester ... MyInteraction model defaults parses optional report and questionnaire blocks when present                                                            
00:17 +403: C:/Users/Guusv/Documents/Semester ... MyInteraction model defaults parses optional report and questionnaire blocks when present                                                            
00:17 +403: C:/Users/Guusv/Documents/Semester 5/Wildlife/wildrapport/test/models/my_interaction_datetime_test.dart: MyInteraction model defaults includes only present optional report blocks in toJson
00:17 +404: C:/Users/Guusv/Documents/Semester 5/Wildlife/wildrapport/test/models/my_interaction_datetime_test.dart: MyInteraction model defaults includes only present optional report blocks in toJson
00:17 +404: C:/Users/Guusv/Documents/Semester 5/Wildlife/wildrapport/test/models/my_interaction_datetime_test.dart: MyInteraction model defaults roundtrips id and datetime keys in toJson             
00:17 +405: C:/Users/Guusv/Documents/Semester 5/Wildlife/wildrapport/test/models/my_interaction_datetime_test.dart: MyInteraction model defaults roundtrips id and datetime keys in toJson             
00:17 +405: loading C:/Users/Guusv/Documents/Semester 5/Wildlife/wildrapport/test/models/pin_models_test.dart                                                                                          
00:17 +405: C:/Users/Guusv/Documents/Semester 5/Wildlife/wildrapport/test/models/pin_models_test.dart: AnimalPin.fromJson parses location and species fields                                           
00:17 +406: C:/Users/Guusv/Documents/Semester 5/Wildlife/wildrapport/test/models/pin_models_test.dart: AnimalPin.fromJson parses location and species fields                                           
00:17 +406: C:/Users/Guusv/Documents/Semester 5/Wildlife/wildrapport/test/models/pin_models_test.dart: AnimalPin.fromJson prefers place over location for map display                                  
00:17 +407: C:/Users/Guusv/Documents/Semester 5/Wildlife/wildrapport/test/models/pin_models_test.dart: AnimalPin.fromJson prefers place over location for map display                                  
00:17 +407: C:/Users/Guusv/Documents/Semester 5/Wildlife/wildrapport/test/models/pin_models_test.dart: AnimalPin.fromJson falls back to now when timestamp invalid                                     
00:17 +408: C:/Users/Guusv/Documents/Semester 5/Wildlife/wildrapport/test/models/pin_models_test.dart: AnimalPin.fromJson falls back to now when timestamp invalid                                     
00:17 +408: C:/Users/Guusv/Documents/Semester 5/Wildlife/wildrapport/test/models/pin_models_test.dart: DetectionPin.fromJson parses required and optional fields                                       
00:17 +409: C:/Users/Guusv/Documents/Semester 5/Wildlife/wildrapport/test/models/pin_models_test.dart: DetectionPin.fromJson parses required and optional fields                                       
00:17 +409: C:/Users/Guusv/Documents/Semester 5/Wildlife/wildrapport/test/models/pin_models_test.dart: DetectionPin.fromJson falls back to now when detectedAt invalid                                 
00:17 +410: C:/Users/Guusv/Documents/Semester 5/Wildlife/wildrapport/test/models/pin_models_test.dart: DetectionPin.fromJson falls back to now when detectedAt invalid                                 
00:17 +410: loading C:/Users/Guusv/Documents/Semester 5/Wildlife/wildrapport/test/models/user_and_questionnaire_info_test.dart                                                                         
00:17 +410: C:/Users/Guusv/Documents/Semester 5/Wildlife/wildrapport/test/models/user_and_questionnaire_info_test.dart: User fromJson supports ID/id/userID variants                                   
00:17 +411: C:/Users/Guusv/Documents/Semester 5/Wildlife/wildrapport/test/models/user_and_questionnaire_info_test.dart: User fromJson supports ID/id/userID variants                                   
00:17 +411: C:/Users/Guusv/Documents/Semester 5/Wildlife/wildrapport/test/models/user_and_questionnaire_info_test.dart: User toTermsUpdateJson only includes reportAppTerms when set                   
00:17 +412: C:/Users/Guusv/Documents/Semester 5/Wildlife/wildrapport/test/models/user_and_questionnaire_info_test.dart: User toTermsUpdateJson only includes reportAppTerms when set                   
00:17 +412: C:/Users/Guusv/Documents/Semester ... QuestionnaireInfo / ExperimentInfo / InteractionTypeInfo parses nested structures with defaults                                                      
00:17 +413: C:/Users/Guusv/Documents/Semester ... QuestionnaireInfo / ExperimentInfo / InteractionTypeInfo parses nested structures with defaults                                                      
00:17 +413: C:/Users/Guusv/Documents/Semester ... QuestionnaireInfo / ExperimentInfo / InteractionTypeInfo handles missing nested maps by falling back to defaults                                     
00:17 +414: C:/Users/Guusv/Documents/Semester ... QuestionnaireInfo / ExperimentInfo / InteractionTypeInfo handles missing nested maps by falling back to defaults                                     
00:17 +414: loading C:/Users/Guusv/Documents/Semester 5/Wildlife/wildrapport/test/models/vicinity_test.dart                                                                                            
00:17 +414: C:/Users/Guusv/Documents/Semester 5/Wildlife/wildrapport/test/models/vicinity_test.dart: Vicinity Model Tests should parse vicinity response from API correctly                            
00:17 +414: C:/Users/Guusv/Documents/Semester 5/Wildlife/wildrapport/test/models/vicinity_test.dart: Vicinity Model Tests should parse vicinity response from API correctly                            
[Vicinity] Successfully parsed: 1 animals, 1 detections, 1 interactions

00:17 +415: C:/Users/Guusv/Documents/Semester 5/Wildlife/wildrapport/test/models/vicinity_test.dart: Vicinity Model Tests should parse vicinity response from API correctly                            
00:17 +415: C:/Users/Guusv/Documents/Semester 5/Wildlife/wildrapport/test/models/vicinity_test.dart: Vicinity Model Tests should handle empty arrays gracefully                                        
00:17 +415: C:/Users/Guusv/Documents/Semester 5/Wildlife/wildrapport/test/models/vicinity_test.dart: Vicinity Model Tests should handle empty arrays gracefully                                        
[Vicinity] Successfully parsed: 0 animals, 0 detections, 0 interactions

00:17 +416: C:/Users/Guusv/Documents/Semester 5/Wildlife/wildrapport/test/models/vicinity_test.dart: Vicinity Model Tests should handle empty arrays gracefully                                        
00:17 +416: C:/Users/Guusv/Documents/Semester 5/Wildlife/wildrapport/test/models/vicinity_test.dart: Vicinity Model Tests should handle missing fields gracefully                                      
00:17 +416: C:/Users/Guusv/Documents/Semester 5/Wildlife/wildrapport/test/models/vicinity_test.dart: Vicinity Model Tests should handle missing fields gracefully                                      
[Vicinity] Successfully parsed: 0 animals, 0 detections, 0 interactions

00:17 +417: C:/Users/Guusv/Documents/Semester 5/Wildlife/wildrapport/test/models/vicinity_test.dart: Vicinity Model Tests should handle missing fields gracefully                                      
00:17 +417: C:/Users/Guusv/Documents/Semester 5/Wildlife/wildrapport/test/models/vicinity_test.dart: Vicinity Model Tests unwraps nested vicinity key via TrackingVicinityParser                       
00:18 +417: C:/Users/Guusv/Documents/Semester 5/Wildlife/wildrapport/test/models/vicinity_test.dart: Vicinity Model Tests unwraps nested vicinity key via TrackingVicinityParser                       
[Vicinity] Successfully parsed: 1 animals, 0 detections, 0 interactions

00:18 +418: C:/Users/Guusv/Documents/Semester 5/Wildlife/wildrapport/test/models/vicinity_test.dart: Vicinity Model Tests unwraps nested vicinity key via TrackingVicinityParser                       
00:18 +418: C:/Users/Guusv/Documents/Semester 5/Wildlife/wildrapport/test/models/vicinity_test.dart: Vicinity Model Tests TrackingVicinityParser picks latest reading from array                       
00:18 +418: C:/Users/Guusv/Documents/Semester 5/Wildlife/wildrapport/test/models/vicinity_test.dart: Vicinity Model Tests TrackingVicinityParser picks latest reading from array                       
[Vicinity] Successfully parsed: 0 animals, 0 detections, 1 interactions
[test] parsed animals=0 detections=0 interactions=1

00:18 +419: C:/Users/Guusv/Documents/Semester 5/Wildlife/wildrapport/test/models/vicinity_test.dart: Vicinity Model Tests TrackingVicinityParser picks latest reading from array                       
00:18 +419: C:/Users/Guusv/Documents/Semester 5/Wildlife/wildrapport/test/models/vicinity_test.dart: Vicinity Model Tests should skip malformed items and continue parsing others                      
00:18 +419: C:/Users/Guusv/Documents/Semester 5/Wildlife/wildrapport/test/models/vicinity_test.dart: Vicinity Model Tests should skip malformed items and continue parsing others                      
[Vicinity] Failed to parse animal: FormatException: AnimalPin: missing location
[Vicinity] Animal JSON: {ID: invalid-animal, species: {commonName: Vos}}
[Vicinity] Successfully parsed: 2 animals, 0 detections, 0 interactions

00:18 +420: C:/Users/Guusv/Documents/Semester 5/Wildlife/wildrapport/test/models/vicinity_test.dart: Vicinity Model Tests should skip malformed items and continue parsing others                      
00:18 +420: loading C:/Users/Guusv/Documents/Semester 5/Wildlife/wildrapport/test/providers/app_state_location_tracking_test.dart                                                                      
00:18 +420: C:/Users/Guusv/Documents/Semester ... AppStateProvider location tracking preference loads saved location tracking preference from SharedPreferences                                        
00:18 +420: C:/Users/Guusv/Documents/Semester 5/Wildlife/wildrapport/test/providers/app_state_location_tracking_test.dart: AppStateProvider location tracking preference loads saved location tracking preference from SharedPreferences
[AppStateProvider] Loaded location tracking preference: true

00:18 +421: C:/Users/Guusv/Documents/Semester ... AppStateProvider location tracking preference loads saved location tracking preference from SharedPreferences                                        
00:18 +421: C:/Users/Guusv/Documents/Semester ... AppStateProvider location tracking preference setLocationTrackingEnabled persists and updates flag                                                   
00:18 +421: C:/Users/Guusv/Documents/Semester 5/Wildlife/wildrapport/test/providers/app_state_location_tracking_test.dart: AppStateProvider location tracking preference setLocationTrackingEnabled persists and updates flag
[AppStateProvider] Location tracking enabled
[AppStateProvider] Location tracking disabled

00:18 +422: C:/Users/Guusv/Documents/Semester ... AppStateProvider location tracking preference setLocationTrackingEnabled persists and updates flag                                                   
00:18 +422: C:/Users/Guusv/Documents/Semester ... AppStateProvider notifications preference loads saved notifications preference                                                                       
00:18 +422: C:/Users/Guusv/Documents/Semester 5/Wildlife/wildrapport/test/providers/app_state_location_tracking_test.dart: AppStateProvider notifications preference loads saved notifications preference
[AppStateProvider] Loaded notifications preference: false

00:18 +423: C:/Users/Guusv/Documents/Semester ... AppStateProvider notifications preference loads saved notifications preference                                                                       
00:18 +423: C:/Users/Guusv/Documents/Semester ... AppStateProvider notifications preference setNotificationsEnabled persists and updates flag                                                          
00:18 +423: C:/Users/Guusv/Documents/Semester 5/Wildlife/wildrapport/test/providers/app_state_location_tracking_test.dart: AppStateProvider notifications preference setNotificationsEnabled persists and updates flag
[AppStateProvider] Notifications disabled
[AppStateProvider] Notifications enabled

00:18 +424: C:/Users/Guusv/Documents/Semester ... AppStateProvider notifications preference setNotificationsEnabled persists and updates flag                                                          
00:18 +424: loading C:/Users/Guusv/Documents/Semester 5/Wildlife/wildrapport/test/providers/app_state_provider_test.dart                                                                               
00:18 +424: C:/Users/Guusv/Documents/Semester 5/Wildlife/wildrapport/test/providers/app_state_provider_test.dart: AppStateProvider should initialize with default values                               
00:18 +424: C:/Users/Guusv/Documents/Semester 5/Wildlife/wildrapport/test/providers/app_state_provider_test.dart: AppStateProvider should initialize with default values                               
[33m[AppStateProvider] Cache invalid: No cached data[0m

00:18 +425: C:/Users/Guusv/Documents/Semester 5/Wildlife/wildrapport/test/providers/app_state_provider_test.dart: AppStateProvider should initialize with default values                               
00:18 +425: C:/Users/Guusv/Documents/Semester 5/Wildlife/wildrapport/test/providers/app_state_provider_test.dart: AppStateProvider should set and get screen state                                     
00:18 +426: C:/Users/Guusv/Documents/Semester 5/Wildlife/wildrapport/test/providers/app_state_provider_test.dart: AppStateProvider should set and get screen state                                     
00:18 +426: C:/Users/Guusv/Documents/Semester 5/Wildlife/wildrapport/test/providers/app_state_provider_test.dart: AppStateProvider should not set screen state when value is null                      
00:18 +426: C:/Users/Guusv/Documents/Semester 5/Wildlife/wildrapport/test/providers/app_state_provider_test.dart: AppStateProvider should not set screen state when value is null                      
Warning: Null value being set for testScreen.testKey

00:18 +427: C:/Users/Guusv/Documents/Semester 5/Wildlife/wildrapport/test/providers/app_state_provider_test.dart: AppStateProvider should not set screen state when value is null                      
00:18 +427: C:/Users/Guusv/Documents/Semester 5/Wildlife/wildrapport/test/providers/app_state_provider_test.dart: AppStateProvider should not update screen state when value is the same               
00:18 +428: C:/Users/Guusv/Documents/Semester 5/Wildlife/wildrapport/test/providers/app_state_provider_test.dart: AppStateProvider should not update screen state when value is the same               
00:18 +428: C:/Users/Guusv/Documents/Semester 5/Wildlife/wildrapport/test/providers/app_state_provider_test.dart: AppStateProvider should warn on type mismatch for existing key                       
00:18 +428: C:/Users/Guusv/Documents/Semester 5/Wildlife/wildrapport/test/providers/app_state_provider_test.dart: AppStateProvider should warn on type mismatch for existing key                       
Warning: Type mismatch for testScreen.testKey. Expected String, got int

00:18 +429: C:/Users/Guusv/Documents/Semester 5/Wildlife/wildrapport/test/providers/app_state_provider_test.dart: AppStateProvider should warn on type mismatch for existing key                       
00:18 +429: C:/Users/Guusv/Documents/Semester 5/Wildlife/wildrapport/test/providers/app_state_provider_test.dart: AppStateProvider should clear screen state                                           
00:18 +430: C:/Users/Guusv/Documents/Semester 5/Wildlife/wildrapport/test/providers/app_state_provider_test.dart: AppStateProvider should clear screen state                                           
00:18 +430: C:/Users/Guusv/Documents/Semester 5/Wildlife/wildrapport/test/providers/app_state_provider_test.dart: AppStateProvider should initialize report based on report type                       
00:18 +430: C:/Users/Guusv/Documents/Semester 5/Wildlife/wildrapport/test/providers/app_state_provider_test.dart: AppStateProvider should initialize report based on report type                       
[36m[AppStateProvider] ­ƒöÀ Initializing report with type: ReportType.waarneming[0m
[36m[AppStateProvider] ­ƒöÀ Report initialized. Current type: ReportType.waarneming[0m

00:18 +431: C:/Users/Guusv/Documents/Semester 5/Wildlife/wildrapport/test/providers/app_state_provider_test.dart: AppStateProvider should initialize report based on report type                       
00:18 +431: C:/Users/Guusv/Documents/Semester 5/Wildlife/wildrapport/test/providers/app_state_provider_test.dart: AppStateProvider should reset application state                                      
00:18 +431: C:/Users/Guusv/Documents/Semester 5/Wildlife/wildrapport/test/providers/app_state_provider_test.dart: AppStateProvider should reset application state                                      
[36m[AppStateProvider] ­ƒöÀ Initializing report with type: ReportType.waarneming[0m
[36m[AppStateProvider] ­ƒöÀ Report initialized. Current type: ReportType.waarneming[0m

00:18 +432: C:/Users/Guusv/Documents/Semester 5/Wildlife/wildrapport/test/providers/app_state_provider_test.dart: AppStateProvider should reset application state                                      
00:18 +432: C:/Users/Guusv/Documents/Semester 5/Wildlife/wildrapport/test/providers/app_state_provider_test.dart: AppStateProvider should report location cache as invalid when no data exists         
00:18 +432: C:/Users/Guusv/Documents/Semester 5/Wildlife/wildrapport/test/providers/app_state_provider_test.dart: AppStateProvider should report location cache as invalid when no data exists         
[33m[AppStateProvider] Cache invalid: No cached data[0m

00:18 +433: C:/Users/Guusv/Documents/Semester 5/Wildlife/wildrapport/test/providers/app_state_provider_test.dart: AppStateProvider should report location cache as invalid when no data exists         
00:18 +433: loading C:/Users/Guusv/Documents/Semester 5/Wildlife/wildrapport/test/providers/map_provider_test.dart                                                                                     
00:18 +433: C:/Users/Guusv/Documents/Semester 5/Wildlife/wildrapport/test/providers/map_provider_test.dart: MapProvider should initialize with default values                                          
00:18 +434: C:/Users/Guusv/Documents/Semester 5/Wildlife/wildrapport/test/providers/map_provider_test.dart: MapProvider should initialize with default values                                          
00:18 +434: C:/Users/Guusv/Documents/Semester 5/Wildlife/wildrapport/test/providers/map_provider_test.dart: MapProvider should create map controller when accessed before initialization               
00:18 +434: C:/Users/Guusv/Documents/Semester 5/Wildlife/wildrapport/test/providers/map_provider_test.dart: MapProvider should create map controller when accessed before initialization               
[MapProvider] Warning: accessing uninitialized map controller, creating new instance

00:18 +435: C:/Users/Guusv/Documents/Semester 5/Wildlife/wildrapport/test/providers/map_provider_test.dart: MapProvider should create map controller when accessed before initialization               
00:18 +435: C:/Users/Guusv/Documents/Semester 5/Wildlife/wildrapport/test/providers/map_provider_test.dart: MapProvider should initialize map controller explicitly                                    
00:18 +436: C:/Users/Guusv/Documents/Semester 5/Wildlife/wildrapport/test/providers/map_provider_test.dart: MapProvider should initialize map controller explicitly                                    
00:18 +436: C:/Users/Guusv/Documents/Semester 5/Wildlife/wildrapport/test/providers/map_provider_test.dart: MapProvider should not reinitialize if already initialized                                 
00:18 +436: C:/Users/Guusv/Documents/Semester 5/Wildlife/wildrapport/test/providers/map_provider_test.dart: MapProvider should not reinitialize if already initialized                                 
[MapProvider] Map controller already initialized, skipping

00:18 +437: C:/Users/Guusv/Documents/Semester 5/Wildlife/wildrapport/test/providers/map_provider_test.dart: MapProvider should not reinitialize if already initialized                                 
00:18 +437: C:/Users/Guusv/Documents/Semester 5/Wildlife/wildrapport/test/providers/map_provider_test.dart: MapProvider should update position and address                                             
00:18 +438: C:/Users/Guusv/Documents/Semester 5/Wildlife/wildrapport/test/providers/map_provider_test.dart: MapProvider should update position and address                                             
00:18 +438: C:/Users/Guusv/Documents/Semester 5/Wildlife/wildrapport/test/providers/map_provider_test.dart: MapProvider should not update selected position if it is set to unknown                    
00:18 +439: C:/Users/Guusv/Documents/Semester 5/Wildlife/wildrapport/test/providers/map_provider_test.dart: MapProvider should not update selected position if it is set to unknown                    
00:18 +439: C:/Users/Guusv/Documents/Semester 5/Wildlife/wildrapport/test/providers/map_provider_test.dart: MapProvider should set selected location                                                   
00:18 +440: C:/Users/Guusv/Documents/Semester 5/Wildlife/wildrapport/test/providers/map_provider_test.dart: MapProvider should set selected location                                                   
00:18 +440: C:/Users/Guusv/Documents/Semester 5/Wildlife/wildrapport/test/providers/map_provider_test.dart: MapProvider should reset to current location                                               
00:18 +441: C:/Users/Guusv/Documents/Semester 5/Wildlife/wildrapport/test/providers/map_provider_test.dart: MapProvider should reset to current location                                               
00:18 +441: C:/Users/Guusv/Documents/Semester 5/Wildlife/wildrapport/test/providers/map_provider_test.dart: MapProvider should reset state fields                                                      
00:18 +442: C:/Users/Guusv/Documents/Semester 5/Wildlife/wildrapport/test/providers/map_provider_test.dart: MapProvider should reset state fields                                                      
00:18 +442: C:/Users/Guusv/Documents/Semester 5/Wildlife/wildrapport/test/providers/map_provider_test.dart: MapProvider should set loading state                                                       
00:18 +443: C:/Users/Guusv/Documents/Semester 5/Wildlife/wildrapport/test/providers/map_provider_test.dart: MapProvider should set loading state                                                       
00:18 +443: C:/Users/Guusv/Documents/Semester 5/Wildlife/wildrapport/test/providers/map_provider_test.dart: MapProvider should not start tracking when no tracking backend configured                  
00:18 +443: C:/Users/Guusv/Documents/Semester 5/Wildlife/wildrapport/test/providers/map_provider_test.dart: MapProvider should not start tracking when no tracking backend configured                  
[MapProvider] Cannot start tracking: Neither TrackingCacheManager nor TrackingApi is set

00:18 +444: C:/Users/Guusv/Documents/Semester 5/Wildlife/wildrapport/test/providers/map_provider_test.dart: MapProvider should not start tracking when no tracking backend configured                  
00:18 +444: C:/Users/Guusv/Documents/Semester 5/Wildlife/wildrapport/test/providers/map_provider_test.dart: MapProvider should start tracking when tracking api configured                             
00:18 +444: C:/Users/Guusv/Documents/Semester 5/Wildlife/wildrapport/test/providers/map_provider_test.dart: MapProvider should start tracking when tracking api configured                             
[MapProvider] tracking STARTED every 600s

00:18 +445: C:/Users/Guusv/Documents/Semester 5/Wildlife/wildrapport/test/providers/map_provider_test.dart: MapProvider should start tracking when tracking api configured                             
00:18 +445: C:/Users/Guusv/Documents/Semester 5/Wildlife/wildrapport/test/providers/map_provider_test.dart: MapProvider should stop tracking after start                                               
00:18 +445: C:/Users/Guusv/Documents/Semester 5/Wildlife/wildrapport/test/providers/map_provider_test.dart: MapProvider should start tracking when tracking api configured                             
Error determining position: MissingPluginException(No implementation found for method isLocationServiceEnabled on channel flutter.baseflow.com/geolocator)
[MapProvider] tracking ping skipped: MissingPluginException(No implementation found for method getCurrentPosition on channel flutter.baseflow.com/geolocator)

00:18 +445: C:/Users/Guusv/Documents/Semester 5/Wildlife/wildrapport/test/providers/map_provider_test.dart: MapProvider should stop tracking after start                                               
[MapProvider] tracking STARTED every 600s
[MapProvider] tracking STOPPED

00:18 +446: C:/Users/Guusv/Documents/Semester 5/Wildlife/wildrapport/test/providers/map_provider_test.dart: MapProvider should stop tracking after start                                               
00:18 +446: C:/Users/Guusv/Documents/Semester 5/Wildlife/wildrapport/test/providers/map_provider_test.dart: MapProvider should clear user location and stop tracking                                   
00:18 +446: C:/Users/Guusv/Documents/Semester 5/Wildlife/wildrapport/test/providers/map_provider_test.dart: MapProvider should stop tracking after start                                               
Error determining position: MissingPluginException(No implementation found for method isLocationServiceEnabled on channel flutter.baseflow.com/geolocator)
[MapProvider] tracking ping skipped: MissingPluginException(No implementation found for method getCurrentPosition on channel flutter.baseflow.com/geolocator)

00:18 +446: C:/Users/Guusv/Documents/Semester 5/Wildlife/wildrapport/test/providers/map_provider_test.dart: MapProvider should clear user location and stop tracking                                   
[MapProvider] tracking STARTED every 600s
[MapProvider] tracking STOPPED

00:18 +447: C:/Users/Guusv/Documents/Semester 5/Wildlife/wildrapport/test/providers/map_provider_test.dart: MapProvider should clear user location and stop tracking                                   
00:18 +447: C:/Users/Guusv/Documents/Semester 5/Wildlife/wildrapport/test/providers/map_provider_test.dart: MapProvider should set mock vicinity data                                                  
00:18 +447: C:/Users/Guusv/Documents/Semester 5/Wildlife/wildrapport/test/providers/map_provider_test.dart: MapProvider should clear user location and stop tracking                                   
Error determining position: MissingPluginException(No implementation found for method isLocationServiceEnabled on channel flutter.baseflow.com/geolocator)
[MapProvider] tracking ping skipped: MissingPluginException(No implementation found for method getCurrentPosition on channel flutter.baseflow.com/geolocator)

00:18 +448: C:/Users/Guusv/Documents/Semester 5/Wildlife/wildrapport/test/providers/map_provider_test.dart: MapProvider should set mock vicinity data                                                  
00:18 +448: C:/Users/Guusv/Documents/Semester 5/Wildlife/wildrapport/test/providers/map_provider_test.dart: MapProvider should load vicinity data from api                                             
00:18 +448: C:/Users/Guusv/Documents/Semester 5/Wildlife/wildrapport/test/providers/map_provider_test.dart: MapProvider should load vicinity data from api                                             
[MapProvider] ­ƒôì Loading map pins via VicinityApi
[MapProvider] Ô£ô Applied vicinity from tracking ping: 1 animals, 1 detections, 1 interactions
[MapProvider] Ô£ô Pins from GET /tracking-readings/me/: 1 animals, 1 detections, 1 interactions

00:18 +449: C:/Users/Guusv/Documents/Semester 5/Wildlife/wildrapport/test/providers/map_provider_test.dart: MapProvider should load vicinity data from api                                             
00:18 +449: C:/Users/Guusv/Documents/Semester 5/Wildlife/wildrapport/test/providers/map_provider_test.dart: MapProvider should set error when VicinityApi fails                                        
00:18 +449: C:/Users/Guusv/Documents/Semester 5/Wildlife/wildrapport/test/providers/map_provider_test.dart: MapProvider should set error when VicinityApi fails                                        
[MapProvider] ­ƒôì Loading map pins via VicinityApi
[MapProvider] VicinityApi load failed: Exception: vicinity failed

00:18 +450: C:/Users/Guusv/Documents/Semester 5/Wildlife/wildrapport/test/providers/map_provider_test.dart: MapProvider should set error when VicinityApi fails                                        
00:18 +450: C:/Users/Guusv/Documents/Semester 5/Wildlife/wildrapport/test/providers/map_provider_test.dart: MapProvider should send tracking ping once when api exists                                 
00:18 +450: C:/Users/Guusv/Documents/Semester 5/Wildlife/wildrapport/test/providers/map_provider_test.dart: MapProvider should send tracking ping once when api exists                                 
[MapProvider] ­ƒôì Sending tracking ping for position: 52.0, 5.0
[MapProvider] Ô£ô tracking-reading OK; no notice from backend

00:18 +451: C:/Users/Guusv/Documents/Semester 5/Wildlife/wildrapport/test/providers/response_provider_test.dart: ResponseProvider should initialize with default values                                
00:18 +452: C:/Users/Guusv/Documents/Semester 5/Wildlife/wildrapport/test/providers/response_provider_test.dart: ResponseProvider should initialize with default values                                
00:18 +452: C:/Users/Guusv/Documents/Semester 5/Wildlife/wildrapport/test/providers/map_provider_test.dart: MapProvider should skip sending duplicate tracking location                                
[MapProvider] ­ƒôì Sending tracking ping for position: 52.3676, 4.9041
[MapProvider] Ô£ô tracking-reading OK; no notice from backend
[MapProvider] ÔÅ¡´©Å Tracking ping skipped (same location, 0.00m)
[MapProvider] ­ƒôì Sending tracking ping for position: 52.3677, 4.9041
[MapProvider] Ô£ô tracking-reading OK; no notice from backend

00:18 +453: C:/Users/Guusv/Documents/Semester 5/Wildlife/wildrapport/test/providers/response_provider_test.dart: ResponseProvider should initialize with default values                                
00:18 +454: C:/Users/Guusv/Documents/Semester 5/Wildlife/wildrapport/test/providers/map_provider_test.dart: MapProvider should disable night-time tracking between 00:00 and 01:00                     
00:18 +454: C:/Users/Guusv/Documents/Semester 5/Wildlife/wildrapport/test/providers/map_provider_test.dart: MapProvider should disable night-time tracking between 00:00 and 01:00                     
[MapProvider] tracking STARTED every 600s
[MapProvider] ­ƒîÖ Tracking blocked between 00:00-01:00; disabling location sharing
[MapProvider] tracking STOPPED

00:18 +455: C:/Users/Guusv/Documents/Semester 5/Wildlife/wildrapport/test/providers/response_provider_test.dart: ResponseProvider should set and get response                                          
00:18 +455: C:/Users/Guusv/Documents/Semester 5/Wildlife/wildrapport/test/providers/map_provider_test.dart: MapProvider should disable night-time tracking between 00:00 and 01:00                     
Error determining position: MissingPluginException(No implementation found for method isLocationServiceEnabled on channel flutter.baseflow.com/geolocator)
[MapProvider] tracking ping skipped: MissingPluginException(No implementation found for method getCurrentPosition on channel flutter.baseflow.com/geolocator)

00:18 +456: C:/Users/Guusv/Documents/Semester 5/Wildlife/wildrapport/test/providers/map_provider_test.dart: MapProvider should send tracking ping outside nightly window at 01:00                      
00:19 +456: C:/Users/Guusv/Documents/Semester 5/Wildlife/wildrapport/test/providers/map_provider_test.dart: MapProvider should send tracking ping outside nightly window at 01:00                      
[MapProvider] ­ƒôì Sending tracking ping for position: 52.3, 4.9
[MapProvider] Ô£ô tracking-reading OK; no notice from backend

00:19 +457: C:/Users/Guusv/Documents/Semester 5/Wildlife/wildrapport/test/providers/response_provider_test.dart: ResponseProvider should add response to list                                          
00:19 +458: C:/Users/Guusv/Documents/Semester 5/Wildlife/wildrapport/test/providers/response_provider_test.dart: ResponseProvider should add response to list                                          
00:19 +458: C:/Users/Guusv/Documents/Semester 5/Wildlife/wildrapport/test/providers/map_provider_test.dart: MapProvider should keep vicinity unchanged when no api configured                          
[MapProvider] ­ƒôì Loading map pins via VicinityApi

00:19 +458: C:/Users/Guusv/Documents/Semester 5/Wildlife/wildrapport/test/providers/response_provider_test.dart: ResponseProvider should add response to list                                          
[93m [ResponseProvider]: Adding Response

00:19 +459: C:/Users/Guusv/Documents/Semester 5/Wildlife/wildrapport/test/providers/map_provider_test.dart: MapProvider should keep vicinity unchanged when no api configured                          
00:19 +460: C:/Users/Guusv/Documents/Semester 5/Wildlife/wildrapport/test/providers/map_provider_test.dart: MapProvider should keep vicinity unchanged when no api configured                          
00:19 +460: C:/Users/Guusv/Documents/Semester 5/Wildlife/wildrapport/test/providers/response_provider_test.dart: ResponseProvider should remove response from list                                     
00:19 +460: C:/Users/Guusv/Documents/Semester 5/Wildlife/wildrapport/test/providers/response_provider_test.dart: ResponseProvider should remove response from list                                     
[93m [ResponseProvider]: Adding Response

00:19 +461: C:/Users/Guusv/Documents/Semester 5/Wildlife/wildrapport/test/providers/map_provider_test.dart: MapProvider should clear pins and positions on resetMapState                               
00:19 +461: C:/Users/Guusv/Documents/Semester 5/Wildlife/wildrapport/test/providers/response_provider_test.dart: ResponseProvider should set updating response state                                   
[93m [ResponseProvider]: Updating Response

00:19 +462: C:/Users/Guusv/Documents/Semester 5/Wildlife/wildrapport/test/providers/map_provider_test.dart: MapProvider should clear pins and positions on resetMapState                               
00:19 +462: C:/Users/Guusv/Documents/Semester 5/Wildlife/wildrapport/test/providers/response_provider_test.dart: ResponseProvider should update existing response in list                              
[93m [ResponseProvider]: Adding Response

00:19 +463: C:/Users/Guusv/Documents/Semester 5/Wildlife/wildrapport/test/providers/map_provider_test.dart: MapProvider should clear pins and positions on resetMapState                               
00:19 +463: C:/Users/Guusv/Documents/Semester 5/Wildlife/wildrapport/test/providers/response_provider_test.dart: ResponseProvider should not update response if questionID does not match              
[93m [ResponseProvider]: Adding Response

00:19 +464: C:/Users/Guusv/Documents/Semester 5/Wildlife/wildrapport/test/providers/map_provider_test.dart: MapProvider should clear pins and positions on resetMapState                               
00:19 +464: C:/Users/Guusv/Documents/Semester 5/Wildlife/wildrapport/test/providers/response_provider_test.dart: ResponseProvider should set answerID and notify listeners                             
[93m [ResponseProvider]: setting the answerID: answer123

00:19 +465: C:/Users/Guusv/Documents/Semester 5/Wildlife/wildrapport/test/providers/map_provider_test.dart: MapProvider should clear pins and positions on resetMapState                               
00:19 +465: C:/Users/Guusv/Documents/Semester 5/Wildlife/wildrapport/test/providers/response_provider_test.dart: ResponseProvider should clear answerID and notify listeners                           
[93m [ResponseProvider]: setting the answerID: answer123
[93m [ResponseProvider]: clearing the answerID

00:19 +466: C:/Users/Guusv/Documents/Semester 5/Wildlife/wildrapport/test/providers/map_provider_test.dart: MapProvider should clear pins and positions on resetMapState                               
00:19 +466: C:/Users/Guusv/Documents/Semester 5/Wildlife/wildrapport/test/providers/response_provider_test.dart: ResponseProvider should set interactionID and notify listeners                        
[93m [ResponseProvider]: setting the interactionID: interaction123

00:19 +467: C:/Users/Guusv/Documents/Semester 5/Wildlife/wildrapport/test/providers/map_provider_test.dart: MapProvider should clear pins and positions on resetMapState                               
00:19 +467: C:/Users/Guusv/Documents/Semester 5/Wildlife/wildrapport/test/providers/response_provider_test.dart: ResponseProvider should set questionID and notify listeners                           
[93m [ResponseProvider]: setting the questionID: question123

00:19 +468: C:/Users/Guusv/Documents/Semester 5/Wildlife/wildrapport/test/providers/map_provider_test.dart: MapProvider should clear pins and positions on resetMapState                               
00:19 +468: C:/Users/Guusv/Documents/Semester 5/Wildlife/wildrapport/test/providers/response_provider_test.dart: ResponseProvider should set text and notify listeners                                 
[93m [ResponseProvider]: setting the text: Test response text

00:19 +469: C:/Users/Guusv/Documents/Semester 5/Wildlife/wildrapport/test/providers/map_provider_test.dart: MapProvider should clear pins and positions on resetMapState                               
00:19 +469: C:/Users/Guusv/Documents/Semester 5/Wildlife/wildrapport/test/providers/response_provider_test.dart: ResponseProvider should build response from current state                             
[93m [ResponseProvider]: setting the answerID: answer123
[93m [ResponseProvider]: setting the interactionID: interaction123
[93m [ResponseProvider]: setting the questionID: question123
[93m [ResponseProvider]: setting the text: Test response text

00:19 +470: C:/Users/Guusv/Documents/Semester 5/Wildlife/wildrapport/test/providers/map_provider_test.dart: MapProvider should clear pins and positions on resetMapState                               
00:19 +470: C:/Users/Guusv/Documents/Semester 5/Wildlife/wildrapport/test/providers/response_provider_test.dart: ResponseProvider should clear response and notify listeners                           
[93m [ResponseProvider]: setting the answerID: answer123
[93m [ResponseProvider]: setting the interactionID: interaction123
[93m [ResponseProvider]: setting the questionID: question123
[93m [ResponseProvider]: setting the text: Test response text
[93m [ResponseProvider]: Updating Response

00:19 +471: C:/Users/Guusv/Documents/Semester 5/Wildlife/wildrapport/test/providers/map_provider_test.dart: MapProvider should clear pins and positions on resetMapState                               
00:19 +471: C:/Users/Guusv/Documents/Semester 5/Wildlife/wildrapport/test/providers/response_provider_test.dart: ResponseProvider should clear responses list                                          
[93m [ResponseProvider]: Adding Response

00:19 +472: C:/Users/Guusv/Documents/Semester 5/Wildlife/wildrapport/test/providers/map_provider_test.dart: MapProvider should clear pins and positions on resetMapState                               
00:19 +473: C:/Users/Guusv/Documents/Semester 5/Wildlife/wildrapport/test/providers/map_provider_test.dart: MapProvider should clear pins and positions on resetMapState                               
00:19 +473: loading C:/Users/Guusv/Documents/Semester 5/Wildlife/wildrapport/test/services/contact_tracing_ble_test.dart                                                                               
00:19 +473: C:/Users/Guusv/Documents/Semester 5/Wildlife/wildrapport/test/services/contact_tracing_ble_test.dart: ContactTracingBle.resolveHardwareAddress uses Android-style remoteId when it is a MAC
00:19 +474: C:/Users/Guusv/Documents/Semester 5/Wildlife/wildrapport/test/services/contact_tracing_ble_test.dart: ContactTracingBle.resolveHardwareAddress uses Android-style remoteId when it is a MAC
00:19 +474: C:/Users/Guusv/Documents/Semester ... ContactTracingBle.resolveHardwareAddress extracts MAC from Smart Parks manufacturer data                                                             
00:19 +475: C:/Users/Guusv/Documents/Semester ... ContactTracingBle.resolveHardwareAddress extracts MAC from Smart Parks manufacturer data                                                             
00:19 +475: C:/Users/Guusv/Documents/Semester ... ContactTracingBle.resolveHardwareAddress extracts MAC from SP-prefixed advertised name on iOS                                                        
00:19 +476: C:/Users/Guusv/Documents/Semester ... ContactTracingBle.resolveHardwareAddress extracts MAC from SP-prefixed advertised name on iOS                                                        
00:19 +476: C:/Users/Guusv/Documents/Semester ... ContactTracingBle.resolveHardwareAddress returns null when iOS UUID has no embedded MAC                                                              
00:19 +477: C:/Users/Guusv/Documents/Semester ... ContactTracingBle.resolveHardwareAddress returns null when iOS UUID has no embedded MAC                                                              
00:19 +477: loading C:/Users/Guusv/Documents/Semester 5/Wildlife/wildrapport/test/utils/preferred_report_location_test.dart                                                                            
00:19 +477: C:/Users/Guusv/Documents/Semester 5/Wildlife/wildrapport/test/utils/preferred_report_location_test.dart: PreferredReportLocation prefers place coordinates over location when both present 
00:19 +478: C:/Users/Guusv/Documents/Semester 5/Wildlife/wildrapport/test/utils/preferred_report_location_test.dart: PreferredReportLocation prefers place coordinates over location when both present 
00:19 +478: C:/Users/Guusv/Documents/Semester 5/Wildlife/wildrapport/test/utils/preferred_report_location_test.dart: PreferredReportLocation falls back to location when place is missing              
00:19 +479: C:/Users/Guusv/Documents/Semester 5/Wildlife/wildrapport/test/utils/preferred_report_location_test.dart: PreferredReportLocation falls back to location when place is missing              
00:19 +479: C:/Users/Guusv/Documents/Semester 5/Wildlife/wildrapport/test/utils/preferred_report_location_test.dart: interactionPinFromSighting uses manual location before system location            
00:19 +480: C:/Users/Guusv/Documents/Semester 5/Wildlife/wildrapport/test/utils/preferred_report_location_test.dart: interactionPinFromSighting uses manual location before system location            
00:19 +480: loading C:/Users/Guusv/Documents/Semester 5/Wildlife/wildrapport/test/widgets/animal_counting_test.dart                                                                                    
00:19 +480: C:/Users/Guusv/Documents/Semester 5/Wildlife/wildrapport/test/widgets/animal_counting_test.dart: AnimalCounting Widget Tests should display heading and navigation buttons                 
00:20 +480: C:/Users/Guusv/Documents/Semester 5/Wildlife/wildrapport/test/widgets/animal_counting_test.dart: AnimalCounting Widget Tests should display heading and navigation buttons                 
00:20 +481: C:/Users/Guusv/Documents/Semester 5/Wildlife/wildrapport/test/widgets/animal_list_table_test.dart: AnimalListTable Widget Tests should display animal name                                 
00:20 +482: C:/Users/Guusv/Documents/Semester 5/Wildlife/wildrapport/test/widgets/animal_list_table_test.dart: AnimalListTable Widget Tests should display animal name                                 
00:20 +483: C:/Users/Guusv/Documents/Semester 5/Wildlife/wildrapport/test/widgets/animal_list_table_test.dart: AnimalListTable Widget Tests should display animal name                                 
00:20 +484: C:/Users/Guusv/Documents/Semester 5/Wildlife/wildrapport/test/widgets/animal_list_table_test.dart: AnimalListTable Widget Tests should display animal name                                 
00:20 +485: C:/Users/Guusv/Documents/Semester 5/Wildlife/wildrapport/test/widgets/animal_list_table_test.dart: AnimalListTable Widget Tests should display animal name                                 
00:20 +486: C:/Users/Guusv/Documents/Semester 5/Wildlife/wildrapport/test/widgets/animal_list_table_test.dart: AnimalListTable Widget Tests should display animal name                                 
00:20 +487: C:/Users/Guusv/Documents/Semester 5/Wildlife/wildrapport/test/widgets/animal_list_table_test.dart: AnimalListTable Widget Tests should display animal name                                 
00:20 +488: C:/Users/Guusv/Documents/Semester 5/Wildlife/wildrapport/test/widgets/animal_list_table_test.dart: AnimalListTable Widget Tests should display animal name                                 
00:20 +489: C:/Users/Guusv/Documents/Semester 5/Wildlife/wildrapport/test/widgets/animal_list_table_test.dart: AnimalListTable Widget Tests should display animal name                                 
00:20 +490: C:/Users/Guusv/Documents/Semester 5/Wildlife/wildrapport/test/widgets/animal_list_table_test.dart: AnimalListTable Widget Tests should display animal name                                 
00:20 +491: C:/Users/Guusv/Documents/Semester 5/Wildlife/wildrapport/test/widgets/animal_list_table_test.dart: AnimalListTable Widget Tests should display animal name                                 
00:20 +492: C:/Users/Guusv/Documents/Semester 5/Wildlife/wildrapport/test/widgets/animal_list_table_test.dart: AnimalListTable Widget Tests should display animal name                                 
00:20 +493: C:/Users/Guusv/Documents/Semester 5/Wildlife/wildrapport/test/widgets/animal_list_table_test.dart: AnimalListTable Widget Tests should display animal name                                 
00:20 +494: C:/Users/Guusv/Documents/Semester 5/Wildlife/wildrapport/test/widgets/animal_list_table_test.dart: AnimalListTable Widget Tests should display animal name                                 
00:20 +495: C:/Users/Guusv/Documents/Semester 5/Wildlife/wildrapport/test/widgets/animal_list_table_test.dart: AnimalListTable Widget Tests should display animal name                                 
00:20 +496: C:/Users/Guusv/Documents/Semester 5/Wildlife/wildrapport/test/widgets/animal_list_table_test.dart: AnimalListTable Widget Tests should display animal name                                 
00:20 +497: C:/Users/Guusv/Documents/Semester 5/Wildlife/wildrapport/test/widgets/animal_list_table_test.dart: AnimalListTable Widget Tests should display animal name                                 
00:20 +498: C:/Users/Guusv/Documents/Semester 5/Wildlife/wildrapport/test/widgets/animal_list_table_test.dart: AnimalListTable Widget Tests should display animal name                                 
00:20 +499: C:/Users/Guusv/Documents/Semester 5/Wildlife/wildrapport/test/widgets/animal_list_table_test.dart: AnimalListTable Widget Tests should display animal name                                 
00:20 +500: C:/Users/Guusv/Documents/Semester 5/Wildlife/wildrapport/test/widgets/animal_list_table_test.dart: AnimalListTable Widget Tests should display animal name                                 
00:20 +501: C:/Users/Guusv/Documents/Semester 5/Wildlife/wildrapport/test/widgets/animal_list_table_test.dart: AnimalListTable Widget Tests should display animal name                                 
00:20 +502: C:/Users/Guusv/Documents/Semester 5/Wildlife/wildrapport/test/widgets/animal_list_table_test.dart: AnimalListTable Widget Tests should display animal name                                 
00:20 +503: C:/Users/Guusv/Documents/Semester 5/Wildlife/wildrapport/test/widgets/animal_list_table_test.dart: AnimalListTable Widget Tests should display animal name                                 
00:20 +504: C:/Users/Guusv/Documents/Semester 5/Wildlife/wildrapport/test/widgets/animal_list_table_test.dart: AnimalListTable Widget Tests should display animal name                                 
00:20 +505: C:/Users/Guusv/Documents/Semester 5/Wildlife/wildrapport/test/widgets/animal_list_table_test.dart: AnimalListTable Widget Tests should display animal name                                 
00:20 +506: C:/Users/Guusv/Documents/Semester 5/Wildlife/wildrapport/test/widgets/animal_list_table_test.dart: AnimalListTable Widget Tests should display animal name                                 
00:21 +506: C:/Users/Guusv/Documents/Semester 5/Wildlife/wildrapport/test/widgets/animal_list_table_test.dart: AnimalListTable Widget Tests should display animal name                                 
00:21 +506: C:/Users/Guusv/Documents/Semester 5/Wildlife/wildrapport/test/widgets/animal_list_table_test.dart: AnimalListTable Widget Tests should display animal name                                 
AnimalListTable - initState
_getCountForAgeAndGender: Total count for Age: pasGeboren, Gender: vrouwelijk = 0 (from 1 animals)
_getCurrentCount for pasGeboren_vrouwelijk (view mode): 0
Building cell for Age: pasGeboren, Gender: vrouwelijk, Count: 0, IsEditing: false
_getCountForAgeAndGender: Total count for Age: pasGeboren, Gender: mannelijk = 0 (from 1 animals)
_getCurrentCount for pasGeboren_mannelijk (view mode): 0
Building cell for Age: pasGeboren, Gender: mannelijk, Count: 0, IsEditing: false
_getCountForAgeAndGender: Total count for Age: pasGeboren, Gender: onbekend = 0 (from 1 animals)
_getCurrentCount for pasGeboren_onbekend (view mode): 0
Building cell for Age: pasGeboren, Gender: onbekend, Count: 0, IsEditing: false
_getCountForAgeAndGender: Total count for Age: onvolwassen, Gender: vrouwelijk = 0 (from 1 animals)
_getCurrentCount for onvolwassen_vrouwelijk (view mode): 0
Building cell for Age: onvolwassen, Gender: vrouwelijk, Count: 0, IsEditing: false
_getCountForAgeAndGender: Total count for Age: onvolwassen, Gender: mannelijk = 1 (from 1 animals)
_getCurrentCount for onvolwassen_mannelijk (view mode): 1
Building cell for Age: onvolwassen, Gender: mannelijk, Count: 1, IsEditing: false
_getCountForAgeAndGender: Total count for Age: onvolwassen, Gender: onbekend = 0 (from 1 animals)
_getCurrentCount for onvolwassen_onbekend (view mode): 0
Building cell for Age: onvolwassen, Gender: onbekend, Count: 0, IsEditing: false
_getCountForAgeAndGender: Total count for Age: volwassen, Gender: vrouwelijk = 1 (from 1 animals)
_getCurrentCount for volwassen_vrouwelijk (view mode): 1
Building cell for Age: volwassen, Gender: vrouwelijk, Count: 1, IsEditing: false
_getCountForAgeAndGender: Total count for Age: volwassen, Gender: mannelijk = 2 (from 1 animals)
_getCurrentCount for volwassen_mannelijk (view mode): 2
Building cell for Age: volwassen, Gender: mannelijk, Count: 2, IsEditing: false
_getCountForAgeAndGender: Total count for Age: volwassen, Gender: onbekend = 0 (from 1 animals)
_getCurrentCount for volwassen_onbekend (view mode): 0
Building cell for Age: volwassen, Gender: onbekend, Count: 0, IsEditing: false
_getCountForAgeAndGender: Total count for Age: onbekend, Gender: vrouwelijk = 0 (from 1 animals)
_getCurrentCount for onbekend_vrouwelijk (view mode): 0
Building cell for Age: onbekend, Gender: vrouwelijk, Count: 0, IsEditing: false
_getCountForAgeAndGender: Total count for Age: onbekend, Gender: mannelijk = 0 (from 1 animals)
_getCurrentCount for onbekend_mannelijk (view mode): 0
Building cell for Age: onbekend, Gender: mannelijk, Count: 0, IsEditing: false
_getCountForAgeAndGender: Total count for Age: onbekend, Gender: onbekend = 0 (from 1 animals)
_getCurrentCount for onbekend_onbekend (view mode): 0
Building cell for Age: onbekend, Gender: onbekend, Count: 0, IsEditing: false
Adding listener to animalSightingManager

00:21 +507: C:/Users/Guusv/Documents/Semester 5/Wildlife/wildrapport/test/widgets/custom_nav_bar_test.dart: CustomNavBar renders all navigation labels                                                 
00:21 +508: C:/Users/Guusv/Documents/Semester 5/Wildlife/wildrapport/test/widgets/custom_nav_bar_test.dart: CustomNavBar renders all navigation labels                                                 
00:21 +508: C:/Users/Guusv/Documents/Semester 5/Wildlife/wildrapport/test/widgets/animal_list_table_test.dart: AnimalListTable Widget Tests should display correct count totals                        
AnimalListTable - initState
_getCountForAgeAndGender: Total count for Age: pasGeboren, Gender: vrouwelijk = 0 (from 1 animals)
_getCurrentCount for pasGeboren_vrouwelijk (view mode): 0
Building cell for Age: pasGeboren, Gender: vrouwelijk, Count: 0, IsEditing: false
_getCountForAgeAndGender: Total count for Age: pasGeboren, Gender: mannelijk = 0 (from 1 animals)
_getCurrentCount for pasGeboren_mannelijk (view mode): 0
Building cell for Age: pasGeboren, Gender: mannelijk, Count: 0, IsEditing: false
_getCountForAgeAndGender: Total count for Age: pasGeboren, Gender: onbekend = 0 (from 1 animals)
_getCurrentCount for pasGeboren_onbekend (view mode): 0
Building cell for Age: pasGeboren, Gender: onbekend, Count: 0, IsEditing: false
_getCountForAgeAndGender: Total count for Age: onvolwassen, Gender: vrouwelijk = 0 (from 1 animals)
_getCurrentCount for onvolwassen_vrouwelijk (view mode): 0
Building cell for Age: onvolwassen, Gender: vrouwelijk, Count: 0, IsEditing: false
_getCountForAgeAndGender: Total count for Age: onvolwassen, Gender: mannelijk = 1 (from 1 animals)
_getCurrentCount for onvolwassen_mannelijk (view mode): 1
Building cell for Age: onvolwassen, Gender: mannelijk, Count: 1, IsEditing: false
_getCountForAgeAndGender: Total count for Age: onvolwassen, Gender: onbekend = 0 (from 1 animals)
_getCurrentCount for onvolwassen_onbekend (view mode): 0
Building cell for Age: onvolwassen, Gender: onbekend, Count: 0, IsEditing: false
_getCountForAgeAndGender: Total count for Age: volwassen, Gender: vrouwelijk = 1 (from 1 animals)
_getCurrentCount for volwassen_vrouwelijk (view mode): 1
Building cell for Age: volwassen, Gender: vrouwelijk, Count: 1, IsEditing: false
_getCountForAgeAndGender: Total count for Age: volwassen, Gender: mannelijk = 2 (from 1 animals)
_getCurrentCount for volwassen_mannelijk (view mode): 2
Building cell for Age: volwassen, Gender: mannelijk, Count: 2, IsEditing: false
_getCountForAgeAndGender: Total count for Age: volwassen, Gender: onbekend = 0 (from 1 animals)
_getCurrentCount for volwassen_onbekend (view mode): 0
Building cell for Age: volwassen, Gender: onbekend, Count: 0, IsEditing: false
_getCountForAgeAndGender: Total count for Age: onbekend, Gender: vrouwelijk = 0 (from 1 animals)
_getCurrentCount for onbekend_vrouwelijk (view mode): 0
Building cell for Age: onbekend, Gender: vrouwelijk, Count: 0, IsEditing: false
_getCountForAgeAndGender: Total count for Age: onbekend, Gender: mannelijk = 0 (from 1 animals)
_getCurrentCount for onbekend_mannelijk (view mode): 0
Building cell for Age: onbekend, Gender: mannelijk, Count: 0, IsEditing: false
_getCountForAgeAndGender: Total count for Age: onbekend, Gender: onbekend = 0 (from 1 animals)
_getCurrentCount for onbekend_onbekend (view mode): 0
Building cell for Age: onbekend, Gender: onbekend, Count: 0, IsEditing: false
Adding listener to animalSightingManager

00:21 +509: C:/Users/Guusv/Documents/Semester 5/Wildlife/wildrapport/test/widgets/custom_nav_bar_test.dart: CustomNavBar renders all navigation labels                                                 
00:21 +510: C:/Users/Guusv/Documents/Semester 5/Wildlife/wildrapport/test/widgets/custom_nav_bar_test.dart: CustomNavBar renders all navigation labels                                                 
00:21 +510: C:/Users/Guusv/Documents/Semester 5/Wildlife/wildrapport/test/widgets/animal_list_table_test.dart: AnimalListTable Widget Tests should allow editing counts                                
AnimalListTable - initState
_getCountForAgeAndGender: Total count for Age: pasGeboren, Gender: vrouwelijk = 0 (from 1 animals)
_getCurrentCount for pasGeboren_vrouwelijk (view mode): 0
Building cell for Age: pasGeboren, Gender: vrouwelijk, Count: 0, IsEditing: false
_getCountForAgeAndGender: Total count for Age: pasGeboren, Gender: mannelijk = 0 (from 1 animals)
_getCurrentCount for pasGeboren_mannelijk (view mode): 0
Building cell for Age: pasGeboren, Gender: mannelijk, Count: 0, IsEditing: false
_getCountForAgeAndGender: Total count for Age: pasGeboren, Gender: onbekend = 0 (from 1 animals)
_getCurrentCount for pasGeboren_onbekend (view mode): 0
Building cell for Age: pasGeboren, Gender: onbekend, Count: 0, IsEditing: false
_getCountForAgeAndGender: Total count for Age: onvolwassen, Gender: vrouwelijk = 0 (from 1 animals)
_getCurrentCount for onvolwassen_vrouwelijk (view mode): 0
Building cell for Age: onvolwassen, Gender: vrouwelijk, Count: 0, IsEditing: false
_getCountForAgeAndGender: Total count for Age: onvolwassen, Gender: mannelijk = 1 (from 1 animals)
_getCurrentCount for onvolwassen_mannelijk (view mode): 1
Building cell for Age: onvolwassen, Gender: mannelijk, Count: 1, IsEditing: false
_getCountForAgeAndGender: Total count for Age: onvolwassen, Gender: onbekend = 0 (from 1 animals)
_getCurrentCount for onvolwassen_onbekend (view mode): 0
Building cell for Age: onvolwassen, Gender: onbekend, Count: 0, IsEditing: false
_getCountForAgeAndGender: Total count for Age: volwassen, Gender: vrouwelijk = 1 (from 1 animals)
_getCurrentCount for volwassen_vrouwelijk (view mode): 1
Building cell for Age: volwassen, Gender: vrouwelijk, Count: 1, IsEditing: false
_getCountForAgeAndGender: Total count for Age: volwassen, Gender: mannelijk = 2 (from 1 animals)
_getCurrentCount for volwassen_mannelijk (view mode): 2
Building cell for Age: volwassen, Gender: mannelijk, Count: 2, IsEditing: false
_getCountForAgeAndGender: Total count for Age: volwassen, Gender: onbekend = 0 (from 1 animals)
_getCurrentCount for volwassen_onbekend (view mode): 0
Building cell for Age: volwassen, Gender: onbekend, Count: 0, IsEditing: false
_getCountForAgeAndGender: Total count for Age: onbekend, Gender: vrouwelijk = 0 (from 1 animals)
_getCurrentCount for onbekend_vrouwelijk (view mode): 0
Building cell for Age: onbekend, Gender: vrouwelijk, Count: 0, IsEditing: false
_getCountForAgeAndGender: Total count for Age: onbekend, Gender: mannelijk = 0 (from 1 animals)
_getCurrentCount for onbekend_mannelijk (view mode): 0
Building cell for Age: onbekend, Gender: mannelijk, Count: 0, IsEditing: false
_getCountForAgeAndGender: Total count for Age: onbekend, Gender: onbekend = 0 (from 1 animals)
_getCurrentCount for onbekend_onbekend (view mode): 0
Building cell for Age: onbekend, Gender: onbekend, Count: 0, IsEditing: false
Adding listener to animalSightingManager

00:21 +511: C:/Users/Guusv/Documents/Semester 5/Wildlife/wildrapport/test/widgets/custom_nav_bar_test.dart: CustomNavBar renders all navigation labels                                                 
00:21 +512: C:/Users/Guusv/Documents/Semester 5/Wildlife/wildrapport/test/widgets/error_overlay_test.dart: ErrorOverlay Widget Tests should display error message                                      
00:21 +513: C:/Users/Guusv/Documents/Semester 5/Wildlife/wildrapport/test/widgets/error_overlay_test.dart: ErrorOverlay Widget Tests should display error message                                      
00:21 +513: C:/Users/Guusv/Documents/Semester 5/Wildlife/wildrapport/test/widgets/animal_list_table_test.dart: AnimalListTable Widget Tests should handle empty animal list                            
AnimalListTable - initState
_getCountForAgeAndGender: No animals in sighting
_getCurrentCount for pasGeboren_vrouwelijk (view mode): 0
Building cell for Age: pasGeboren, Gender: vrouwelijk, Count: 0, IsEditing: false
_getCountForAgeAndGender: No animals in sighting
_getCurrentCount for pasGeboren_mannelijk (view mode): 0
Building cell for Age: pasGeboren, Gender: mannelijk, Count: 0, IsEditing: false
_getCountForAgeAndGender: No animals in sighting
_getCurrentCount for pasGeboren_onbekend (view mode): 0
Building cell for Age: pasGeboren, Gender: onbekend, Count: 0, IsEditing: false
_getCountForAgeAndGender: No animals in sighting
_getCurrentCount for onvolwassen_vrouwelijk (view mode): 0
Building cell for Age: onvolwassen, Gender: vrouwelijk, Count: 0, IsEditing: false
_getCountForAgeAndGender: No animals in sighting
_getCurrentCount for onvolwassen_mannelijk (view mode): 0
Building cell for Age: onvolwassen, Gender: mannelijk, Count: 0, IsEditing: false
_getCountForAgeAndGender: No animals in sighting
_getCurrentCount for onvolwassen_onbekend (view mode): 0
Building cell for Age: onvolwassen, Gender: onbekend, Count: 0, IsEditing: false
_getCountForAgeAndGender: No animals in sighting
_getCurrentCount for volwassen_vrouwelijk (view mode): 0
Building cell for Age: volwassen, Gender: vrouwelijk, Count: 0, IsEditing: false
_getCountForAgeAndGender: No animals in sighting
_getCurrentCount for volwassen_mannelijk (view mode): 0
Building cell for Age: volwassen, Gender: mannelijk, Count: 0, IsEditing: false
_getCountForAgeAndGender: No animals in sighting
_getCurrentCount for volwassen_onbekend (view mode): 0
Building cell for Age: volwassen, Gender: onbekend, Count: 0, IsEditing: false
_getCountForAgeAndGender: No animals in sighting
_getCurrentCount for onbekend_vrouwelijk (view mode): 0
Building cell for Age: onbekend, Gender: vrouwelijk, Count: 0, IsEditing: false
_getCountForAgeAndGender: No animals in sighting
_getCurrentCount for onbekend_mannelijk (view mode): 0
Building cell for Age: onbekend, Gender: mannelijk, Count: 0, IsEditing: false
_getCountForAgeAndGender: No animals in sighting
_getCurrentCount for onbekend_onbekend (view mode): 0
Building cell for Age: onbekend, Gender: onbekend, Count: 0, IsEditing: false
Adding listener to animalSightingManager

00:21 +514: C:/Users/Guusv/Documents/Semester 5/Wildlife/wildrapport/test/widgets/error_overlay_test.dart: ErrorOverlay Widget Tests should display error message                                      
00:21 +515: C:/Users/Guusv/Documents/Semester 5/Wildlife/wildrapport/test/widgets/error_overlay_test.dart: ErrorOverlay Widget Tests should display error message                                      
00:21 +516: C:/Users/Guusv/Documents/Semester 5/Wildlife/wildrapport/test/widgets/custom_nav_bar_test.dart: CustomNavBar calls callback when center button tapped                                      
00:21 +517: C:/Users/Guusv/Documents/Semester 5/Wildlife/wildrapport/test/widgets/error_overlay_test.dart: ErrorOverlay Widget Tests should show retry button when onRetry is provided                 
00:21 +518: C:/Users/Guusv/Documents/Semester 5/Wildlife/wildrapport/test/widgets/custom_nav_bar_test.dart: NavBarCurvePainter shouldRepaint reacts to meaningful changes                              
00:21 +519: C:/Users/Guusv/Documents/Semester 5/Wildlife/wildrapport/test/widgets/custom_nav_bar_test.dart: NavBarCurvePainter shouldRepaint reacts to meaningful changes                              
00:21 +519: C:/Users/Guusv/Documents/Semester 5/Wildlife/wildrapport/test/widgets/error_overlay_test.dart: ErrorOverlay Widget Tests should not show retry button when onRetry is null                 
00:21 +520: C:/Users/Guusv/Documents/Semester 5/Wildlife/wildrapport/test/widgets/error_overlay_test.dart: ErrorOverlay Widget Tests should not show retry button when onRetry is null                 
00:21 +520: All tests passed!                                                                                                                                                                          
